[?1h=
  ___  ____  ____  ____  ____ (R)
 /__    /   ____/   /   ____/
___/   /   /___/   /   /___/   15.0   Copyright 1985-2017 StataCorp LLC
  Statistics/Data Analysis            StataCorp
                                      4905 Lakeway Drive
     MP - Parallel Edition            College Station, Texas 77845 USA
                                      800-STATA-PC        http://www.stata.com
                                      979-696-4600        stata@stata.com
                                      979-696-4601 (fax)

5-user 12-core Stata network perpetual license:
       Serial number:  501506228592
         Licensed to:  Population Studies & Training Center
                       Brown University

Notes:
      1.  Unicode is supported; see help unicode_advice.
      2.  More than 2 billion observations are allowed; see help obs_advice.
      3.  Maximum number of variables is set to 5000; see help set_maxvar.

. do "cats-discrete-choice-models.do" 

. * Code for running all discrete choice models
. 
. 
. log using "cats-discrete-choice-models.log", replace
(note: file /home/bbellman/census-linking/Stata/cats-discrete-choice-models.log
>  not found)
-------------------------------------------------------------------------------
      name:  <unnamed>
       log:  /home/bbellman/census-linking/Stata/cats-discrete-choice-models.lo
> g
  log type:  text
 opened on:   1 Aug 2019, 15:10:49

. 
. **********
. 
. 
. *** Black sample, 1910-1920 movers
. 
. * load observed data
. import delim using "/home/bbellman/census-linking/data/for_models/phl_discret
> e_choice_black_20-cats.csv", clear
(80 vars, 453,325 obs)

. duplicates drop

Duplicates in terms of all variables

(4,219 observations deleted)

. 
. * run conditional logit model
. clogit choice dest_ed_pct_black dest_ed_pct_black_sq sei_pblack_ed sei_pblack
> _ed_sq bla1_cat2_pblack_ed bla1_cat2_pblack_ed_sq bla1_cat3_pblack_ed bla1_ca
> t3_pblack_ed_sq sei_bla1_cat2_pblack_ed sei_bla1_cat2_pblack_ed_sq sei_bla1_c
> at3_pblack_ed sei_bla1_cat3_pblack_ed_sq dest_ed_pct_frnbrn dest_ed_pct_frnbr
> n_sq sei_pfrnbrn_ed sei_pfrnbrn_ed_sq imm1_cat2_pfrnbrn_ed imm1_cat2_pfrnbrn_
> ed_sq imm1_cat3_pfrnbrn_ed imm1_cat3_pfrnbrn_ed_sq sei_imm1_cat2_pfrnbrn_ed s
> ei_imm1_cat2_pfrnbrn_ed_sq sei_imm1_cat3_pfrnbrn_ed sei_imm1_cat3_pfrnbrn_ed_
> sq dest_ed_mean_sei dest_ed_mean_sei_sq sei_msei_ed sei_msei_ed_sq sei1_cat2_
> msei_ed sei1_cat2_msei_ed_sq sei1_cat3_msei_ed sei1_cat3_msei_ed_sq sei_sei1_
> cat2_msei_ed sei_sei1_cat2_msei_ed_sq sei_sei1_cat3_msei_ed sei_sei1_cat3_mse
> i_ed_sq dist dist_sq sei_dist sei_dist_sq bla1_cat2_dist bla1_cat2_dist_sq bl
> a1_cat3_dist bla1_cat3_dist_sq imm1_cat2_dist imm1_cat2_dist_sq imm1_cat3_dis
> t imm1_cat3_dist_sq sei1_cat2_dist sei1_cat2_dist_sq sei1_cat3_dist sei1_cat3
> _dist_sq sei_bla1_cat2_dist sei_bla1_cat2_dist_sq sei_bla1_cat3_dist sei_bla1
> _cat3_dist_sq sei_imm1_cat2_dist sei_imm1_cat2_dist_sq sei_imm1_cat3_dist sei
> _imm1_cat3_dist_sq sei_sei1_cat2_dist sei_sei1_cat2_dist_sq sei_sei1_cat3_dis
> t sei_sei1_cat3_dist_sq, group(serial1)

Iteration 0:   log likelihood = -8062.9204  
Iteration 1:   log likelihood = -7981.7691  
Iteration 2:   log likelihood =  -7979.793  
Iteration 3:   log likelihood = -7979.5932  
Iteration 4:   log likelihood = -7979.5113  
Iteration 5:   log likelihood = -7979.5104  
Iteration 6:   log likelihood = -7979.5104  

Conditional (fixed-effects) logistic regression

                                                Number of obs     =    449,106
                                                LR chi2(57)       =    9541.99
                                                Prob > chi2       =     0.0000
Log likelihood = -7979.5104                     Pseudo R2         =     0.3742

------------------------------------------------------------------------------
      choice |      Coef.   Std. Err.      z    P>|z|     [95% Conf. Interval]
-------------+----------------------------------------------------------------
dest_ed_pc~k |   .0919791   .0255802     3.60   0.000     .0418428    .1421153
dest_ed~k_sq |  -.0008827   .0003749    -2.35   0.019    -.0016175   -.0001479
sei_pblack~d |   2.64e-07   .0006696     0.00   1.000    -.0013122    .0013127
sei_pblack~q |  -3.61e-06   .0000105    -0.34   0.731    -.0000242     .000017
bla1_cat2_~d |   .0255972   .0268537     0.95   0.340     -.027035    .0782294
bla1_cat2_.. |  -.0003424   .0003924    -0.87   0.383    -.0011115    .0004266
bla1_cat3_~d |   .0024609   .0260906     0.09   0.925    -.0486758    .0535975
bla1_cat3_.. |   .0000817   .0003795     0.22   0.830    -.0006621    .0008254
sei_bla1_c.. |  -.0005501   .0007161    -0.77   0.442    -.0019536    .0008533
sei_bla1_c.. |   9.43e-06   .0000112     0.84   0.398    -.0000125    .0000313
sei_bla1_c.. |  -.0000297   .0006954    -0.04   0.966    -.0013927    .0013334
sei_bla1_c.. |   2.84e-06   .0000107     0.26   0.791    -.0000182    .0000239
dest_ed_pc~n |  -.0281481   .0247352    -1.14   0.255    -.0766282    .0203319
dest_ed~n_sq |  -.0005349   .0005692    -0.94   0.347    -.0016505    .0005806
sei_pfrnbr~d |  -.0011911   .0008152    -1.46   0.144     -.002789    .0004067
sei_pfrnbr~q |   .0000204   .0000183     1.12   0.264    -.0000154    .0000563
imm1_cat2_~d |   .0395638   .0327926     1.21   0.228    -.0247085     .103836
imm1_cat2_.. |  -.0007345    .000771    -0.95   0.341    -.0022456    .0007767
imm1_cat3_~d |  -.0067762   .0408569    -0.17   0.868    -.0868542    .0733018
imm1_cat3_.. |   .0008503   .0008298     1.02   0.306    -.0007762    .0024768
sei_imm1_c.. |   .0002547   .0010868     0.23   0.815    -.0018755    .0023848
sei_imm1_c.. |  -2.34e-06   .0000248    -0.09   0.925     -.000051    .0000463
sei_imm1_c.. |   .0024085    .001411     1.71   0.088    -.0003571     .005174
sei_imm1_c.. |  -.0000405   .0000282    -1.44   0.150    -.0000957    .0000147
dest_ed_me~i |  -.0290075   .1599672    -0.18   0.856    -.3425375    .2845225
dest_ed_me~q |  -.0023267   .0080073    -0.29   0.771    -.0180208    .0133674
 sei_msei_ed |   .0018392   .0076847     0.24   0.811    -.0132225    .0169009
sei_msei_e~q |  -.0001556   .0003881    -0.40   0.689    -.0009163    .0006051
sei1_cat2_~d |   .2024996   .1743847     1.16   0.246    -.1392881    .5442874
sei1_cat2_.. |  -.0084961   .0086113    -0.99   0.324    -.0253738    .0083817
sei1_cat3_~d |   .1546829   .1905617     0.81   0.417    -.2188112     .528177
sei1_cat3_.. |  -.0026608   .0090211    -0.29   0.768    -.0203417    .0150202
sei_sei1_c.. |  -.0014137   .0080711    -0.18   0.861    -.0172328    .0144054
sei_sei1_c.. |   .0001706   .0004032     0.42   0.672    -.0006196    .0009609
sei_sei1_c.. |   .0051974   .0085488     0.61   0.543    -.0115581    .0219528
sei_sei1_c.. |  -.0000624   .0004148    -0.15   0.880    -.0008753    .0007506
        dist |  -.0004299   .0001695    -2.54   0.011    -.0007621   -.0000976
     dist_sq |   8.26e-09   8.89e-09     0.93   0.353    -9.17e-09    2.57e-08
    sei_dist |   9.07e-07   5.26e-06     0.17   0.863    -9.39e-06    .0000112
 sei_dist_sq |  -4.24e-11   2.72e-10    -0.16   0.876    -5.76e-10    4.92e-10
bla1_cat2_~t |  -.0005735   .0001422    -4.03   0.000    -.0008523   -.0002948
bl~2_dist_sq |   1.89e-08   7.46e-09     2.54   0.011     4.32e-09    3.36e-08
bla1_cat3_~t |  -.0003519   .0001406    -2.50   0.012    -.0006275   -.0000763
bl~3_dist_sq |   1.18e-08   7.29e-09     1.62   0.104    -2.45e-09    2.61e-08
imm1_cat2_~t |   .0000678   .0000567     1.20   0.232    -.0000433     .000179
im~2_dist_sq |  -3.97e-09   3.11e-09    -1.28   0.202    -1.01e-08    2.12e-09
imm1_cat3_~t |    .000081   .0000909     0.89   0.373    -.0000971    .0002591
im~3_dist_sq |  -8.89e-10   5.14e-09    -0.17   0.863    -1.10e-08    9.18e-09
sei1_cat2_~t |  -.0000967   .0000993    -0.97   0.330    -.0002913    .0000979
sei1_cat2_.. |   1.05e-08   5.18e-09     2.03   0.042     3.57e-10    2.07e-08
sei1_cat3_~t |  -.0001948   .0001092    -1.78   0.075    -.0004088    .0000193
sei1_cat3_.. |   1.97e-08   5.73e-09     3.44   0.001     8.46e-09    3.09e-08
sei_b~2_dist |   3.73e-06   3.66e-06     1.02   0.309    -3.45e-06    .0000109
sei_bla1_c.. |  -1.29e-10   2.03e-10    -0.64   0.523    -5.27e-10    2.68e-10
sei_b~3_dist |  -7.87e-07   3.69e-06    -0.21   0.831    -8.02e-06    6.44e-06
sei_bla1_c.. |   5.86e-11   1.98e-10     0.30   0.767    -3.29e-10    4.46e-10
sei_i~2_dist |   3.49e-07   1.92e-06     0.18   0.855    -3.41e-06    4.11e-06
sei_imm1_c.. |   8.38e-11   1.19e-10     0.70   0.481    -1.49e-10    3.17e-10
sei_i~3_dist |  -2.43e-06   3.09e-06    -0.79   0.432    -8.49e-06    3.63e-06
sei_imm1_c.. |   1.55e-10   1.76e-10     0.88   0.379    -1.90e-10    5.00e-10
sei_s~2_dist |  -5.69e-07   3.83e-06    -0.15   0.882    -8.08e-06    6.95e-06
sei_sei1_c.. |  -2.75e-11   1.83e-10    -0.15   0.881    -3.87e-10    3.32e-10
sei_s~3_dist |   3.04e-06   4.01e-06     0.76   0.448    -4.82e-06    .0000109
sei_sei1_c.. |  -1.48e-10   2.04e-10    -0.73   0.468    -5.47e-10    2.51e-10
------------------------------------------------------------------------------

. clogit, or

Conditional (fixed-effects) logistic regression

                                                Number of obs     =    449,106
                                                LR chi2(57)       =    9541.99
                                                Prob > chi2       =     0.0000
Log likelihood = -7979.5104                     Pseudo R2         =     0.3742

------------------------------------------------------------------------------
      choice | Odds Ratio   Std. Err.      z    P>|z|     [95% Conf. Interval]
-------------+----------------------------------------------------------------
dest_ed_pc~k |   1.096342   .0280446     3.60   0.000     1.042731     1.15271
dest_ed~k_sq |   .9991177   .0003746    -2.35   0.019     .9983838    .9998521
sei_pblack~d |          1   .0006696     0.00   1.000     .9986886    1.001314
sei_pblack~q |   .9999964   .0000105    -0.34   0.731     .9999758    1.000017
bla1_cat2_~d |   1.025928   .0275499     0.95   0.340     .9733272    1.081371
bla1_cat2_.. |   .9996576   .0003922    -0.87   0.383     .9988891    1.000427
bla1_cat3_~d |   1.002464   .0261549     0.09   0.925     .9524899     1.05506
bla1_cat3_.. |   1.000082   .0003795     0.22   0.830     .9993381    1.000826
sei_bla1_c.. |     .99945   .0007157    -0.77   0.442     .9980483    1.000854
sei_bla1_c.. |   1.000009   .0000112     0.84   0.398     .9999875    1.000031
sei_bla1_c.. |   .9999703   .0006954    -0.04   0.966     .9986082    1.001334
sei_bla1_c.. |   1.000003   .0000107     0.26   0.791     .9999818    1.000024
dest_ed_pc~n |   .9722443   .0240486    -1.14   0.255     .9262342     1.02054
dest_ed~n_sq |   .9994652   .0005689    -0.94   0.347     .9983509    1.000581
sei_pfrnbr~d |   .9988096   .0008143    -1.46   0.144     .9972149    1.000407
sei_pfrnbr~q |    1.00002   .0000183     1.12   0.264     .9999846    1.000056
imm1_cat2_~d |   1.040357    .034116     1.21   0.228     .9755943    1.109419
imm1_cat2_.. |   .9992658   .0007705    -0.95   0.341     .9977569    1.000777
imm1_cat3_~d |   .9932467    .040581    -0.17   0.868     .9168108    1.076055
imm1_cat3_.. |   1.000851   .0008306     1.02   0.306     .9992241     1.00248
sei_imm1_c.. |   1.000255   .0010871     0.23   0.815     .9981263    1.002388
sei_imm1_c.. |   .9999977   .0000248    -0.09   0.925      .999949    1.000046
sei_imm1_c.. |   1.002411   .0014144     1.71   0.088      .999643    1.005187
sei_imm1_c.. |   .9999595   .0000281    -1.44   0.150     .9999043    1.000015
dest_ed_me~i |   .9714092   .1553936    -0.18   0.856     .7099665    1.329127
dest_ed_me~q |    .997676   .0079887    -0.29   0.771     .9821406    1.013457
 sei_msei_ed |   1.001841   .0076988     0.24   0.811     .9868645    1.017045
sei_msei_e~q |   .9998444   .0003881    -0.40   0.689     .9990841    1.000605
sei1_cat2_~d |    1.22446    .213527     1.16   0.246     .8699773     1.72338
sei1_cat2_.. |   .9915399   .0085384    -0.99   0.324     .9749454    1.008417
sei1_cat3_~d |   1.167288   .2224404     0.81   0.417     .8034734    1.695838
sei1_cat3_.. |   .9973428   .0089971    -0.29   0.768     .9798638    1.015134
sei_sei1_c.. |   .9985873   .0080597    -0.18   0.861     .9829148     1.01451
sei_sei1_c.. |   1.000171   .0004032     0.42   0.672     .9993806    1.000961
sei_sei1_c.. |   1.005211   .0085934     0.61   0.543     .9885085    1.022196
sei_sei1_c.. |   .9999376   .0004148    -0.15   0.880      .999125    1.000751
        dist |   .9995702   .0001694    -2.54   0.011     .9992382    .9999024
     dist_sq |          1   8.89e-09     0.93   0.353            1           1
    sei_dist |   1.000001   5.26e-06     0.17   0.863     .9999906    1.000011
 sei_dist_sq |          1   2.72e-10    -0.16   0.876            1           1
bla1_cat2_~t |   .9994266   .0001422    -4.03   0.000      .999148    .9997053
bl~2_dist_sq |          1   7.46e-09     2.54   0.011            1           1
bla1_cat3_~t |   .9996482   .0001406    -2.50   0.012     .9993727    .9999237
bl~3_dist_sq |          1   7.29e-09     1.62   0.104            1           1
imm1_cat2_~t |   1.000068   .0000567     1.20   0.232     .9999567    1.000179
im~2_dist_sq |          1   3.11e-09    -1.28   0.202            1           1
imm1_cat3_~t |   1.000081   .0000909     0.89   0.373     .9999029    1.000259
im~3_dist_sq |          1   5.14e-09    -0.17   0.863            1           1
sei1_cat2_~t |   .9999033   .0000993    -0.97   0.330     .9997087    1.000098
sei1_cat2_.. |          1   5.18e-09     2.03   0.042            1           1
sei1_cat3_~t |   .9998053   .0001092    -1.78   0.075     .9995913    1.000019
sei1_cat3_.. |          1   5.73e-09     3.44   0.001            1           1
sei_b~2_dist |   1.000004   3.66e-06     1.02   0.309     .9999966    1.000011
sei_bla1_c.. |          1   2.03e-10    -0.64   0.523            1           1
sei_b~3_dist |   .9999992   3.69e-06    -0.21   0.831      .999992    1.000006
sei_bla1_c.. |          1   1.98e-10     0.30   0.767            1           1
sei_i~2_dist |          1   1.92e-06     0.18   0.855     .9999966    1.000004
sei_imm1_c.. |          1   1.19e-10     0.70   0.481            1           1
sei_i~3_dist |   .9999976   3.09e-06    -0.79   0.432     .9999915    1.000004
sei_imm1_c.. |          1   1.76e-10     0.88   0.379            1           1
sei_s~2_dist |   .9999994   3.83e-06    -0.15   0.882     .9999919    1.000007
sei_sei1_c.. |          1   1.83e-10    -0.15   0.881            1           1
sei_s~3_dist |   1.000003   4.01e-06     0.76   0.448     .9999952    1.000011
sei_sei1_c.. |          1   2.04e-10    -0.73   0.468            1           1
------------------------------------------------------------------------------

. 
. * generate predicted probabilities of household destination choices
. predict phat
(option pc1 assumed; probability of success given one success within group)

. 
. * save data with predictions
. export delim using "/home/bbellman/census-linking/data/for_models/dc_example_
> preds/obsv-black-20-preds-cats.csv", replace
file /home/bbellman/census-linking/data/for_models/dc_example_preds/obsv-black-
> 20-preds-cats.csv saved

. 
. * load example data
. *import delim using "/home/bbellman/census-linking/data/for_models/dc-pred-ex
> amples.csv", clear
. *destring dist, replace
. 
. * predictions for hypothetical households in real EDs
. *predict phat
. 
. * over-write model data with predictions attached
. *export delim using "/home/bbellman/census-linking/data/for_models/dc_example
> _preds/ex-black-20-preds-cats.csv", replace
. 
. 
. 
. 
. 
. 
. 
. 
. 
. *** Black sample, 1920-1930 movers
. 
. * load observed data
. import delim using "/home/bbellman/census-linking/data/for_models/phl_discret
> e_choice_black_30-cats.csv", clear
(80 vars, 367,160 obs)

. duplicates drop

Duplicates in terms of all variables

(5,357 observations deleted)

. 
. * run conditional logit model
. clogit choice dest_ed_pct_black dest_ed_pct_black_sq sei_pblack_ed sei_pblack
> _ed_sq bla1_cat2_pblack_ed bla1_cat2_pblack_ed_sq bla1_cat3_pblack_ed bla1_ca
> t3_pblack_ed_sq sei_bla1_cat2_pblack_ed sei_bla1_cat2_pblack_ed_sq sei_bla1_c
> at3_pblack_ed sei_bla1_cat3_pblack_ed_sq dest_ed_pct_frnbrn dest_ed_pct_frnbr
> n_sq sei_pfrnbrn_ed sei_pfrnbrn_ed_sq imm1_cat2_pfrnbrn_ed imm1_cat2_pfrnbrn_
> ed_sq imm1_cat3_pfrnbrn_ed imm1_cat3_pfrnbrn_ed_sq sei_imm1_cat2_pfrnbrn_ed s
> ei_imm1_cat2_pfrnbrn_ed_sq sei_imm1_cat3_pfrnbrn_ed sei_imm1_cat3_pfrnbrn_ed_
> sq dest_ed_mean_sei dest_ed_mean_sei_sq sei_msei_ed sei_msei_ed_sq sei1_cat2_
> msei_ed sei1_cat2_msei_ed_sq sei1_cat3_msei_ed sei1_cat3_msei_ed_sq sei_sei1_
> cat2_msei_ed sei_sei1_cat2_msei_ed_sq sei_sei1_cat3_msei_ed sei_sei1_cat3_mse
> i_ed_sq dist dist_sq sei_dist sei_dist_sq bla1_cat2_dist bla1_cat2_dist_sq bl
> a1_cat3_dist bla1_cat3_dist_sq imm1_cat2_dist imm1_cat2_dist_sq imm1_cat3_dis
> t imm1_cat3_dist_sq sei1_cat2_dist sei1_cat2_dist_sq sei1_cat3_dist sei1_cat3
> _dist_sq sei_bla1_cat2_dist sei_bla1_cat2_dist_sq sei_bla1_cat3_dist sei_bla1
> _cat3_dist_sq sei_imm1_cat2_dist sei_imm1_cat2_dist_sq sei_imm1_cat3_dist sei
> _imm1_cat3_dist_sq sei_sei1_cat2_dist sei_sei1_cat2_dist_sq sei_sei1_cat3_dis
> t sei_sei1_cat3_dist_sq, group(serial1)

Iteration 0:   log likelihood = -9217.5807  
Iteration 1:   log likelihood = -9169.3564  
Iteration 2:   log likelihood = -9168.5636  
Iteration 3:   log likelihood = -9168.5552  
Iteration 4:   log likelihood = -9168.5552  

Conditional (fixed-effects) logistic regression

                                                Number of obs     =    361,803
                                                LR chi2(57)       =   10007.22
                                                Prob > chi2       =     0.0000
Log likelihood = -9168.5552                     Pseudo R2         =     0.3531

------------------------------------------------------------------------------
      choice |      Coef.   Std. Err.      z    P>|z|     [95% Conf. Interval]
-------------+----------------------------------------------------------------
dest_ed_pc~k |   .0641429   .0219401     2.92   0.003     .0211409    .1071448
dest_ed~k_sq |  -.0003765   .0002503    -1.50   0.133    -.0008671    .0001142
sei_pblack~d |   .0000388   .0005365     0.07   0.942    -.0010128    .0010904
sei_pblack~q |   2.49e-08   6.06e-06     0.00   0.997    -.0000118    .0000119
bla1_cat2_~d |   .0285104   .0234104     1.22   0.223    -.0173731    .0743939
bla1_cat2_.. |  -.0003251   .0002659    -1.22   0.221    -.0008464    .0001961
bla1_cat3_~d |   .0313997   .0223711     1.40   0.160    -.0124469    .0752463
bla1_cat3_.. |  -.0003594   .0002542    -1.41   0.157    -.0008577    .0001388
sei_bla1_c.. |  -.0002767   .0006095    -0.45   0.650    -.0014712    .0009178
sei_bla1_c.. |   2.83e-06   6.82e-06     0.42   0.678    -.0000105    .0000162
sei_bla1_c.. |  -.0004147   .0005596    -0.74   0.459    -.0015115    .0006821
sei_bla1_c.. |   4.62e-06   6.26e-06     0.74   0.460    -7.65e-06    .0000169
dest_ed_pc~n |  -.0216236   .0214602    -1.01   0.314    -.0636848    .0204376
dest_ed~n_sq |  -.0003581    .000557    -0.64   0.520    -.0014497    .0007336
sei_pfrnbr~d |  -.0000744   .0007666    -0.10   0.923    -.0015769    .0014281
sei_pfrnbr~q |  -3.47e-06     .00002    -0.17   0.863    -.0000427    .0000358
imm1_cat2_~d |   .0525992   .0293904     1.79   0.074    -.0050049    .1102034
imm1_cat2_.. |  -.0006133   .0007931    -0.77   0.439    -.0021677    .0009411
imm1_cat3_~d |   .0442967   .0340999     1.30   0.194    -.0225379    .1111312
imm1_cat3_.. |  -.0002938   .0008362    -0.35   0.725    -.0019328    .0013452
sei_imm1_c.. |  -.0008387   .0010664    -0.79   0.432    -.0029289    .0012514
sei_imm1_c.. |   .0000161   .0000292     0.55   0.581     -.000041    .0000732
sei_imm1_c.. |   .0002305   .0011117     0.21   0.836    -.0019484    .0024093
sei_imm1_c.. |   .0000121    .000026     0.47   0.640    -.0000388    .0000631
dest_ed_me~i |   .0900153   .0635359     1.42   0.157    -.0345128    .2145434
dest_ed_me~q |  -.0056348   .0027198    -2.07   0.038    -.0109654   -.0003041
 sei_msei_ed |   .0039737   .0024003     1.66   0.098    -.0007308    .0086782
sei_msei_e~q |  -.0001011   .0000991    -1.02   0.308    -.0002953    .0000931
sei1_cat2_~d |   .0912855   .1015994     0.90   0.369    -.1078457    .2904168
sei1_cat2_.. |  -.0013594   .0042228    -0.32   0.748     -.009636    .0069172
sei1_cat3_~d |   .2437417   .1432256     1.70   0.089    -.0369753    .5244586
sei1_cat3_.. |  -.0014215   .0051217    -0.28   0.781    -.0114598    .0086169
sei_sei1_c.. |   .0021687   .0039444     0.55   0.582    -.0055622    .0098996
sei_sei1_c.. |   -.000121   .0001623    -0.75   0.456    -.0004392    .0001971
sei_sei1_c.. |  -.0063203   .0044201    -1.43   0.153    -.0149836     .002343
sei_sei1_c.. |   .0001244   .0001689     0.74   0.462    -.0002067    .0004554
        dist |  -.0005814   .0001445    -4.02   0.000    -.0008647   -.0002981
     dist_sq |   1.64e-08   8.36e-09     1.97   0.049     4.42e-11    3.28e-08
    sei_dist |   4.65e-06   3.74e-06     1.25   0.213    -2.67e-06     .000012
 sei_dist_sq |  -1.35e-10   2.11e-10    -0.64   0.521    -5.48e-10    2.78e-10
bla1_cat2_~t |  -.0001764   .0001441    -1.22   0.221    -.0004589     .000106
bl~2_dist_sq |   3.10e-09   8.36e-09     0.37   0.711    -1.33e-08    1.95e-08
bla1_cat3_~t |  -.0001207   .0001411    -0.86   0.392    -.0003973    .0001559
bl~3_dist_sq |   5.21e-09   8.22e-09     0.63   0.526    -1.09e-08    2.13e-08
imm1_cat2_~t |   9.71e-06   .0000488     0.20   0.842    -.0000859    .0001053
im~2_dist_sq |   1.14e-09   2.56e-09     0.45   0.656    -3.87e-09    6.15e-09
imm1_cat3_~t |   .0001718   .0000709     2.42   0.015     .0000328    .0003108
im~3_dist_sq |  -5.55e-09   3.78e-09    -1.47   0.142    -1.30e-08    1.86e-09
sei1_cat2_~t |  -.0000446   .0000466    -0.96   0.338    -.0001359    .0000467
sei1_cat2_.. |   5.64e-09   2.64e-09     2.13   0.033     4.62e-10    1.08e-08
sei1_cat3_~t |   6.66e-06   .0001111     0.06   0.952    -.0002111    .0002244
sei1_cat3_.. |   9.63e-09   6.32e-09     1.52   0.128    -2.77e-09    2.20e-08
sei_b~2_dist |  -3.54e-06   3.76e-06    -0.94   0.346    -.0000109    3.82e-06
sei_bla1_c.. |   1.96e-10   2.11e-10     0.93   0.353    -2.18e-10    6.10e-10
sei_b~3_dist |  -2.01e-06   3.61e-06    -0.56   0.578    -9.10e-06    5.07e-06
sei_bla1_c.. |   7.21e-11   2.06e-10     0.35   0.727    -3.32e-10    4.77e-10
sei_i~2_dist |   8.79e-07   1.81e-06     0.49   0.627    -2.66e-06    4.42e-06
sei_imm1_c.. |  -7.96e-11   1.02e-10    -0.78   0.434    -2.79e-10    1.20e-10
sei_i~3_dist |  -5.67e-06   3.06e-06    -1.85   0.064    -.0000117    3.22e-07
sei_imm1_c.. |   1.91e-10   1.77e-10     1.08   0.280    -1.55e-10    5.37e-10
sei_s~2_dist |   2.87e-08   1.64e-06     0.02   0.986    -3.19e-06    3.25e-06
sei_sei1_c.. |  -1.94e-11   8.99e-11    -0.22   0.829    -1.96e-10    1.57e-10
sei_s~3_dist |  -2.92e-07   3.30e-06    -0.09   0.930    -6.75e-06    6.17e-06
sei_sei1_c.. |  -9.79e-11   1.93e-10    -0.51   0.612    -4.77e-10    2.81e-10
------------------------------------------------------------------------------

. clogit, or

Conditional (fixed-effects) logistic regression

                                                Number of obs     =    361,803
                                                LR chi2(57)       =   10007.22
                                                Prob > chi2       =     0.0000
Log likelihood = -9168.5552                     Pseudo R2         =     0.3531

------------------------------------------------------------------------------
      choice | Odds Ratio   Std. Err.      z    P>|z|     [95% Conf. Interval]
-------------+----------------------------------------------------------------
dest_ed_pc~k |   1.066245   .0233936     2.92   0.003     1.021366    1.113095
dest_ed~k_sq |   .9996236   .0002502    -1.50   0.133     .9991332    1.000114
sei_pblack~d |   1.000039   .0005365     0.07   0.942     .9989877    1.001091
sei_pblack~q |          1   6.06e-06     0.00   0.997     .9999882    1.000012
bla1_cat2_~d |   1.028921   .0240874     1.22   0.223      .982777    1.077231
bla1_cat2_.. |   .9996749   .0002659    -1.22   0.221      .999154    1.000196
bla1_cat3_~d |   1.031898   .0230847     1.40   0.160     .9876303     1.07815
bla1_cat3_.. |   .9996406   .0002541    -1.41   0.157     .9991427    1.000139
sei_bla1_c.. |   .9997233   .0006093    -0.45   0.650     .9985299    1.000918
sei_bla1_c.. |   1.000003   6.82e-06     0.42   0.678     .9999895    1.000016
sei_bla1_c.. |   .9995854   .0005594    -0.74   0.459     .9984896    1.000682
sei_bla1_c.. |   1.000005   6.26e-06     0.74   0.460     .9999923    1.000017
dest_ed_pc~n |   .9786085   .0210011    -1.01   0.314     .9383007    1.020648
dest_ed~n_sq |    .999642   .0005568    -0.64   0.520     .9985513    1.000734
sei_pfrnbr~d |   .9999256   .0007665    -0.10   0.923     .9984243    1.001429
sei_pfrnbr~q |   .9999965     .00002    -0.17   0.863     .9999573    1.000036
imm1_cat2_~d |   1.054007   .0309777     1.79   0.074     .9950076    1.116505
imm1_cat2_.. |   .9993869   .0007926    -0.77   0.439     .9978346    1.000942
imm1_cat3_~d |   1.045292   .0356443     1.30   0.194     .9777142    1.117541
imm1_cat3_.. |   .9997063    .000836    -0.35   0.725     .9980691    1.001346
sei_imm1_c.. |   .9991616   .0010655    -0.79   0.432     .9970754    1.001252
sei_imm1_c.. |   1.000016   .0000292     0.55   0.581      .999959    1.000073
sei_imm1_c.. |    1.00023   .0011119     0.21   0.836     .9980535    1.002412
sei_imm1_c.. |   1.000012    .000026     0.47   0.640     .9999612    1.000063
dest_ed_me~i |   1.094191   .0695204     1.42   0.157      .966076    1.239296
dest_ed_me~q |   .9943811   .0027045    -2.07   0.038     .9890945    .9996959
 sei_msei_ed |   1.003982   .0024098     1.66   0.098     .9992695    1.008716
sei_msei_e~q |   .9998989   .0000991    -1.02   0.308     .9997048    1.000093
sei1_cat2_~d |   1.095582   .1113105     0.90   0.369     .8977661    1.336985
sei1_cat2_.. |   .9986415   .0042171    -0.32   0.748     .9904103    1.006941
sei1_cat3_~d |   1.276015   .1827579     1.70   0.089        .9637    1.689544
sei1_cat3_.. |   .9985795   .0051144    -0.28   0.781     .9886056    1.008654
sei_sei1_c.. |   1.002171    .003953     0.55   0.582     .9944533    1.009949
sei_sei1_c.. |    .999879   .0001623    -0.75   0.456     .9995609    1.000197
sei_sei1_c.. |   .9936996   .0043923    -1.43   0.153     .9851281    1.002346
sei_sei1_c.. |   1.000124   .0001689     0.74   0.462     .9997933    1.000456
        dist |   .9994188   .0001444    -4.02   0.000     .9991357    .9997019
     dist_sq |          1   8.36e-09     1.97   0.049            1           1
    sei_dist |   1.000005   3.74e-06     1.25   0.213     .9999973    1.000012
 sei_dist_sq |          1   2.11e-10    -0.64   0.521            1           1
bla1_cat2_~t |   .9998236   .0001441    -1.22   0.221     .9995412    1.000106
bl~2_dist_sq |          1   8.36e-09     0.37   0.711            1           1
bla1_cat3_~t |   .9998793   .0001411    -0.86   0.392     .9996027    1.000156
bl~3_dist_sq |          1   8.22e-09     0.63   0.526            1           1
imm1_cat2_~t |    1.00001   .0000488     0.20   0.842     .9999141    1.000105
im~2_dist_sq |          1   2.56e-09     0.45   0.656            1           1
imm1_cat3_~t |   1.000172   .0000709     2.42   0.015     1.000033    1.000311
im~3_dist_sq |          1   3.78e-09    -1.47   0.142            1           1
sei1_cat2_~t |   .9999554   .0000466    -0.96   0.338     .9998641    1.000047
sei1_cat2_.. |          1   2.64e-09     2.13   0.033            1           1
sei1_cat3_~t |   1.000007   .0001111     0.06   0.952     .9997889    1.000224
sei1_cat3_.. |          1   6.32e-09     1.52   0.128            1           1
sei_b~2_dist |   .9999965   3.76e-06    -0.94   0.346     .9999891    1.000004
sei_bla1_c.. |          1   2.11e-10     0.93   0.353            1           1
sei_b~3_dist |    .999998   3.61e-06    -0.56   0.578     .9999909    1.000005
sei_bla1_c.. |          1   2.06e-10     0.35   0.727            1           1
sei_i~2_dist |   1.000001   1.81e-06     0.49   0.627     .9999973    1.000004
sei_imm1_c.. |          1   1.02e-10    -0.78   0.434            1           1
sei_i~3_dist |   .9999943   3.06e-06    -1.85   0.064     .9999883           1
sei_imm1_c.. |          1   1.77e-10     1.08   0.280            1           1
sei_s~2_dist |          1   1.64e-06     0.02   0.986     .9999968    1.000003
sei_sei1_c.. |          1   8.99e-11    -0.22   0.829            1           1
sei_s~3_dist |   .9999997   3.30e-06    -0.09   0.930     .9999932    1.000006
sei_sei1_c.. |          1   1.93e-10    -0.51   0.612            1           1
------------------------------------------------------------------------------

. 
. * generate predicted probabilities of household destination choices
. predict phat
(option pc1 assumed; probability of success given one success within group)

. 
. * save data with predictions
. export delim using "/home/bbellman/census-linking/data/for_models/dc_example_
> preds/obsv-black-30-preds-cats.csv", replace
file /home/bbellman/census-linking/data/for_models/dc_example_preds/obsv-black-
> 30-preds-cats.csv saved

. 
. 
. 
. 
. 
. 
. 
. *** Black sample, 1930-1940 movers
. 
. * load observed data
. import delim using "/home/bbellman/census-linking/data/for_models/phl_discret
> e_choice_black_40-cats.csv", clear
(80 vars, 1,165,777 obs)

. duplicates drop

Duplicates in terms of all variables

(2,267 observations deleted)

. 
. * run conditional logit model
. clogit choice dest_ed_pct_black dest_ed_pct_black_sq sei_pblack_ed sei_pblack
> _ed_sq bla1_cat2_pblack_ed bla1_cat2_pblack_ed_sq bla1_cat3_pblack_ed bla1_ca
> t3_pblack_ed_sq sei_bla1_cat2_pblack_ed sei_bla1_cat2_pblack_ed_sq sei_bla1_c
> at3_pblack_ed sei_bla1_cat3_pblack_ed_sq dest_ed_pct_frnbrn dest_ed_pct_frnbr
> n_sq sei_pfrnbrn_ed sei_pfrnbrn_ed_sq imm1_cat2_pfrnbrn_ed imm1_cat2_pfrnbrn_
> ed_sq imm1_cat3_pfrnbrn_ed imm1_cat3_pfrnbrn_ed_sq sei_imm1_cat2_pfrnbrn_ed s
> ei_imm1_cat2_pfrnbrn_ed_sq sei_imm1_cat3_pfrnbrn_ed sei_imm1_cat3_pfrnbrn_ed_
> sq dest_ed_mean_sei dest_ed_mean_sei_sq sei_msei_ed sei_msei_ed_sq sei1_cat2_
> msei_ed sei1_cat2_msei_ed_sq sei1_cat3_msei_ed sei1_cat3_msei_ed_sq sei_sei1_
> cat2_msei_ed sei_sei1_cat2_msei_ed_sq sei_sei1_cat3_msei_ed sei_sei1_cat3_mse
> i_ed_sq dist dist_sq sei_dist sei_dist_sq bla1_cat2_dist bla1_cat2_dist_sq bl
> a1_cat3_dist bla1_cat3_dist_sq imm1_cat2_dist imm1_cat2_dist_sq imm1_cat3_dis
> t imm1_cat3_dist_sq sei1_cat2_dist sei1_cat2_dist_sq sei1_cat3_dist sei1_cat3
> _dist_sq sei_bla1_cat2_dist sei_bla1_cat2_dist_sq sei_bla1_cat3_dist sei_bla1
> _cat3_dist_sq sei_imm1_cat2_dist sei_imm1_cat2_dist_sq sei_imm1_cat3_dist sei
> _imm1_cat3_dist_sq sei_sei1_cat2_dist sei_sei1_cat2_dist_sq sei_sei1_cat3_dis
> t sei_sei1_cat3_dist_sq, group(serial1)

Iteration 0:   log likelihood = -16254.723  
Iteration 1:   log likelihood = -16167.575  
Iteration 2:   log likelihood = -16166.111  
Iteration 3:   log likelihood = -16166.099  
Iteration 4:   log likelihood = -16166.099  

Conditional (fixed-effects) logistic regression

                                                Number of obs     =  1,163,510
                                                LR chi2(57)       =   27589.55
                                                Prob > chi2       =     0.0000
Log likelihood = -16166.099                     Pseudo R2         =     0.4604

------------------------------------------------------------------------------
      choice |      Coef.   Std. Err.      z    P>|z|     [95% Conf. Interval]
-------------+----------------------------------------------------------------
dest_ed_pc~k |   .1075878   .0213333     5.04   0.000     .0657753    .1494002
dest_ed~k_sq |  -.0007857   .0002181    -3.60   0.000    -.0012133   -.0003582
sei_pblack~d |  -.0004609   .0004969    -0.93   0.354    -.0014348     .000513
sei_pblack~q |   6.90e-06   5.02e-06     1.38   0.169    -2.93e-06    .0000167
bla1_cat2_~d |  -.0123394     .02232    -0.55   0.580    -.0560858    .0314069
bla1_cat2_.. |   .0000406    .000229     0.18   0.859    -.0004083    .0004895
bla1_cat3_~d |  -.0172473   .0215379    -0.80   0.423    -.0594609    .0249663
bla1_cat3_.. |   .0001325   .0002198     0.60   0.547    -.0002983    .0005633
sei_bla1_c.. |   .0004183   .0005544     0.75   0.451    -.0006683    .0015048
sei_bla1_c.. |  -5.54e-06   5.67e-06    -0.98   0.328    -.0000166    5.57e-06
sei_bla1_c.. |   .0004001   .0005098     0.78   0.433     -.000599    .0013993
sei_bla1_c.. |  -4.63e-06   5.12e-06    -0.91   0.365    -.0000147    5.39e-06
dest_ed_pc~n |  -.0363332    .017135    -2.12   0.034    -.0699172   -.0027491
dest_ed~n_sq |   .0001652   .0005352     0.31   0.758    -.0008838    .0012143
sei_pfrnbr~d |  -.0002041   .0006666    -0.31   0.759    -.0015106    .0011024
sei_pfrnbr~q |  -6.96e-06   .0000223    -0.31   0.755    -.0000507    .0000368
imm1_cat2_~d |   .1199986   .0285501     4.20   0.000     .0640414    .1759558
imm1_cat2_.. |  -.0028063   .0010002    -2.81   0.005    -.0047668   -.0008459
imm1_cat3_~d |   .0871155   .0271055     3.21   0.001     .0339898    .1402413
imm1_cat3_.. |   -.001103   .0007916    -1.39   0.164    -.0026546    .0004486
sei_imm1_c.. |   .0004964    .001124     0.44   0.659    -.0017067    .0026994
sei_imm1_c.. |  -6.68e-06    .000041    -0.16   0.871     -.000087    .0000736
sei_imm1_c.. |  -.0003217   .0011235    -0.29   0.775    -.0025236    .0018803
sei_imm1_c.. |   .0000286   .0000322     0.89   0.375    -.0000345    .0000916
dest_ed_me~i |  -.0487549   .0297987    -1.64   0.102    -.1071593    .0096495
dest_ed_me~q |  -.0004547   .0010845    -0.42   0.675    -.0025804    .0016709
 sei_msei_ed |   .0022187   .0010426     2.13   0.033     .0001753    .0042621
sei_msei_e~q |  -.0000238   .0000352    -0.68   0.499    -.0000928    .0000452
sei1_cat2_~d |   .1629473   .0537876     3.03   0.002     .0575255    .2683691
sei1_cat2_.. |    -.00356   .0019493    -1.83   0.068    -.0073805    .0002605
sei1_cat3_~d |   .0248329   .0629808     0.39   0.693    -.0986072    .1482731
sei1_cat3_.. |   .0019945    .001888     1.06   0.291    -.0017058    .0056949
sei_sei1_c.. |  -.0015614   .0018274    -0.85   0.393     -.005143    .0020202
sei_sei1_c.. |    .000031   .0000628     0.49   0.621    -.0000921    .0001542
sei_sei1_c.. |   .0011295   .0020756     0.54   0.586    -.0029386    .0051976
sei_sei1_c.. |  -.0000584   .0000633    -0.92   0.357    -.0001825    .0000658
        dist |  -.0007338   .0001608    -4.56   0.000    -.0010489   -.0004187
     dist_sq |   1.98e-08   9.05e-09     2.19   0.028     2.11e-09    3.76e-08
    sei_dist |     .00001   4.26e-06     2.36   0.018     1.70e-06    .0000184
 sei_dist_sq |  -4.03e-10   2.40e-10    -1.68   0.093    -8.72e-10    6.71e-11
bla1_cat2_~t |  -.0002065   .0001616    -1.28   0.201    -.0005234    .0001103
bl~2_dist_sq |   4.84e-09   9.16e-09     0.53   0.597    -1.31e-08    2.28e-08
bla1_cat3_~t |  -.0002088   .0001588    -1.31   0.189    -.0005201    .0001025
bl~3_dist_sq |   8.56e-09   8.99e-09     0.95   0.341    -9.06e-09    2.62e-08
imm1_cat2_~t |  -.0000168   .0000485    -0.35   0.728    -.0001118    .0000782
im~2_dist_sq |   8.16e-10   2.01e-09     0.41   0.685    -3.13e-09    4.76e-09
imm1_cat3_~t |   .0000225   .0000619     0.36   0.716    -.0000988    .0001438
im~3_dist_sq |   1.36e-09   2.78e-09     0.49   0.623    -4.08e-09    6.81e-09
sei1_cat2_~t |  -.0001767   .0000432    -4.10   0.000    -.0002613   -.0000922
sei1_cat2_.. |   1.48e-08   2.16e-09     6.85   0.000     1.06e-08    1.90e-08
sei1_cat3_~t |   -.000193   .0000754    -2.56   0.010    -.0003407   -.0000453
sei1_cat3_.. |   1.46e-08   3.35e-09     4.36   0.000     8.05e-09    2.12e-08
sei_b~2_dist |  -6.91e-06   4.16e-06    -1.66   0.097    -.0000151    1.25e-06
sei_bla1_c.. |   3.87e-10   2.41e-10     1.61   0.108    -8.52e-11    8.59e-10
sei_b~3_dist |  -.0000104   4.14e-06    -2.52   0.012    -.0000186   -2.33e-06
sei_bla1_c.. |   4.43e-10   2.37e-10     1.87   0.061    -2.07e-11    9.07e-10
sei_i~2_dist |  -8.32e-07   1.82e-06    -0.46   0.647    -4.40e-06    2.73e-06
sei_imm1_c.. |  -6.36e-12   7.25e-11    -0.09   0.930    -1.48e-10    1.36e-10
sei_i~3_dist |   2.08e-06   2.68e-06     0.78   0.438    -3.18e-06    7.34e-06
sei_imm1_c.. |  -6.78e-11   1.22e-10    -0.56   0.577    -3.06e-10    1.70e-10
sei_s~2_dist |  -2.00e-07   1.58e-06    -0.13   0.899    -3.29e-06    2.89e-06
sei_sei1_c.. |  -2.11e-11   7.74e-11    -0.27   0.785    -1.73e-10    1.31e-10
sei_s~3_dist |  -8.27e-07   2.31e-06    -0.36   0.721    -5.36e-06    3.71e-06
sei_sei1_c.. |   2.90e-11   1.02e-10     0.28   0.777    -1.71e-10    2.29e-10
------------------------------------------------------------------------------

. clogit, or

Conditional (fixed-effects) logistic regression

                                                Number of obs     =  1,163,510
                                                LR chi2(57)       =   27589.55
                                                Prob > chi2       =     0.0000
Log likelihood = -16166.099                     Pseudo R2         =     0.4604

------------------------------------------------------------------------------
      choice | Odds Ratio   Std. Err.      z    P>|z|     [95% Conf. Interval]
-------------+----------------------------------------------------------------
dest_ed_pc~k |   1.113589   .0237565     5.04   0.000     1.067987    1.161138
dest_ed~k_sq |   .9992146    .000218    -3.60   0.000     .9987875    .9996419
sei_pblack~d |   .9995392   .0004967    -0.93   0.354     .9985662    1.000513
sei_pblack~q |   1.000007   5.02e-06     1.38   0.169     .9999971    1.000017
bla1_cat2_~d |   .9877364   .0220463    -0.55   0.580      .945458    1.031905
bla1_cat2_.. |   1.000041   .0002291     0.18   0.859     .9995917     1.00049
bla1_cat3_~d |   .9829006   .0211697    -0.80   0.423     .9422724    1.025281
bla1_cat3_.. |   1.000133   .0002198     0.60   0.547     .9997017    1.000563
sei_bla1_c.. |   1.000418   .0005546     0.75   0.451     .9993319    1.001506
sei_bla1_c.. |   .9999945   5.67e-06    -0.98   0.328     .9999834    1.000006
sei_bla1_c.. |     1.0004     .00051     0.78   0.433     .9994012      1.0014
sei_bla1_c.. |   .9999954   5.12e-06    -0.91   0.365     .9999853    1.000005
dest_ed_pc~n |    .964319   .0165236    -2.12   0.034      .932471    .9972547
dest_ed~n_sq |   1.000165   .0005353     0.31   0.758     .9991166    1.001215
sei_pfrnbr~d |   .9997959   .0006665    -0.31   0.759     .9984906    1.001103
sei_pfrnbr~q |    .999993   .0000223    -0.31   0.755     .9999493    1.000037
imm1_cat2_~d |   1.127495   .0321901     4.20   0.000     1.066137    1.192385
imm1_cat2_.. |   .9971976   .0009974    -2.81   0.005     .9952446    .9991544
imm1_cat3_~d |   1.091023   .0295727     3.21   0.001     1.034574    1.150551
imm1_cat3_.. |   .9988976   .0007908    -1.39   0.164     .9973489    1.000449
sei_imm1_c.. |   1.000496   .0011246     0.44   0.659     .9982948    1.002703
sei_imm1_c.. |   .9999933    .000041    -0.16   0.871      .999913    1.000074
sei_imm1_c.. |   .9996784   .0011231    -0.29   0.775     .9974795    1.001882
sei_imm1_c.. |   1.000029   .0000322     0.89   0.375     .9999655    1.000092
dest_ed_me~i |   .9524145   .0283807    -1.64   0.102     .8983825    1.009696
dest_ed_me~q |   .9995454    .001084    -0.42   0.675     .9974229    1.001672
 sei_msei_ed |   1.002221   .0010449     2.13   0.033     1.000175    1.004271
sei_msei_e~q |   .9999762   .0000352    -0.68   0.499     .9999072    1.000045
sei1_cat2_~d |   1.176975   .0633066     3.03   0.002     1.059212     1.30783
sei1_cat2_.. |   .9964463   .0019423    -1.83   0.068     .9926467    1.000261
sei1_cat3_~d |   1.025144   .0645644     0.39   0.693     .9060985     1.15983
sei1_cat3_.. |   1.001997   .0018917     1.06   0.291     .9982956    1.005711
sei_sei1_c.. |   .9984398   .0018245    -0.85   0.393     .9948702    1.002022
sei_sei1_c.. |   1.000031   .0000628     0.49   0.621     .9999079    1.000154
sei_sei1_c.. |    1.00113    .002078     0.54   0.586     .9970657    1.005211
sei_sei1_c.. |   .9999416   .0000633    -0.92   0.357     .9998175    1.000066
        dist |   .9992664   .0001607    -4.56   0.000     .9989516    .9995814
     dist_sq |          1   9.05e-09     2.19   0.028            1           1
    sei_dist |    1.00001   4.26e-06     2.36   0.018     1.000002    1.000018
 sei_dist_sq |          1   2.40e-10    -1.68   0.093            1           1
bla1_cat2_~t |   .9997935   .0001616    -1.28   0.201     .9994768     1.00011
bl~2_dist_sq |          1   9.16e-09     0.53   0.597            1           1
bla1_cat3_~t |   .9997912   .0001588    -1.31   0.189       .99948    1.000102
bl~3_dist_sq |          1   8.99e-09     0.95   0.341            1           1
imm1_cat2_~t |   .9999832   .0000485    -0.35   0.728     .9998882    1.000078
im~2_dist_sq |          1   2.01e-09     0.41   0.685            1           1
imm1_cat3_~t |   1.000022   .0000619     0.36   0.716     .9999012    1.000144
im~3_dist_sq |          1   2.78e-09     0.49   0.623            1           1
sei1_cat2_~t |   .9998233   .0000431    -4.10   0.000     .9997387    .9999078
sei1_cat2_.. |          1   2.16e-09     6.85   0.000            1           1
sei1_cat3_~t |    .999807   .0000753    -2.56   0.010     .9996593    .9999547
sei1_cat3_.. |          1   3.35e-09     4.36   0.000            1           1
sei_b~2_dist |   .9999931   4.16e-06    -1.66   0.097     .9999849    1.000001
sei_bla1_c.. |          1   2.41e-10     1.61   0.108            1           1
sei_b~3_dist |   .9999896   4.14e-06    -2.52   0.012     .9999814    .9999977
sei_bla1_c.. |          1   2.37e-10     1.87   0.061            1           1
sei_i~2_dist |   .9999992   1.82e-06    -0.46   0.647     .9999956    1.000003
sei_imm1_c.. |          1   7.25e-11    -0.09   0.930            1           1
sei_i~3_dist |   1.000002   2.68e-06     0.78   0.438     .9999968    1.000007
sei_imm1_c.. |          1   1.22e-10    -0.56   0.577            1           1
sei_s~2_dist |   .9999998   1.58e-06    -0.13   0.899     .9999967    1.000003
sei_sei1_c.. |          1   7.74e-11    -0.27   0.785            1           1
sei_s~3_dist |   .9999992   2.31e-06    -0.36   0.721     .9999946    1.000004
sei_sei1_c.. |          1   1.02e-10     0.28   0.777            1           1
------------------------------------------------------------------------------

. 
. * generate predicted probabilities of household destination choices
. predict phat
(option pc1 assumed; probability of success given one success within group)

. 
. * save data with predictions
. export delim using "/home/bbellman/census-linking/data/for_models/dc_example_
> preds/obsv-black-40-preds-cats.csv", replace
file /home/bbellman/census-linking/data/for_models/dc_example_preds/obsv-black-
> 40-preds-cats.csv saved

. 
. 
. 
. 
. *************
. 
. 
. *** White immigrant sample, 1910-1920 movers
. 
. * load observed data
. import delim using "/home/bbellman/census-linking/data/for_models/phl_discret
> e_choice_wimm_20-cats.csv", clear
(80 vars, 4,022,573 obs)

. duplicates drop

Duplicates in terms of all variables

(43,762 observations deleted)

. 
. * run conditional logit model
. clogit choice dest_ed_pct_black dest_ed_pct_black_sq sei_pblack_ed sei_pblack
> _ed_sq bla1_cat2_pblack_ed bla1_cat2_pblack_ed_sq bla1_cat3_pblack_ed bla1_ca
> t3_pblack_ed_sq sei_bla1_cat2_pblack_ed sei_bla1_cat2_pblack_ed_sq sei_bla1_c
> at3_pblack_ed sei_bla1_cat3_pblack_ed_sq dest_ed_pct_frnbrn dest_ed_pct_frnbr
> n_sq sei_pfrnbrn_ed sei_pfrnbrn_ed_sq imm1_cat2_pfrnbrn_ed imm1_cat2_pfrnbrn_
> ed_sq imm1_cat3_pfrnbrn_ed imm1_cat3_pfrnbrn_ed_sq sei_imm1_cat2_pfrnbrn_ed s
> ei_imm1_cat2_pfrnbrn_ed_sq sei_imm1_cat3_pfrnbrn_ed sei_imm1_cat3_pfrnbrn_ed_
> sq dest_ed_mean_sei dest_ed_mean_sei_sq sei_msei_ed sei_msei_ed_sq sei1_cat2_
> msei_ed sei1_cat2_msei_ed_sq sei1_cat3_msei_ed sei1_cat3_msei_ed_sq sei_sei1_
> cat2_msei_ed sei_sei1_cat2_msei_ed_sq sei_sei1_cat3_msei_ed sei_sei1_cat3_mse
> i_ed_sq dist dist_sq sei_dist sei_dist_sq bla1_cat2_dist bla1_cat2_dist_sq bl
> a1_cat3_dist bla1_cat3_dist_sq imm1_cat2_dist imm1_cat2_dist_sq imm1_cat3_dis
> t imm1_cat3_dist_sq sei1_cat2_dist sei1_cat2_dist_sq sei1_cat3_dist sei1_cat3
> _dist_sq sei_bla1_cat2_dist sei_bla1_cat2_dist_sq sei_bla1_cat3_dist sei_bla1
> _cat3_dist_sq sei_imm1_cat2_dist sei_imm1_cat2_dist_sq sei_imm1_cat3_dist sei
> _imm1_cat3_dist_sq sei_sei1_cat2_dist sei_sei1_cat2_dist_sq sei_sei1_cat3_dis
> t sei_sei1_cat3_dist_sq, group(serial1)

Iteration 0:   log likelihood = -84937.869  
Iteration 1:   log likelihood =  -84486.48  
Iteration 2:   log likelihood = -84345.616  
Iteration 3:   log likelihood = -84344.512  
Iteration 4:   log likelihood = -84344.512  

Conditional (fixed-effects) logistic regression

                                                Number of obs     =  3,978,811
                                                LR chi2(57)       =   57242.34
                                                Prob > chi2       =     0.0000
Log likelihood = -84344.512                     Pseudo R2         =     0.2534

------------------------------------------------------------------------------
      choice |      Coef.   Std. Err.      z    P>|z|     [95% Conf. Interval]
-------------+----------------------------------------------------------------
dest_ed_pc~k |  -.0661127   .0046517   -14.21   0.000      -.07523   -.0569955
dest_ed~k_sq |   .0006232   .0000725     8.59   0.000     .0004811    .0007653
sei_pblack~d |  -.0000367   .0001083    -0.34   0.734     -.000249    .0001755
sei_pblack~q |   5.99e-07   1.69e-06     0.36   0.722    -2.71e-06    3.91e-06
bla1_cat2_~d |   .0513998    .007414     6.93   0.000     .0368685     .065931
bla1_cat2_.. |  -.0006923   .0001268    -5.46   0.000    -.0009409   -.0004438
bla1_cat3_~d |   .0701795   .0090778     7.73   0.000     .0523874    .0879717
bla1_cat3_.. |  -.0007296   .0001376    -5.30   0.000    -.0009994   -.0004599
sei_bla1_c.. |    .000047   .0001712     0.27   0.784    -.0002886    .0003826
sei_bla1_c.. |  -1.36e-07   2.95e-06    -0.05   0.963    -5.91e-06    5.64e-06
sei_bla1_c.. |   .0003487    .000197     1.77   0.077    -.0000375    .0007349
sei_bla1_c.. |  -4.40e-06   2.98e-06    -1.48   0.140    -.0000102    1.44e-06
dest_ed_pc~n |   .0359603   .0199397     1.80   0.071    -.0031207    .0750413
dest_ed~n_sq |  -.0014552   .0004052    -3.59   0.000    -.0022494    -.000661
sei_pfrnbr~d |  -.0008051   .0004069    -1.98   0.048    -.0016027   -7.51e-06
sei_pfrnbr~q |   .0000153   8.25e-06     1.86   0.063    -8.60e-07    .0000315
imm1_cat2_~d |    .106422     .02348     4.53   0.000     .0604021    .1524419
imm1_cat2_.. |  -.0018233   .0004739    -3.85   0.000    -.0027522   -.0008943
imm1_cat3_~d |   .0774034   .0212412     3.64   0.000     .0357714    .1190355
imm1_cat3_.. |  -.0001639   .0004203    -0.39   0.697    -.0009876    .0006598
sei_imm1_c.. |  -.0004246   .0004901    -0.87   0.386    -.0013851    .0005359
sei_imm1_c.. |   .0000101   9.83e-06     1.03   0.304    -9.15e-06    .0000294
sei_imm1_c.. |   .0003198   .0004406     0.73   0.468    -.0005437    .0011833
sei_imm1_c.. |  -4.61e-06   8.64e-06    -0.53   0.594    -.0000215    .0000123
dest_ed_me~i |    .200477   .0624387     3.21   0.001     .0780995    .3228545
dest_ed_me~q |  -.0181149   .0033034    -5.48   0.000    -.0245893   -.0116404
 sei_msei_ed |  -.0015651   .0014527    -1.08   0.281    -.0044124    .0012821
sei_msei_e~q |   .0001702   .0000724     2.35   0.019     .0000282    .0003122
sei1_cat2_~d |   .3802002   .0732932     5.19   0.000     .2365483    .5238522
sei1_cat2_.. |  -.0092942   .0037182    -2.50   0.012    -.0165817   -.0020067
sei1_cat3_~d |   .3555737   .0913952     3.89   0.000     .1764424    .5347051
sei1_cat3_.. |  -.0053425   .0042202    -1.27   0.206    -.0136139    .0029289
sei_sei1_c.. |   .0006849   .0016792     0.41   0.683    -.0026064    .0039762
sei_sei1_c.. |  -.0000359   .0000809    -0.44   0.657    -.0001945    .0001227
sei_sei1_c.. |   .0030209   .0019702     1.53   0.125    -.0008407    .0068825
sei_sei1_c.. |  -.0001131   .0000883    -1.28   0.200    -.0002861    .0000599
        dist |  -.0012181   .0000468   -26.03   0.000    -.0013098   -.0011264
     dist_sq |   3.78e-08   2.24e-09    16.86   0.000     3.34e-08    4.22e-08
    sei_dist |   1.08e-06   1.10e-06     0.98   0.326    -1.08e-06    3.24e-06
 sei_dist_sq |  -2.44e-11   5.38e-11    -0.45   0.650    -1.30e-10    8.10e-11
bla1_cat2_~t |   .0000284   .0000251     1.13   0.257    -.0000207    .0000775
bl~2_dist_sq |  -6.72e-09   1.34e-09    -5.03   0.000    -9.34e-09   -4.10e-09
bla1_cat3_~t |    .000185   .0000458     4.04   0.000     .0000952    .0002748
bl~3_dist_sq |  -1.26e-08   2.82e-09    -4.46   0.000    -1.81e-08   -7.07e-09
imm1_cat2_~t |   -.000126   .0000376    -3.35   0.001    -.0001996   -.0000523
im~2_dist_sq |   1.05e-08   1.83e-09     5.75   0.000     6.94e-09    1.41e-08
imm1_cat3_~t |   .0001503   .0000371     4.05   0.000     .0000775    .0002231
im~3_dist_sq |   1.55e-10   1.86e-09     0.08   0.934    -3.49e-09    3.80e-09
sei1_cat2_~t |   .0002056   .0000332     6.19   0.000     .0001406    .0002707
sei1_cat2_.. |  -3.34e-09   1.72e-09    -1.95   0.052    -6.71e-09    2.48e-11
sei1_cat3_~t |   .0002405    .000042     5.73   0.000     .0001582    .0003228
sei1_cat3_.. |  -1.08e-09   2.15e-09    -0.50   0.616    -5.30e-09    3.14e-09
sei_b~2_dist |  -1.35e-06   5.67e-07    -2.39   0.017    -2.46e-06   -2.41e-07
sei_bla1_c.. |   1.09e-10   3.00e-11     3.64   0.000     5.04e-11    1.68e-10
sei_b~3_dist |  -7.16e-07   9.72e-07    -0.74   0.461    -2.62e-06    1.19e-06
sei_bla1_c.. |   1.02e-10   5.98e-11     1.70   0.089    -1.55e-11    2.19e-10
sei_i~2_dist |   1.33e-06   8.06e-07     1.65   0.099    -2.49e-07    2.91e-06
sei_imm1_c.. |  -9.08e-11   4.03e-11    -2.25   0.024    -1.70e-10   -1.18e-11
sei_i~3_dist |   2.77e-06   8.06e-07     3.43   0.001     1.19e-06    4.35e-06
sei_imm1_c.. |  -1.07e-10   4.19e-11    -2.55   0.011    -1.89e-10   -2.47e-11
sei_s~2_dist |   4.57e-08   8.45e-07     0.05   0.957    -1.61e-06    1.70e-06
sei_sei1_c.. |  -4.86e-12   4.29e-11    -0.11   0.910    -8.89e-11    7.92e-11
sei_s~3_dist |  -6.06e-07   9.94e-07    -0.61   0.542    -2.55e-06    1.34e-06
sei_sei1_c.. |   3.35e-11   5.03e-11     0.67   0.505    -6.51e-11    1.32e-10
------------------------------------------------------------------------------

. clogit, or

Conditional (fixed-effects) logistic regression

                                                Number of obs     =  3,978,811
                                                LR chi2(57)       =   57242.34
                                                Prob > chi2       =     0.0000
Log likelihood = -84344.512                     Pseudo R2         =     0.2534

------------------------------------------------------------------------------
      choice | Odds Ratio   Std. Err.      z    P>|z|     [95% Conf. Interval]
-------------+----------------------------------------------------------------
dest_ed_pc~k |   .9360253   .0043542   -14.21   0.000     .9275301    .9445984
dest_ed~k_sq |   1.000623   .0000726     8.59   0.000     1.000481    1.000766
sei_pblack~d |   .9999633   .0001083    -0.34   0.734      .999751    1.000176
sei_pblack~q |   1.000001   1.69e-06     0.36   0.722     .9999973    1.000004
bla1_cat2_~d |   1.052744   .0078051     6.93   0.000     1.037557    1.068153
bla1_cat2_.. |   .9993079   .0001267    -5.46   0.000     .9990596    .9995563
bla1_cat3_~d |   1.072701   .0097377     7.73   0.000     1.053784    1.091957
bla1_cat3_.. |   .9992706   .0001375    -5.30   0.000     .9990011    .9995402
sei_bla1_c.. |   1.000047   .0001712     0.27   0.784     .9997115    1.000383
sei_bla1_c.. |   .9999999   2.95e-06    -0.05   0.963     .9999941    1.000006
sei_bla1_c.. |   1.000349   .0001971     1.77   0.077     .9999625    1.000735
sei_bla1_c.. |   .9999956   2.98e-06    -1.48   0.140     .9999898    1.000001
dest_ed_pc~n |   1.036615   .0206697     1.80   0.071     .9968842    1.077929
dest_ed~n_sq |   .9985459   .0004046    -3.59   0.000     .9977532    .9993392
sei_pfrnbr~d |   .9991952   .0004066    -1.98   0.048     .9983986    .9999925
sei_pfrnbr~q |   1.000015   8.25e-06     1.86   0.063     .9999991    1.000031
imm1_cat2_~d |   1.112291   .0261166     4.53   0.000     1.062264    1.164675
imm1_cat2_.. |   .9981784   .0004731    -3.85   0.000     .9972516    .9991061
imm1_cat3_~d |   1.080478   .0229507     3.64   0.000     1.036419     1.12641
imm1_cat3_.. |   .9998361   .0004202    -0.39   0.697     .9990129     1.00066
sei_imm1_c.. |   .9995755   .0004898    -0.87   0.386     .9986159    1.000536
sei_imm1_c.. |    1.00001   9.83e-06     1.03   0.304     .9999908    1.000029
sei_imm1_c.. |    1.00032   .0004407     0.73   0.468     .9994565    1.001184
sei_imm1_c.. |   .9999954   8.64e-06    -0.53   0.594     .9999785    1.000012
dest_ed_me~i |   1.221985   .0762991     3.21   0.001      1.08123    1.381064
dest_ed_me~q |   .9820482    .003244    -5.48   0.000     .9757105    .9884271
 sei_msei_ed |   .9984361   .0014504    -1.08   0.281     .9955974    1.001283
sei_msei_e~q |    1.00017   .0000724     2.35   0.019     1.000028    1.000312
sei1_cat2_~d |   1.462577   .1071969     5.19   0.000     1.266869     1.68852
sei1_cat2_.. |   .9907489   .0036838    -2.50   0.012     .9835551    .9979953
sei1_cat3_~d |   1.426999   .1304209     3.89   0.000     1.192966    1.706945
sei1_cat3_.. |   .9946717   .0041977    -1.27   0.206     .9864783    1.002933
sei_sei1_c.. |   1.000685   .0016804     0.41   0.683      .997397    1.003984
sei_sei1_c.. |   .9999641   .0000809    -0.44   0.657     .9998055    1.000123
sei_sei1_c.. |   1.003025   .0019762     1.53   0.125     .9991597    1.006906
sei_sei1_c.. |   .9998869   .0000883    -1.28   0.200     .9997139     1.00006
        dist |   .9987827   .0000467   -26.03   0.000     .9986911    .9988743
     dist_sq |          1   2.24e-09    16.86   0.000            1           1
    sei_dist |   1.000001   1.10e-06     0.98   0.326     .9999989    1.000003
 sei_dist_sq |          1   5.38e-11    -0.45   0.650            1           1
bla1_cat2_~t |   1.000028   .0000251     1.13   0.257     .9999793    1.000078
bl~2_dist_sq |          1   1.34e-09    -5.03   0.000            1           1
bla1_cat3_~t |   1.000185   .0000458     4.04   0.000     1.000095    1.000275
bl~3_dist_sq |          1   2.82e-09    -4.46   0.000            1           1
imm1_cat2_~t |    .999874   .0000376    -3.35   0.001     .9998004    .9999477
im~2_dist_sq |          1   1.83e-09     5.75   0.000            1           1
imm1_cat3_~t |    1.00015   .0000371     4.05   0.000     1.000077    1.000223
im~3_dist_sq |          1   1.86e-09     0.08   0.934            1           1
sei1_cat2_~t |   1.000206   .0000332     6.19   0.000     1.000141    1.000271
sei1_cat2_.. |          1   1.72e-09    -1.95   0.052            1           1
sei1_cat3_~t |   1.000241    .000042     5.73   0.000     1.000158    1.000323
sei1_cat3_.. |          1   2.15e-09    -0.50   0.616            1           1
sei_b~2_dist |   .9999986   5.67e-07    -2.39   0.017     .9999975    .9999998
sei_bla1_c.. |          1   3.00e-11     3.64   0.000            1           1
sei_b~3_dist |   .9999993   9.72e-07    -0.74   0.461     .9999974    1.000001
sei_bla1_c.. |          1   5.98e-11     1.70   0.089            1           1
sei_i~2_dist |   1.000001   8.06e-07     1.65   0.099     .9999998    1.000003
sei_imm1_c.. |          1   4.03e-11    -2.25   0.024            1           1
sei_i~3_dist |   1.000003   8.06e-07     3.43   0.001     1.000001    1.000004
sei_imm1_c.. |          1   4.19e-11    -2.55   0.011            1           1
sei_s~2_dist |          1   8.45e-07     0.05   0.957     .9999984    1.000002
sei_sei1_c.. |          1   4.29e-11    -0.11   0.910            1           1
sei_s~3_dist |   .9999994   9.94e-07    -0.61   0.542     .9999974    1.000001
sei_sei1_c.. |          1   5.03e-11     0.67   0.505            1           1
------------------------------------------------------------------------------

. 
. * generate predicted probabilities of household destination choices
. predict phat
(option pc1 assumed; probability of success given one success within group)

. 
. * save data with predictions
. export delim using "/home/bbellman/census-linking/data/for_models/dc_example_
> preds/obsv-wimm-20-preds-cats.csv", replace
file /home/bbellman/census-linking/data/for_models/dc_example_preds/obsv-wimm-2
> 0-preds-cats.csv saved

. 
. 
. 
. 
. 
. 
. 
. *** White immigrant sample, 1920-1930 movers
. 
. * load observed data
. import delim using "/home/bbellman/census-linking/data/for_models/phl_discret
> e_choice_wimm_30-cats.csv", clear
(80 vars, 2,271,805 obs)

. duplicates drop

Duplicates in terms of all variables

(16,719 observations deleted)

. 
. * run conditional logit model
. clogit choice dest_ed_pct_black dest_ed_pct_black_sq sei_pblack_ed sei_pblack
> _ed_sq bla1_cat2_pblack_ed bla1_cat2_pblack_ed_sq bla1_cat3_pblack_ed bla1_ca
> t3_pblack_ed_sq sei_bla1_cat2_pblack_ed sei_bla1_cat2_pblack_ed_sq sei_bla1_c
> at3_pblack_ed sei_bla1_cat3_pblack_ed_sq dest_ed_pct_frnbrn dest_ed_pct_frnbr
> n_sq sei_pfrnbrn_ed sei_pfrnbrn_ed_sq imm1_cat2_pfrnbrn_ed imm1_cat2_pfrnbrn_
> ed_sq imm1_cat3_pfrnbrn_ed imm1_cat3_pfrnbrn_ed_sq sei_imm1_cat2_pfrnbrn_ed s
> ei_imm1_cat2_pfrnbrn_ed_sq sei_imm1_cat3_pfrnbrn_ed sei_imm1_cat3_pfrnbrn_ed_
> sq dest_ed_mean_sei dest_ed_mean_sei_sq sei_msei_ed sei_msei_ed_sq sei1_cat2_
> msei_ed sei1_cat2_msei_ed_sq sei1_cat3_msei_ed sei1_cat3_msei_ed_sq sei_sei1_
> cat2_msei_ed sei_sei1_cat2_msei_ed_sq sei_sei1_cat3_msei_ed sei_sei1_cat3_mse
> i_ed_sq dist dist_sq sei_dist sei_dist_sq bla1_cat2_dist bla1_cat2_dist_sq bl
> a1_cat3_dist bla1_cat3_dist_sq imm1_cat2_dist imm1_cat2_dist_sq imm1_cat3_dis
> t imm1_cat3_dist_sq sei1_cat2_dist sei1_cat2_dist_sq sei1_cat3_dist sei1_cat3
> _dist_sq sei_bla1_cat2_dist sei_bla1_cat2_dist_sq sei_bla1_cat3_dist sei_bla1
> _cat3_dist_sq sei_imm1_cat2_dist sei_imm1_cat2_dist_sq sei_imm1_cat3_dist sei
> _imm1_cat3_dist_sq sei_sei1_cat2_dist sei_sei1_cat2_dist_sq sei_sei1_cat3_dis
> t sei_sei1_cat3_dist_sq, group(serial1)

Iteration 0:   log likelihood =  -65735.03  
Iteration 1:   log likelihood = -64974.988  
Iteration 2:   log likelihood =  -64879.55  
Iteration 3:   log likelihood = -64877.304  
Iteration 4:   log likelihood = -64877.297  
Iteration 5:   log likelihood = -64877.297  

Conditional (fixed-effects) logistic regression

                                                Number of obs     =  2,255,086
                                                LR chi2(56)       =   46927.11
                                                Prob > chi2       =     0.0000
Log likelihood = -64877.297                     Pseudo R2         =     0.2656

------------------------------------------------------------------------------
      choice |      Coef.   Std. Err.      z    P>|z|     [95% Conf. Interval]
-------------+----------------------------------------------------------------
dest_ed_pc~k |  -.0574516   .0042387   -13.55   0.000    -.0657593   -.0491439
dest_ed~k_sq |   .0005645   .0000637     8.86   0.000     .0004397    .0006894
sei_pblack~d |  -4.22e-06   .0001024    -0.04   0.967    -.0002049    .0001965
sei_pblack~q |   1.71e-06   1.53e-06     1.12   0.264    -1.29e-06    4.71e-06
bla1_cat2_~d |   .0368678   .0063423     5.81   0.000     .0244371    .0492985
bla1_cat2_.. |  -.0004442   .0001006    -4.42   0.000    -.0006413   -.0002471
bla1_cat3_~d |   .0652214   .0075658     8.62   0.000     .0503926    .0800501
bla1_cat3_.. |   -.000714   .0001049    -6.80   0.000    -.0009197   -.0005083
sei_bla1_c.. |   .0003241   .0001539     2.11   0.035     .0000225    .0006256
sei_bla1_c.. |  -4.22e-06   2.48e-06    -1.70   0.089    -9.09e-06    6.45e-07
sei_bla1_c.. |   .0000323   .0001732     0.19   0.852    -.0003071    .0003717
sei_bla1_c.. |   1.18e-06   2.38e-06     0.50   0.618    -3.47e-06    5.84e-06
dest_ed_pc~n |   .0850893   .0210058     4.05   0.000     .0439187    .1262599
dest_ed~n_sq |  -.0028593   .0004681    -6.11   0.000    -.0037767   -.0019419
sei_pfrnbr~d |  -.0009597   .0004037    -2.38   0.017    -.0017509   -.0001685
sei_pfrnbr~q |    .000035   8.50e-06     4.12   0.000     .0000184    .0000517
imm1_cat2_~d |   .0783349   .0257278     3.04   0.002     .0279094    .1287604
imm1_cat2_.. |  -.0009652   .0005679    -1.70   0.089    -.0020783    .0001479
imm1_cat3_~d |   .0854957   .0225578     3.79   0.000     .0412833    .1297082
imm1_cat3_.. |   .0004376   .0004883     0.90   0.370    -.0005194    .0013946
sei_imm1_c.. |  -.0000201   .0005125    -0.04   0.969    -.0010246    .0009844
sei_imm1_c.. |  -2.80e-06   .0000107    -0.26   0.793    -.0000238    .0000182
sei_imm1_c.. |   .0013951   .0004516     3.09   0.002     .0005101    .0022802
sei_imm1_c.. |  -.0000356   9.14e-06    -3.90   0.000    -.0000536   -.0000177
dest_ed_me~i |   .1628184   .0280223     5.81   0.000     .1078958    .2177411
dest_ed_me~q |  -.0107362   .0012356    -8.69   0.000     -.013158   -.0083145
 sei_msei_ed |   .0042823   .0007237     5.92   0.000     .0028639    .0057006
sei_msei_e~q |  -.0000411   .0000291    -1.41   0.157    -.0000982    .0000159
sei1_cat2_~d |   .5581799   .0568769     9.81   0.000     .4467031    .6696566
sei1_cat2_.. |  -.0177713   .0022803    -7.79   0.000    -.0222407    -.013302
sei1_cat3_~d |     .67268   .1676434     4.01   0.000      .344105    1.001255
sei1_cat3_.. |  -.0175328   .0057914    -3.03   0.002    -.0288837   -.0061819
sei_sei1_c.. |  -.0005659    .001276    -0.44   0.657    -.0030668     .001935
sei_sei1_c.. |   .0000359   .0000487     0.74   0.461    -.0000595    .0001313
sei_sei1_c.. |   -.000651   .0030551    -0.21   0.831    -.0066388    .0053368
sei_sei1_c.. |   .0000278   .0001035     0.27   0.789    -.0001751    .0002306
        dist |  -.0010423   .0000337   -30.94   0.000    -.0011083   -.0009763
     dist_sq |   3.29e-08   1.58e-09    20.84   0.000     2.98e-08    3.60e-08
    sei_dist |   4.95e-06   7.32e-07     6.77   0.000     3.52e-06    6.39e-06
 sei_dist_sq |  -1.33e-10   3.60e-11    -3.69   0.000    -2.03e-10   -6.23e-11
bla1_cat2_~t |   8.39e-06   .0000234     0.36   0.720    -.0000374    .0000542
bl~2_dist_sq |  -2.08e-09   1.24e-09    -1.68   0.093    -4.51e-09    3.44e-10
bla1_cat3_~t |   .0000583   .0000371     1.57   0.116    -.0000143     .000131
bl~3_dist_sq |  -4.31e-09   1.84e-09    -2.34   0.019    -7.92e-09   -7.03e-10
imm1_cat2_~t |   -.000044   .0000332    -1.32   0.186    -.0001091    .0000211
im~2_dist_sq |   3.94e-09   1.54e-09     2.56   0.011     9.19e-10    6.96e-09
imm1_cat3_~t |   .0001106   .0000314     3.53   0.000     .0000491    .0001721
im~3_dist_sq |   1.82e-09   1.45e-09     1.25   0.210    -1.03e-09    4.67e-09
sei1_cat2_~t |   .0002017   .0000225     8.96   0.000     .0001576    .0002459
sei1_cat2_.. |  -5.87e-09   1.15e-09    -5.09   0.000    -8.13e-09   -3.61e-09
sei1_cat3_~t |    .000273   .0000572     4.77   0.000     .0001608    .0003851
sei1_cat3_.. |  -6.52e-09   2.78e-09    -2.35   0.019    -1.20e-08   -1.08e-09
sei_b~2_dist |  -4.53e-07   5.29e-07    -0.86   0.392    -1.49e-06    5.85e-07
sei_bla1_c.. |   2.44e-11   2.93e-11     0.83   0.404    -3.29e-11    8.18e-11
sei_b~3_dist |   6.14e-07   7.96e-07     0.77   0.440    -9.46e-07    2.17e-06
sei_bla1_c.. |  -8.82e-12   4.20e-11    -0.21   0.834    -9.12e-11    7.36e-11
sei_i~2_dist |   1.77e-06   6.99e-07     2.54   0.011     4.03e-07    3.14e-06
sei_imm1_c.. |  -8.82e-11   3.34e-11    -2.64   0.008    -1.54e-10   -2.28e-11
sei_i~3_dist |   1.81e-06   6.59e-07     2.74   0.006     5.14e-07    3.10e-06
sei_imm1_c.. |  -1.17e-10   3.17e-11    -3.69   0.000    -1.79e-10   -5.49e-11
sei_s~2_dist |  -2.79e-06   5.17e-07    -5.39   0.000    -3.81e-06   -1.78e-06
sei_sei1_c.. |   1.12e-10   2.81e-11     4.00   0.000     5.72e-11    1.67e-10
sei_s~3_dist |  -2.80e-06   1.06e-06    -2.65   0.008    -4.88e-06   -7.33e-07
sei_sei1_c.. |   8.40e-11   5.32e-11     1.58   0.114    -2.02e-11    1.88e-10
------------------------------------------------------------------------------

. clogit, or

Conditional (fixed-effects) logistic regression

                                                Number of obs     =  2,255,086
                                                LR chi2(56)       =   46927.11
                                                Prob > chi2       =     0.0000
Log likelihood = -64877.297                     Pseudo R2         =     0.2656

------------------------------------------------------------------------------
      choice | Odds Ratio   Std. Err.      z    P>|z|     [95% Conf. Interval]
-------------+----------------------------------------------------------------
dest_ed_pc~k |   .9441676    .004002   -13.55   0.000     .9363563    .9520441
dest_ed~k_sq |   1.000565   .0000637     8.86   0.000      1.00044     1.00069
sei_pblack~d |   .9999958   .0001024    -0.04   0.967     .9997951    1.000196
sei_pblack~q |   1.000002   1.53e-06     1.12   0.264     .9999987    1.000005
bla1_cat2_~d |   1.037556   .0065805     5.81   0.000     1.024738    1.050534
bla1_cat2_.. |   .9995559   .0001005    -4.42   0.000     .9993589    .9997529
bla1_cat3_~d |   1.067395   .0080757     8.62   0.000     1.051684    1.083341
bla1_cat3_.. |   .9992862   .0001049    -6.80   0.000     .9990807    .9994918
sei_bla1_c.. |   1.000324   .0001539     2.11   0.035     1.000022    1.000626
sei_bla1_c.. |   .9999958   2.48e-06    -1.70   0.089     .9999909    1.000001
sei_bla1_c.. |   1.000032   .0001732     0.19   0.852      .999693    1.000372
sei_bla1_c.. |   1.000001   2.38e-06     0.50   0.618     .9999965    1.000006
dest_ed_pc~n |   1.088814   .0228714     4.05   0.000     1.044897    1.134577
dest_ed~n_sq |   .9971448   .0004667    -6.11   0.000     .9962304      .99806
sei_pfrnbr~d |   .9990408   .0004033    -2.38   0.017     .9982507    .9998315
sei_pfrnbr~q |   1.000035   8.50e-06     4.12   0.000     1.000018    1.000052
imm1_cat2_~d |   1.081485   .0278242     3.04   0.002     1.028303    1.137418
imm1_cat2_.. |   .9990353   .0005674    -1.70   0.089     .9979238    1.000148
imm1_cat3_~d |   1.089257   .0245712     3.79   0.000     1.042147    1.138496
imm1_cat3_.. |   1.000438   .0004885     0.90   0.370     .9994807    1.001396
sei_imm1_c.. |   .9999799   .0005125    -0.04   0.969      .998976    1.000985
sei_imm1_c.. |   .9999972   .0000107    -0.26   0.793     .9999762    1.000018
sei_imm1_c.. |   1.001396   .0004522     3.09   0.002      1.00051    1.002283
sei_imm1_c.. |   .9999644   9.14e-06    -3.90   0.000     .9999464    .9999823
dest_ed_me~i |   1.176823   .0329772     5.81   0.000     1.113932    1.243265
dest_ed_me~q |   .9893212   .0012224    -8.69   0.000     .9869282      .99172
 sei_msei_ed |   1.004291   .0007268     5.92   0.000     1.002868    1.005717
sei_msei_e~q |   .9999589   .0000291    -1.41   0.157     .9999018    1.000016
sei1_cat2_~d |   1.747489   .0993918     9.81   0.000      1.56315    1.953566
sei1_cat2_.. |   .9823856   .0022402    -7.79   0.000     .9780048    .9867861
sei1_cat3_~d |   1.959482   .3284942     4.01   0.000     1.410727    2.721696
sei1_cat3_.. |     .98262   .0056907    -3.03   0.002     .9715294    .9938372
sei_sei1_c.. |   .9994342   .0012753    -0.44   0.657     .9969379    1.001937
sei_sei1_c.. |   1.000036   .0000487     0.74   0.461     .9999405    1.000131
sei_sei1_c.. |   .9993492   .0030531    -0.21   0.831     .9933832    1.005351
sei_sei1_c.. |   1.000028   .0001035     0.27   0.789     .9998249    1.000231
        dist |   .9989582   .0000336   -30.94   0.000     .9988923    .9990242
     dist_sq |          1   1.58e-09    20.84   0.000            1           1
    sei_dist |   1.000005   7.32e-07     6.77   0.000     1.000004    1.000006
 sei_dist_sq |          1   3.60e-11    -3.69   0.000            1           1
bla1_cat2_~t |   1.000008   .0000234     0.36   0.720     .9999626    1.000054
bl~2_dist_sq |          1   1.24e-09    -1.68   0.093            1           1
bla1_cat3_~t |   1.000058   .0000371     1.57   0.116     .9999857    1.000131
bl~3_dist_sq |          1   1.84e-09    -2.34   0.019            1           1
imm1_cat2_~t |    .999956   .0000332    -1.32   0.186     .9998909    1.000021
im~2_dist_sq |          1   1.54e-09     2.56   0.011            1           1
imm1_cat3_~t |   1.000111   .0000314     3.53   0.000     1.000049    1.000172
im~3_dist_sq |          1   1.45e-09     1.25   0.210            1           1
sei1_cat2_~t |   1.000202   .0000225     8.96   0.000     1.000158    1.000246
sei1_cat2_.. |          1   1.15e-09    -5.09   0.000            1           1
sei1_cat3_~t |   1.000273   .0000573     4.77   0.000     1.000161    1.000385
sei1_cat3_.. |          1   2.78e-09    -2.35   0.019            1           1
sei_b~2_dist |   .9999995   5.29e-07    -0.86   0.392     .9999985    1.000001
sei_bla1_c.. |          1   2.93e-11     0.83   0.404            1           1
sei_b~3_dist |   1.000001   7.96e-07     0.77   0.440     .9999991    1.000002
sei_bla1_c.. |          1   4.20e-11    -0.21   0.834            1           1
sei_i~2_dist |   1.000002   6.99e-07     2.54   0.011            1    1.000003
sei_imm1_c.. |          1   3.34e-11    -2.64   0.008            1           1
sei_i~3_dist |   1.000002   6.59e-07     2.74   0.006     1.000001    1.000003
sei_imm1_c.. |          1   3.17e-11    -3.69   0.000            1           1
sei_s~2_dist |   .9999972   5.17e-07    -5.39   0.000     .9999962    .9999982
sei_sei1_c.. |          1   2.81e-11     4.00   0.000            1           1
sei_s~3_dist |   .9999972   1.06e-06    -2.65   0.008     .9999951    .9999993
sei_sei1_c.. |          1   5.32e-11     1.58   0.114            1           1
------------------------------------------------------------------------------

. 
. * generate predicted probabilities of household destination choices
. predict phat
(option pc1 assumed; probability of success given one success within group)

. 
. * save data with predictions
. export delim using "/home/bbellman/census-linking/data/for_models/dc_example_
> preds/obsv-wimm-30-preds-cats.csv", replace
file /home/bbellman/census-linking/data/for_models/dc_example_preds/obsv-wimm-3
> 0-preds-cats.csv saved

. 
. 
. 
. 
. 
. 
. *** White immigrant sample, 1930-1940 movers
. 
. * load observed data
. import delim using "/home/bbellman/census-linking/data/for_models/phl_discret
> e_choice_wimm_40-cats.csv", clear
(80 vars, 4,497,309 obs)

. duplicates drop

Duplicates in terms of all variables

(4,547 observations deleted)

. 
. * run conditional logit model
. clogit choice dest_ed_pct_black dest_ed_pct_black_sq sei_pblack_ed sei_pblack
> _ed_sq bla1_cat2_pblack_ed bla1_cat2_pblack_ed_sq bla1_cat3_pblack_ed bla1_ca
> t3_pblack_ed_sq sei_bla1_cat2_pblack_ed sei_bla1_cat2_pblack_ed_sq sei_bla1_c
> at3_pblack_ed sei_bla1_cat3_pblack_ed_sq dest_ed_pct_frnbrn dest_ed_pct_frnbr
> n_sq sei_pfrnbrn_ed sei_pfrnbrn_ed_sq imm1_cat2_pfrnbrn_ed imm1_cat2_pfrnbrn_
> ed_sq imm1_cat3_pfrnbrn_ed imm1_cat3_pfrnbrn_ed_sq sei_imm1_cat2_pfrnbrn_ed s
> ei_imm1_cat2_pfrnbrn_ed_sq sei_imm1_cat3_pfrnbrn_ed sei_imm1_cat3_pfrnbrn_ed_
> sq dest_ed_mean_sei dest_ed_mean_sei_sq sei_msei_ed sei_msei_ed_sq sei1_cat2_
> msei_ed sei1_cat2_msei_ed_sq sei1_cat3_msei_ed sei1_cat3_msei_ed_sq sei_sei1_
> cat2_msei_ed sei_sei1_cat2_msei_ed_sq sei_sei1_cat3_msei_ed sei_sei1_cat3_mse
> i_ed_sq dist dist_sq sei_dist sei_dist_sq bla1_cat2_dist bla1_cat2_dist_sq bl
> a1_cat3_dist bla1_cat3_dist_sq imm1_cat2_dist imm1_cat2_dist_sq imm1_cat3_dis
> t imm1_cat3_dist_sq sei1_cat2_dist sei1_cat2_dist_sq sei1_cat3_dist sei1_cat3
> _dist_sq sei_bla1_cat2_dist sei_bla1_cat2_dist_sq sei_bla1_cat3_dist sei_bla1
> _cat3_dist_sq sei_imm1_cat2_dist sei_imm1_cat2_dist_sq sei_imm1_cat3_dist sei
> _imm1_cat3_dist_sq sei_sei1_cat2_dist sei_sei1_cat2_dist_sq sei_sei1_cat3_dis
> t sei_sei1_cat3_dist_sq, group(serial1)

Iteration 0:   log likelihood = -70778.585  
Iteration 1:   log likelihood = -69933.512  
Iteration 2:   log likelihood = -69624.776  
Iteration 3:   log likelihood = -69565.592  
Iteration 4:   log likelihood = -69553.912  
Iteration 5:   log likelihood = -69553.758  
Iteration 6:   log likelihood = -69553.758  

Conditional (fixed-effects) logistic regression

                                                Number of obs     =  4,492,762
                                                LR chi2(56)       =   92227.86
                                                Prob > chi2       =     0.0000
Log likelihood = -69553.758                     Pseudo R2         =     0.3987

------------------------------------------------------------------------------
      choice |      Coef.   Std. Err.      z    P>|z|     [95% Conf. Interval]
-------------+----------------------------------------------------------------
dest_ed_pc~k |  -.0676619   .0062307   -10.86   0.000    -.0798739     -.05545
dest_ed~k_sq |   .0005639   .0000855     6.59   0.000     .0003963    .0007314
sei_pblack~d |   .0003753   .0001396     2.69   0.007     .0001018    .0006489
sei_pblack~q |  -2.91e-07   1.88e-06    -0.15   0.877    -3.98e-06    3.40e-06
bla1_cat2_~d |   .0485031   .0082884     5.85   0.000     .0322582     .064748
bla1_cat2_.. |  -.0006242   .0001271    -4.91   0.000    -.0008733   -.0003752
bla1_cat3_~d |   .0942336   .0077474    12.16   0.000      .079049    .1094182
bla1_cat3_.. |  -.0009667   .0001046    -9.24   0.000    -.0011716   -.0007617
sei_bla1_c.. |   2.06e-06   .0001871     0.01   0.991    -.0003646    .0003687
sei_bla1_c.. |   2.61e-07   2.78e-06     0.09   0.925    -5.18e-06    5.70e-06
sei_bla1_c.. |  -.0000514   .0001718    -0.30   0.765    -.0003882    .0002854
sei_bla1_c.. |   5.20e-07   2.27e-06     0.23   0.819    -3.94e-06    4.97e-06
dest_ed_pc~n |   .0652396   .0195857     3.33   0.001     .0268523    .1036269
dest_ed~n_sq |  -.0026556   .0005147    -5.16   0.000    -.0036644   -.0016467
sei_pfrnbr~d |  -.0007074   .0003607    -1.96   0.050    -.0014144   -3.78e-07
sei_pfrnbr~q |   .0000321   8.93e-06     3.60   0.000     .0000146    .0000496
imm1_cat2_~d |   .2035584   .0250001     8.14   0.000     .1545592    .2525576
imm1_cat2_.. |  -.0040978    .000651    -6.29   0.000    -.0053737   -.0028218
imm1_cat3_~d |   .1128841   .0225038     5.02   0.000     .0687775    .1569907
imm1_cat3_.. |   .0002906   .0005554     0.52   0.601     -.000798    .0013791
sei_imm1_c.. |  -.0002661   .0004853    -0.55   0.583    -.0012173     .000685
sei_imm1_c.. |   4.72e-06    .000012     0.39   0.695    -.0000189    .0000283
sei_imm1_c.. |   .0022142   .0004425     5.00   0.000     .0013469    .0030815
sei_imm1_c.. |  -.0000553   .0000101    -5.46   0.000    -.0000752   -.0000355
dest_ed_me~i |  -.0727477   .0323407    -2.25   0.024    -.1361344   -.0093611
dest_ed_me~q |  -.0023681   .0011467    -2.07   0.039    -.0046156   -.0001205
 sei_msei_ed |    .004156   .0007305     5.69   0.000     .0027241    .0055878
sei_msei_e~q |  -.0000471   .0000242    -1.95   0.051    -.0000945    3.02e-07
sei1_cat2_~d |   .6542276   .0511827    12.78   0.000     .5539113    .7545438
sei1_cat2_.. |  -.0170097   .0016903   -10.06   0.000    -.0203225   -.0136968
sei1_cat3_~d |   .4169514    .070965     5.88   0.000     .2778626    .5560402
sei1_cat3_.. |  -.0067661   .0020115    -3.36   0.001    -.0107086   -.0028236
sei_sei1_c.. |  -.0038544   .0010586    -3.64   0.000    -.0059292   -.0017796
sei_sei1_c.. |   .0001254   .0000334     3.76   0.000       .00006    .0001909
sei_sei1_c.. |   .0003215   .0013403     0.24   0.810    -.0023054    .0029484
sei_sei1_c.. |  -4.99e-06   .0000373    -0.13   0.894    -.0000782    .0000682
        dist |  -.0013566   .0000393   -34.52   0.000    -.0014336   -.0012796
     dist_sq |   4.05e-08   1.59e-09    25.46   0.000     3.74e-08    4.37e-08
    sei_dist |   3.58e-06   8.57e-07     4.17   0.000     1.90e-06    5.26e-06
 sei_dist_sq |  -5.53e-11   3.67e-11    -1.51   0.132    -1.27e-10    1.66e-11
bla1_cat2_~t |  -.0000796   .0000293    -2.72   0.007    -.0001369   -.0000222
bl~2_dist_sq |   3.98e-09   1.25e-09     3.18   0.001     1.53e-09    6.44e-09
bla1_cat3_~t |   .0002447   .0000371     6.60   0.000     .0001721    .0003174
bl~3_dist_sq |  -1.18e-08   1.62e-09    -7.27   0.000    -1.50e-08   -8.61e-09
imm1_cat2_~t |  -.0002111   .0000345    -6.11   0.000    -.0002788   -.0001434
im~2_dist_sq |   1.25e-08   1.43e-09     8.69   0.000     9.65e-09    1.53e-08
imm1_cat3_~t |  -.0000291   .0000336    -0.87   0.387    -.0000948    .0000367
im~3_dist_sq |   9.02e-09   1.40e-09     6.43   0.000     6.27e-09    1.18e-08
sei1_cat2_~t |   .0002777   .0000289     9.62   0.000     .0002211    .0003343
sei1_cat2_.. |  -6.66e-09   1.24e-09    -5.36   0.000    -9.09e-09   -4.22e-09
sei1_cat3_~t |   .0003997   .0000415     9.62   0.000     .0003183     .000481
sei1_cat3_.. |  -1.08e-08   1.78e-09    -6.05   0.000    -1.43e-08   -7.30e-09
sei_b~2_dist |   2.02e-07   5.97e-07     0.34   0.735    -9.69e-07    1.37e-06
sei_bla1_c.. |  -1.20e-11   2.64e-11    -0.45   0.649    -6.36e-11    3.97e-11
sei_b~3_dist |  -1.92e-07   7.64e-07    -0.25   0.802    -1.69e-06    1.31e-06
sei_bla1_c.. |   3.02e-11   3.59e-11     0.84   0.401    -4.03e-11    1.01e-10
sei_i~2_dist |   2.61e-06   7.13e-07     3.66   0.000     1.21e-06    4.00e-06
sei_imm1_c.. |  -1.36e-10   3.01e-11    -4.52   0.000    -1.95e-10   -7.70e-11
sei_i~3_dist |   2.92e-06   6.82e-07     4.28   0.000     1.58e-06    4.26e-06
sei_imm1_c.. |  -1.42e-10   2.95e-11    -4.80   0.000    -1.99e-10   -8.38e-11
sei_s~2_dist |  -2.36e-06   6.45e-07    -3.65   0.000    -3.62e-06   -1.09e-06
sei_sei1_c.. |   6.36e-11   2.94e-11     2.16   0.031     5.98e-12    1.21e-10
sei_s~3_dist |  -2.49e-06   8.21e-07    -3.04   0.002    -4.10e-06   -8.83e-07
sei_sei1_c.. |   6.99e-11   3.65e-11     1.91   0.056    -1.72e-12    1.41e-10
------------------------------------------------------------------------------

. clogit, or

Conditional (fixed-effects) logistic regression

                                                Number of obs     =  4,492,762
                                                LR chi2(56)       =   92227.86
                                                Prob > chi2       =     0.0000
Log likelihood = -69553.758                     Pseudo R2         =     0.3987

------------------------------------------------------------------------------
      choice | Odds Ratio   Std. Err.      z    P>|z|     [95% Conf. Interval]
-------------+----------------------------------------------------------------
dest_ed_pc~k |   .9345764   .0058231   -10.86   0.000     .9232328    .9460593
dest_ed~k_sq |   1.000564   .0000856     6.59   0.000     1.000396    1.000732
sei_pblack~d |   1.000375   .0001396     2.69   0.007     1.000102    1.000649
sei_pblack~q |   .9999997   1.88e-06    -0.15   0.877      .999996    1.000003
bla1_cat2_~d |   1.049699   .0087003     5.85   0.000     1.032784     1.06689
bla1_cat2_.. |    .999376    .000127    -4.91   0.000     .9991271    .9996249
bla1_cat3_~d |   1.098816    .008513    12.16   0.000     1.082257    1.115629
bla1_cat3_.. |   .9990338   .0001045    -9.24   0.000     .9988291    .9992386
sei_bla1_c.. |   1.000002   .0001871     0.01   0.991     .9996354    1.000369
sei_bla1_c.. |          1   2.78e-06     0.09   0.925     .9999948    1.000006
sei_bla1_c.. |   .9999486   .0001718    -0.30   0.765     .9996119    1.000285
sei_bla1_c.. |   1.000001   2.27e-06     0.23   0.819     .9999961    1.000005
dest_ed_pc~n |   1.067415   .0209061     3.33   0.001     1.027216    1.109187
dest_ed~n_sq |   .9973479   .0005134    -5.16   0.000     .9963423    .9983547
sei_pfrnbr~d |   .9992929   .0003605    -1.96   0.050     .9985866    .9999996
sei_pfrnbr~q |   1.000032   8.93e-06     3.60   0.000     1.000015     1.00005
imm1_cat2_~d |   1.225757    .030644     8.14   0.000     1.167143    1.287314
imm1_cat2_.. |   .9959106   .0006484    -6.29   0.000     .9946407    .9971822
imm1_cat3_~d |   1.119502    .025193     5.02   0.000     1.071198    1.169985
imm1_cat3_.. |   1.000291   .0005556     0.52   0.601     .9992023     1.00138
sei_imm1_c.. |   .9997339   .0004852    -0.55   0.583     .9987834    1.000685
sei_imm1_c.. |   1.000005    .000012     0.39   0.695     .9999811    1.000028
sei_imm1_c.. |   1.002217   .0004435     5.00   0.000     1.001348    1.003086
sei_imm1_c.. |   .9999447   .0000101    -5.46   0.000     .9999248    .9999645
dest_ed_me~i |   .9298354   .0300716    -2.25   0.024     .8727253    .9906826
dest_ed_me~q |   .9976347    .001144    -2.07   0.039      .995395    .9998795
 sei_msei_ed |   1.004165   .0007336     5.69   0.000     1.002728    1.005603
sei_msei_e~q |   .9999529   .0000242    -1.95   0.051     .9999055           1
sei1_cat2_~d |   1.923656   .0984579    12.78   0.000     1.740046    2.126641
sei1_cat2_.. |   .9831342   .0016618   -10.06   0.000     .9798826    .9863965
sei1_cat3_~d |   1.517329   .1076772     5.88   0.000     1.320305    1.743754
sei1_cat3_.. |   .9932567    .001998    -3.36   0.001     .9893485    .9971803
sei_sei1_c.. |    .996153   .0010545    -3.64   0.000     .9940883     .998222
sei_sei1_c.. |   1.000125   .0000334     3.76   0.000      1.00006    1.000191
sei_sei1_c.. |   1.000322   .0013407     0.24   0.810     .9976973    1.002953
sei_sei1_c.. |    .999995   .0000373    -0.13   0.894     .9999218    1.000068
        dist |   .9986443   .0000392   -34.52   0.000     .9985674    .9987212
     dist_sq |          1   1.59e-09    25.46   0.000            1           1
    sei_dist |   1.000004   8.57e-07     4.17   0.000     1.000002    1.000005
 sei_dist_sq |          1   3.67e-11    -1.51   0.132            1           1
bla1_cat2_~t |   .9999204   .0000293    -2.72   0.007     .9998631    .9999778
bl~2_dist_sq |          1   1.25e-09     3.18   0.001            1           1
bla1_cat3_~t |   1.000245   .0000371     6.60   0.000     1.000172    1.000317
bl~3_dist_sq |          1   1.62e-09    -7.27   0.000            1           1
imm1_cat2_~t |   .9997889   .0000345    -6.11   0.000     .9997213    .9998566
im~2_dist_sq |          1   1.43e-09     8.69   0.000            1           1
imm1_cat3_~t |   .9999709   .0000336    -0.87   0.387     .9999052    1.000037
im~3_dist_sq |          1   1.40e-09     6.43   0.000            1           1
sei1_cat2_~t |   1.000278   .0000289     9.62   0.000     1.000221    1.000334
sei1_cat2_.. |          1   1.24e-09    -5.36   0.000            1           1
sei1_cat3_~t |     1.0004   .0000415     9.62   0.000     1.000318    1.000481
sei1_cat3_.. |          1   1.78e-09    -6.05   0.000            1           1
sei_b~2_dist |          1   5.97e-07     0.34   0.735      .999999    1.000001
sei_bla1_c.. |          1   2.64e-11    -0.45   0.649            1           1
sei_b~3_dist |   .9999998   7.64e-07    -0.25   0.802     .9999983    1.000001
sei_bla1_c.. |          1   3.59e-11     0.84   0.401            1           1
sei_i~2_dist |   1.000003   7.13e-07     3.66   0.000     1.000001    1.000004
sei_imm1_c.. |          1   3.01e-11    -4.52   0.000            1           1
sei_i~3_dist |   1.000003   6.82e-07     4.28   0.000     1.000002    1.000004
sei_imm1_c.. |          1   2.95e-11    -4.80   0.000            1           1
sei_s~2_dist |   .9999976   6.45e-07    -3.65   0.000     .9999964    .9999989
sei_sei1_c.. |          1   2.94e-11     2.16   0.031            1           1
sei_s~3_dist |   .9999975   8.21e-07    -3.04   0.002     .9999959    .9999991
sei_sei1_c.. |          1   3.65e-11     1.91   0.056            1           1
------------------------------------------------------------------------------

. 
. * generate predicted probabilities of household destination choices
. predict phat
(option pc1 assumed; probability of success given one success within group)

. 
. * save data with predictions
. export delim using "/home/bbellman/census-linking/data/for_models/dc_example_
> preds/obsv-wimm-40-preds-cats.csv", replace
file /home/bbellman/census-linking/data/for_models/dc_example_preds/obsv-wimm-4
> 0-preds-cats.csv saved

. 
. 
. 
. 
. 
. 
. ************
. 
. *** White native-born sample, 1910-1920 movers
. 
. * load observed data
. import delim using "/home/bbellman/census-linking/data/for_models/phl_discret
> e_choice_wnb_20-cats.csv", clear
(80 vars, 7,456,679 obs)

. duplicates drop

Duplicates in terms of all variables

(95,237 observations deleted)

. 
. * run conditional logit model
. clogit choice dest_ed_pct_black dest_ed_pct_black_sq sei_pblack_ed sei_pblack
> _ed_sq bla1_cat2_pblack_ed bla1_cat2_pblack_ed_sq bla1_cat3_pblack_ed bla1_ca
> t3_pblack_ed_sq sei_bla1_cat2_pblack_ed sei_bla1_cat2_pblack_ed_sq sei_bla1_c
> at3_pblack_ed sei_bla1_cat3_pblack_ed_sq dest_ed_pct_frnbrn dest_ed_pct_frnbr
> n_sq sei_pfrnbrn_ed sei_pfrnbrn_ed_sq imm1_cat2_pfrnbrn_ed imm1_cat2_pfrnbrn_
> ed_sq imm1_cat3_pfrnbrn_ed imm1_cat3_pfrnbrn_ed_sq sei_imm1_cat2_pfrnbrn_ed s
> ei_imm1_cat2_pfrnbrn_ed_sq sei_imm1_cat3_pfrnbrn_ed sei_imm1_cat3_pfrnbrn_ed_
> sq dest_ed_mean_sei dest_ed_mean_sei_sq sei_msei_ed sei_msei_ed_sq sei1_cat2_
> msei_ed sei1_cat2_msei_ed_sq sei1_cat3_msei_ed sei1_cat3_msei_ed_sq sei_sei1_
> cat2_msei_ed sei_sei1_cat2_msei_ed_sq sei_sei1_cat3_msei_ed sei_sei1_cat3_mse
> i_ed_sq dist dist_sq sei_dist sei_dist_sq bla1_cat2_dist bla1_cat2_dist_sq bl
> a1_cat3_dist bla1_cat3_dist_sq imm1_cat2_dist imm1_cat2_dist_sq imm1_cat3_dis
> t imm1_cat3_dist_sq sei1_cat2_dist sei1_cat2_dist_sq sei1_cat3_dist sei1_cat3
> _dist_sq sei_bla1_cat2_dist sei_bla1_cat2_dist_sq sei_bla1_cat3_dist sei_bla1
> _cat3_dist_sq sei_imm1_cat2_dist sei_imm1_cat2_dist_sq sei_imm1_cat3_dist sei
> _imm1_cat3_dist_sq sei_sei1_cat2_dist sei_sei1_cat2_dist_sq sei_sei1_cat3_dis
> t sei_sei1_cat3_dist_sq, group(serial1)

Iteration 0:   log likelihood = -137903.66  
Iteration 1:   log likelihood = -137363.23  
Iteration 2:   log likelihood = -137153.64  
Iteration 3:   log likelihood = -137151.73  
Iteration 4:   log likelihood =  -137151.7  
Iteration 5:   log likelihood =  -137151.7  

Conditional (fixed-effects) logistic regression

                                                Number of obs     =  7,361,442
                                                LR chi2(56)       =  143698.94
                                                Prob > chi2       =     0.0000
Log likelihood =  -137151.7                     Pseudo R2         =     0.3438

------------------------------------------------------------------------------
      choice |      Coef.   Std. Err.      z    P>|z|     [95% Conf. Interval]
-------------+----------------------------------------------------------------
dest_ed_pc~k |  -.0753667   .0050413   -14.95   0.000    -.0852474   -.0654859
dest_ed~k_sq |    .000455   .0000968     4.70   0.000     .0002653    .0006447
sei_pblack~d |  -.0000475   .0001098    -0.43   0.665    -.0002627    .0001677
sei_pblack~q |   1.08e-06   2.11e-06     0.51   0.608    -3.05e-06    5.21e-06
bla1_cat2_~d |   .0580997   .0073075     7.95   0.000     .0437773    .0724222
bla1_cat2_.. |  -.0007608   .0001532    -4.97   0.000     -.001061   -.0004606
bla1_cat3_~d |   .0742164   .0089319     8.31   0.000     .0567101    .0917226
bla1_cat3_.. |  -.0006734   .0001529    -4.40   0.000    -.0009731   -.0003737
sei_bla1_c.. |   .0004269   .0001528     2.79   0.005     .0001274    .0007263
sei_bla1_c.. |  -7.50e-06   3.25e-06    -2.31   0.021    -.0000139   -1.13e-06
sei_bla1_c.. |   .0006216   .0001839     3.38   0.001     .0002611     .000982
sei_bla1_c.. |  -7.73e-06   3.18e-06    -2.43   0.015     -.000014   -1.50e-06
dest_ed_pc~n |   .0065009    .011833     0.55   0.583    -.0166913    .0296931
dest_ed~n_sq |  -.0017246   .0002766    -6.23   0.000    -.0022668   -.0011824
sei_pfrnbr~d |  -.0012191   .0002317    -5.26   0.000    -.0016732   -.0007649
sei_pfrnbr~q |   .0000255   5.40e-06     4.73   0.000      .000015    .0000361
imm1_cat2_~d |   .0957539   .0158604     6.04   0.000      .064668    .1268398
imm1_cat2_.. |  -.0017174   .0003643    -4.71   0.000    -.0024314   -.0010034
imm1_cat3_~d |   .0858786   .0161911     5.30   0.000     .0541446    .1176127
imm1_cat3_.. |  -.0004903   .0003392    -1.45   0.148    -.0011551    .0001745
sei_imm1_c.. |   .0001267   .0003231     0.39   0.695    -.0005066    .0007601
sei_imm1_c.. |  -2.04e-06   7.40e-06    -0.28   0.783    -.0000166    .0000125
sei_imm1_c.. |   .0005171   .0003394     1.52   0.128    -.0001481    .0011823
sei_imm1_c.. |  -.0000121   6.97e-06    -1.74   0.082    -.0000258    1.54e-06
dest_ed_me~i |   .2892029   .0711504     4.06   0.000     .1497508    .4286551
dest_ed_me~q |  -.0204254   .0035717    -5.72   0.000    -.0274258   -.0134249
 sei_msei_ed |  -.0026373    .001672    -1.58   0.115    -.0059145    .0006398
sei_msei_e~q |    .000195   .0000804     2.43   0.015     .0000375    .0003525
sei1_cat2_~d |   .1152722   .0775864     1.49   0.137    -.0367943    .2673387
sei1_cat2_.. |  -.0022383   .0038259    -0.59   0.559     -.009737    .0052603
sei1_cat3_~d |   .1704966   .0825499     2.07   0.039     .0087017    .3322915
sei1_cat3_.. |    .001449   .0038983     0.37   0.710    -.0061916    .0090896
sei_sei1_c.. |   .0026046    .001804     1.44   0.149    -.0009312    .0061404
sei_sei1_c.. |  -.0000724   .0000853    -0.85   0.396    -.0002396    .0000949
sei_sei1_c.. |   .0048316   .0018512     2.61   0.009     .0012034    .0084598
sei_sei1_c.. |  -.0001776   .0000853    -2.08   0.037    -.0003448   -.0000103
        dist |  -.0011072   .0000406   -27.28   0.000    -.0011868   -.0010277
     dist_sq |   3.54e-08   1.74e-09    20.39   0.000     3.20e-08    3.88e-08
    sei_dist |   3.08e-06   9.80e-07     3.14   0.002     1.16e-06    5.00e-06
 sei_dist_sq |  -1.69e-10   4.10e-11    -4.12   0.000    -2.50e-10   -8.87e-11
bla1_cat2_~t |   .0000503   .0000209     2.41   0.016     9.39e-06    .0000913
bl~2_dist_sq |  -6.70e-09   1.04e-09    -6.46   0.000    -8.73e-09   -4.67e-09
bla1_cat3_~t |   .0001462   .0000403     3.62   0.000     .0000671    .0002252
bl~3_dist_sq |  -1.45e-08   1.78e-09    -8.18   0.000    -1.80e-08   -1.10e-08
imm1_cat2_~t |   -.000088   .0000229    -3.84   0.000    -.0001329   -.0000431
im~2_dist_sq |   6.81e-09   1.10e-09     6.22   0.000     4.66e-09    8.96e-09
imm1_cat3_~t |  -9.90e-06   .0000288    -0.34   0.731    -.0000663    .0000465
im~3_dist_sq |   3.00e-09   1.40e-09     2.15   0.032     2.59e-10    5.74e-09
sei1_cat2_~t |  -7.65e-06   .0000363    -0.21   0.833    -.0000788    .0000635
sei1_cat2_.. |   3.13e-09   1.52e-09     2.06   0.039     1.53e-10    6.11e-09
sei1_cat3_~t |   .0000846   .0000399     2.12   0.034     6.52e-06    .0001628
sei1_cat3_.. |   2.32e-09   1.74e-09     1.34   0.181    -1.08e-09    5.73e-09
sei_b~2_dist |  -2.53e-06   4.26e-07    -5.96   0.000    -3.37e-06   -1.70e-06
sei_bla1_c.. |   1.51e-10   2.11e-11     7.15   0.000     1.10e-10    1.92e-10
sei_b~3_dist |  -1.50e-06   8.16e-07    -1.84   0.066    -3.10e-06    1.01e-07
sei_bla1_c.. |   2.01e-10   3.73e-11     5.40   0.000     1.28e-10    2.74e-10
sei_i~2_dist |   6.92e-07   4.69e-07     1.48   0.140    -2.27e-07    1.61e-06
sei_imm1_c.. |  -2.66e-11   2.28e-11    -1.17   0.243    -7.13e-11    1.81e-11
sei_i~3_dist |   4.95e-07   6.20e-07     0.80   0.424    -7.19e-07    1.71e-06
sei_imm1_c.. |   1.49e-12   3.13e-11     0.05   0.962    -5.99e-11    6.29e-11
sei_s~2_dist |  -1.01e-06   9.13e-07    -1.11   0.267    -2.80e-06    7.76e-07
sei_sei1_c.. |   8.24e-11   3.76e-11     2.20   0.028     8.84e-12    1.56e-10
sei_s~3_dist |  -1.80e-06   9.60e-07    -1.87   0.061    -3.68e-06    8.16e-08
sei_sei1_c.. |   1.43e-10   4.02e-11     3.57   0.000     6.46e-11    2.22e-10
------------------------------------------------------------------------------

. clogit, or

Conditional (fixed-effects) logistic regression

                                                Number of obs     =  7,361,442
                                                LR chi2(56)       =  143698.94
                                                Prob > chi2       =     0.0000
Log likelihood =  -137151.7                     Pseudo R2         =     0.3438

------------------------------------------------------------------------------
      choice | Odds Ratio   Std. Err.      z    P>|z|     [95% Conf. Interval]
-------------+----------------------------------------------------------------
dest_ed_pc~k |   .9274034   .0046753   -14.95   0.000     .9182851    .9366122
dest_ed~k_sq |   1.000455   .0000968     4.70   0.000     1.000265    1.000645
sei_pblack~d |   .9999525   .0001098    -0.43   0.665     .9997373    1.000168
sei_pblack~q |   1.000001   2.11e-06     0.51   0.608      .999997    1.000005
bla1_cat2_~d |   1.059821   .0077447     7.95   0.000      1.04475    1.075109
bla1_cat2_.. |   .9992395   .0001531    -4.97   0.000     .9989395    .9995395
bla1_cat3_~d |    1.07704     .00962     8.31   0.000     1.058349    1.096061
bla1_cat3_.. |   .9993268   .0001528    -4.40   0.000     .9990273    .9996264
sei_bla1_c.. |   1.000427   .0001528     2.79   0.005     1.000127    1.000727
sei_bla1_c.. |   .9999925   3.25e-06    -2.31   0.021     .9999861    .9999989
sei_bla1_c.. |   1.000622    .000184     3.38   0.001     1.000261    1.000983
sei_bla1_c.. |   .9999923   3.18e-06    -2.43   0.015      .999986    .9999985
dest_ed_pc~n |   1.006522   .0119101     0.55   0.583     .9834472    1.030138
dest_ed~n_sq |   .9982769   .0002762    -6.23   0.000     .9977357    .9988183
sei_pfrnbr~d |   .9987817   .0002314    -5.26   0.000     .9983282    .9992354
sei_pfrnbr~q |   1.000026   5.40e-06     4.73   0.000     1.000015    1.000036
imm1_cat2_~d |   1.100488   .0174542     6.04   0.000     1.066805    1.135235
imm1_cat2_.. |   .9982841   .0003637    -4.71   0.000     .9975715    .9989971
imm1_cat3_~d |   1.089674   .0176431     5.30   0.000     1.055637    1.124808
imm1_cat3_.. |   .9995098    .000339    -1.45   0.148     .9988455    1.000174
sei_imm1_c.. |   1.000127   .0003232     0.39   0.695     .9994935     1.00076
sei_imm1_c.. |    .999998   7.40e-06    -0.28   0.783     .9999834    1.000012
sei_imm1_c.. |   1.000517   .0003396     1.52   0.128     .9998519    1.001183
sei_imm1_c.. |   .9999879   6.97e-06    -1.74   0.082     .9999742    1.000002
dest_ed_me~i |   1.335363   .0950116     4.06   0.000     1.161545    1.535191
dest_ed_me~q |   .9797818   .0034995    -5.72   0.000     .9729469    .9866648
 sei_msei_ed |   .9973662   .0016676    -1.58   0.115      .994103     1.00064
sei_msei_e~q |   1.000195   .0000804     2.43   0.015     1.000037    1.000353
sei1_cat2_~d |   1.122179   .0870658     1.49   0.137     .9638744    1.306483
sei1_cat2_.. |   .9977642   .0038174    -0.59   0.559     .9903102    1.005274
sei1_cat3_~d |   1.185894   .0978954     2.07   0.039      1.00874    1.394159
sei1_cat3_.. |    1.00145    .003904     0.37   0.710     .9938275    1.009131
sei_sei1_c.. |   1.002608   .0018087     1.44   0.149     .9990693    1.006159
sei_sei1_c.. |   .9999276   .0000853    -0.85   0.396     .9997604    1.000095
sei_sei1_c.. |   1.004843   .0018601     2.61   0.009     1.001204    1.008496
sei_sei1_c.. |   .9998224   .0000853    -2.08   0.037     .9996552    .9999897
        dist |   .9988934   .0000405   -27.28   0.000     .9988139    .9989729
     dist_sq |          1   1.74e-09    20.39   0.000            1           1
    sei_dist |   1.000003   9.80e-07     3.14   0.002     1.000001    1.000005
 sei_dist_sq |          1   4.10e-11    -4.12   0.000            1           1
bla1_cat2_~t |    1.00005   .0000209     2.41   0.016     1.000009    1.000091
bl~2_dist_sq |          1   1.04e-09    -6.46   0.000            1           1
bla1_cat3_~t |   1.000146   .0000403     3.62   0.000     1.000067    1.000225
bl~3_dist_sq |          1   1.78e-09    -8.18   0.000            1           1
imm1_cat2_~t |    .999912   .0000229    -3.84   0.000     .9998671    .9999569
im~2_dist_sq |          1   1.10e-09     6.22   0.000            1           1
imm1_cat3_~t |   .9999901   .0000288    -0.34   0.731     .9999337    1.000046
im~3_dist_sq |          1   1.40e-09     2.15   0.032            1           1
sei1_cat2_~t |   .9999923   .0000363    -0.21   0.833     .9999212    1.000064
sei1_cat2_.. |          1   1.52e-09     2.06   0.039            1           1
sei1_cat3_~t |   1.000085   .0000399     2.12   0.034     1.000007    1.000163
sei1_cat3_.. |          1   1.74e-09     1.34   0.181            1           1
sei_b~2_dist |   .9999975   4.26e-07    -5.96   0.000     .9999966    .9999983
sei_bla1_c.. |          1   2.11e-11     7.15   0.000            1           1
sei_b~3_dist |   .9999985   8.16e-07    -1.84   0.066     .9999969           1
sei_bla1_c.. |          1   3.73e-11     5.40   0.000            1           1
sei_i~2_dist |   1.000001   4.69e-07     1.48   0.140     .9999998    1.000002
sei_imm1_c.. |          1   2.28e-11    -1.17   0.243            1           1
sei_i~3_dist |          1   6.20e-07     0.80   0.424     .9999993    1.000002
sei_imm1_c.. |          1   3.13e-11     0.05   0.962            1           1
sei_s~2_dist |    .999999   9.13e-07    -1.11   0.267     .9999972    1.000001
sei_sei1_c.. |          1   3.76e-11     2.20   0.028            1           1
sei_s~3_dist |   .9999982   9.60e-07    -1.87   0.061     .9999963           1
sei_sei1_c.. |          1   4.02e-11     3.57   0.000            1           1
------------------------------------------------------------------------------

. 
. * generate predicted probabilities of household destination choices
. predict phat
(option pc1 assumed; probability of success given one success within group)

. 
. * save data with predictions
. export delim using "/home/bbellman/census-linking/data/for_models/dc_example_
> preds/obsv-wnb-20-preds-cats.csv", replace
file /home/bbellman/census-linking/data/for_models/dc_example_preds/obsv-wnb-20
> -preds-cats.csv saved

. 
. 
. 
. 
. 
. *** White native-born sample, 1920-1930 movers
. 
. * load observed data
. import delim using "/home/bbellman/census-linking/data/for_models/phl_discret
> e_choice_wnb_30-cats.csv", clear
(80 vars, 3,787,486 obs)

. duplicates drop

Duplicates in terms of all variables

(48,958 observations deleted)

. 
. * run conditional logit model
. clogit choice dest_ed_pct_black dest_ed_pct_black_sq sei_pblack_ed sei_pblack
> _ed_sq bla1_cat2_pblack_ed bla1_cat2_pblack_ed_sq bla1_cat3_pblack_ed bla1_ca
> t3_pblack_ed_sq sei_bla1_cat2_pblack_ed sei_bla1_cat2_pblack_ed_sq sei_bla1_c
> at3_pblack_ed sei_bla1_cat3_pblack_ed_sq dest_ed_pct_frnbrn dest_ed_pct_frnbr
> n_sq sei_pfrnbrn_ed sei_pfrnbrn_ed_sq imm1_cat2_pfrnbrn_ed imm1_cat2_pfrnbrn_
> ed_sq imm1_cat3_pfrnbrn_ed imm1_cat3_pfrnbrn_ed_sq sei_imm1_cat2_pfrnbrn_ed s
> ei_imm1_cat2_pfrnbrn_ed_sq sei_imm1_cat3_pfrnbrn_ed sei_imm1_cat3_pfrnbrn_ed_
> sq dest_ed_mean_sei dest_ed_mean_sei_sq sei_msei_ed sei_msei_ed_sq sei1_cat2_
> msei_ed sei1_cat2_msei_ed_sq sei1_cat3_msei_ed sei1_cat3_msei_ed_sq sei_sei1_
> cat2_msei_ed sei_sei1_cat2_msei_ed_sq sei_sei1_cat3_msei_ed sei_sei1_cat3_mse
> i_ed_sq dist dist_sq sei_dist sei_dist_sq bla1_cat2_dist bla1_cat2_dist_sq bl
> a1_cat3_dist bla1_cat3_dist_sq imm1_cat2_dist imm1_cat2_dist_sq imm1_cat3_dis
> t imm1_cat3_dist_sq sei1_cat2_dist sei1_cat2_dist_sq sei1_cat3_dist sei1_cat3
> _dist_sq sei_bla1_cat2_dist sei_bla1_cat2_dist_sq sei_bla1_cat3_dist sei_bla1
> _cat3_dist_sq sei_imm1_cat2_dist sei_imm1_cat2_dist_sq sei_imm1_cat3_dist sei
> _imm1_cat3_dist_sq sei_sei1_cat2_dist sei_sei1_cat2_dist_sq sei_sei1_cat3_dis
> t sei_sei1_cat3_dist_sq, group(serial1)

Iteration 0:   log likelihood = -100308.67  
Iteration 1:   log likelihood = -99749.438  
Iteration 2:   log likelihood = -99712.687  
Iteration 3:   log likelihood = -99712.619  
Iteration 4:   log likelihood = -99712.619  

Conditional (fixed-effects) logistic regression

                                                Number of obs     =  3,738,528
                                                LR chi2(56)       =   93479.67
                                                Prob > chi2       =     0.0000
Log likelihood = -99712.619                     Pseudo R2         =     0.3191

------------------------------------------------------------------------------
      choice |      Coef.   Std. Err.      z    P>|z|     [95% Conf. Interval]
-------------+----------------------------------------------------------------
dest_ed_pc~k |  -.0701421   .0044641   -15.71   0.000    -.0788916   -.0613926
dest_ed~k_sq |   .0004406   .0000749     5.88   0.000     .0002937    .0005874
sei_pblack~d |   .0000427   .0000983     0.43   0.664    -.0001499    .0002353
sei_pblack~q |   5.16e-07   1.66e-06     0.31   0.756    -2.73e-06    3.76e-06
bla1_cat2_~d |   .0543528   .0068702     7.91   0.000     .0408874    .0678182
bla1_cat2_.. |  -.0005955   .0001203    -4.95   0.000    -.0008314   -.0003597
bla1_cat3_~d |   .0530276   .0080426     6.59   0.000     .0372645    .0687907
bla1_cat3_.. |  -.0004599   .0001222    -3.76   0.000    -.0006994   -.0002205
sei_bla1_c.. |   2.43e-06    .000148     0.02   0.987    -.0002876    .0002924
sei_bla1_c.. |  -1.31e-06   2.65e-06    -0.49   0.621    -6.51e-06    3.89e-06
sei_bla1_c.. |   .0000734    .000175     0.42   0.675    -.0002695    .0004163
sei_bla1_c.. |  -1.06e-06   2.68e-06    -0.40   0.692    -6.32e-06    4.19e-06
dest_ed_pc~n |   .0736893   .0164472     4.48   0.000     .0414533    .1059253
dest_ed~n_sq |  -.0041671    .000443    -9.41   0.000    -.0050355   -.0032987
sei_pfrnbr~d |  -.0018942   .0003117    -6.08   0.000    -.0025051   -.0012832
sei_pfrnbr~q |   .0000502   8.22e-06     6.10   0.000     .0000341    .0000663
imm1_cat2_~d |   .0774581    .022549     3.44   0.001     .0332629    .1216534
imm1_cat2_.. |   -.000803    .000587    -1.37   0.171    -.0019535    .0003475
imm1_cat3_~d |   .0516106   .0228669     2.26   0.024     .0067922     .096429
imm1_cat3_.. |   .0012024   .0005398     2.23   0.026     .0001443    .0022605
sei_imm1_c.. |   .0001615   .0004538     0.36   0.722    -.0007278    .0010509
sei_imm1_c.. |  -8.33e-06   .0000116    -0.72   0.472    -.0000311    .0000144
sei_imm1_c.. |   .0011994   .0004681     2.56   0.010     .0002819    .0021169
sei_imm1_c.. |   -.000029   .0000105    -2.76   0.006    -.0000497   -8.39e-06
dest_ed_me~i |   .3239757   .0368403     8.79   0.000       .25177    .3961815
dest_ed_me~q |  -.0172408   .0015477   -11.14   0.000    -.0202742   -.0142074
 sei_msei_ed |   .0043968   .0009363     4.70   0.000     .0025617     .006232
sei_msei_e~q |  -.0000557   .0000374    -1.49   0.137     -.000129    .0000177
sei1_cat2_~d |   .3486576   .0526315     6.62   0.000     .2455017    .4518135
sei1_cat2_.. |  -.0116907   .0020885    -5.60   0.000    -.0157842   -.0075973
sei1_cat3_~d |   .5946903   .0990299     6.01   0.000     .4005952    .7887854
sei1_cat3_.. |  -.0147981   .0033945    -4.36   0.000    -.0214512    -.008145
sei_sei1_c.. |   -.000972   .0012187    -0.80   0.425    -.0033607    .0014166
sei_sei1_c.. |   .0000781   .0000466     1.67   0.094    -.0000133    .0001694
sei_sei1_c.. |   -.003659   .0018295    -2.00   0.045    -.0072447   -.0000733
sei_sei1_c.. |   .0001439   .0000625     2.30   0.021     .0000215    .0002664
        dist |   -.000964   .0000241   -40.06   0.000    -.0010111   -.0009168
     dist_sq |   3.02e-08   1.14e-09    26.52   0.000     2.80e-08    3.24e-08
    sei_dist |   1.57e-06   5.38e-07     2.92   0.004     5.16e-07    2.63e-06
 sei_dist_sq |  -3.98e-11   2.61e-11    -1.53   0.127    -9.09e-11    1.13e-11
bla1_cat2_~t |   7.69e-09    .000022     0.00   1.000    -.0000431    .0000432
bl~2_dist_sq |  -3.51e-09   1.03e-09    -3.42   0.001    -5.52e-09   -1.50e-09
bla1_cat3_~t |    .000147   .0000334     4.41   0.000     .0000816    .0002124
bl~3_dist_sq |  -9.26e-09   1.63e-09    -5.66   0.000    -1.25e-08   -6.05e-09
imm1_cat2_~t |  -.0000263   .0000211    -1.25   0.213    -.0000677    .0000151
im~2_dist_sq |   3.37e-09   9.70e-10     3.47   0.001     1.47e-09    5.27e-09
imm1_cat3_~t |   .0000285   .0000276     1.04   0.300    -.0000255    .0000826
im~3_dist_sq |   3.42e-09   1.30e-09     2.63   0.008     8.73e-10    5.96e-09
sei1_cat2_~t |   .0000999   .0000214     4.67   0.000      .000058    .0001419
sei1_cat2_.. |  -2.10e-09   1.02e-09    -2.06   0.039    -4.10e-09   -1.05e-10
sei1_cat3_~t |   .0002601   .0000356     7.31   0.000     .0001904    .0003299
sei1_cat3_.. |  -5.60e-09   1.67e-09    -3.36   0.001    -8.87e-09   -2.34e-09
sei_b~2_dist |  -1.07e-06   4.49e-07    -2.38   0.017    -1.95e-06   -1.90e-07
sei_bla1_c.. |   8.80e-11   2.19e-11     4.02   0.000     4.51e-11    1.31e-10
sei_b~3_dist |  -6.58e-07   6.97e-07    -0.95   0.345    -2.02e-06    7.07e-07
sei_bla1_c.. |   9.54e-11   3.52e-11     2.71   0.007     2.64e-11    1.65e-10
sei_i~2_dist |   1.48e-06   4.44e-07     3.33   0.001     6.08e-07    2.35e-06
sei_imm1_c.. |  -6.97e-11   2.11e-11    -3.30   0.001    -1.11e-10   -2.84e-11
sei_i~3_dist |   1.40e-06   5.96e-07     2.35   0.019     2.32e-07    2.57e-06
sei_imm1_c.. |  -7.19e-11   2.91e-11    -2.47   0.014    -1.29e-10   -1.48e-11
sei_s~2_dist |  -1.63e-07   4.89e-07    -0.33   0.740    -1.12e-06    7.96e-07
sei_sei1_c.. |   1.07e-11   2.38e-11     0.45   0.654    -3.60e-11    5.74e-11
sei_s~3_dist |  -9.06e-07   6.92e-07    -1.31   0.190    -2.26e-06    4.50e-07
sei_sei1_c.. |   2.05e-11   3.34e-11     0.61   0.539    -4.49e-11    8.59e-11
------------------------------------------------------------------------------

. clogit, or

Conditional (fixed-effects) logistic regression

                                                Number of obs     =  3,738,528
                                                LR chi2(56)       =   93479.67
                                                Prob > chi2       =     0.0000
Log likelihood = -99712.619                     Pseudo R2         =     0.3191

------------------------------------------------------------------------------
      choice | Odds Ratio   Std. Err.      z    P>|z|     [95% Conf. Interval]
-------------+----------------------------------------------------------------
dest_ed_pc~k |   .9322614   .0041617   -15.71   0.000     .9241401     .940454
dest_ed~k_sq |   1.000441    .000075     5.88   0.000     1.000294    1.000588
sei_pblack~d |   1.000043   .0000983     0.43   0.664     .9998501    1.000235
sei_pblack~q |   1.000001   1.66e-06     0.31   0.756     .9999973    1.000004
bla1_cat2_~d |   1.055857    .007254     7.91   0.000     1.041735    1.070171
bla1_cat2_.. |   .9994046   .0001203    -4.95   0.000     .9991689    .9996404
bla1_cat3_~d |   1.054459   .0084805     6.59   0.000     1.037968    1.071212
bla1_cat3_.. |   .9995402   .0001221    -3.76   0.000     .9993008    .9997796
sei_bla1_c.. |   1.000002    .000148     0.02   0.987     .9997125    1.000292
sei_bla1_c.. |   .9999987   2.65e-06    -0.49   0.621     .9999935    1.000004
sei_bla1_c.. |   1.000073    .000175     0.42   0.675     .9997305    1.000416
sei_bla1_c.. |   .9999989   2.68e-06    -0.40   0.692     .9999937    1.000004
dest_ed_pc~n |   1.076472    .017705     4.48   0.000     1.042324    1.111739
dest_ed~n_sq |   .9958416   .0004412    -9.41   0.000     .9949772    .9967067
sei_pfrnbr~d |   .9981076   .0003111    -6.08   0.000      .997498    .9987176
sei_pfrnbr~q |    1.00005   8.22e-06     6.10   0.000     1.000034    1.000066
imm1_cat2_~d |   1.080537    .024365     3.44   0.001     1.033822    1.129363
imm1_cat2_.. |   .9991973   .0005865    -1.37   0.171     .9980484    1.000348
imm1_cat3_~d |   1.052966   .0240781     2.26   0.024     1.006815    1.101231
imm1_cat3_.. |   1.001203   .0005405     2.23   0.026     1.000144    1.002263
sei_imm1_c.. |   1.000162   .0004538     0.36   0.722     .9992724    1.001051
sei_imm1_c.. |   .9999917   .0000116    -0.72   0.472     .9999689    1.000014
sei_imm1_c.. |     1.0012   .0004687     2.56   0.010     1.000282    1.002119
sei_imm1_c.. |    .999971   .0000105    -2.76   0.006     .9999503    .9999916
dest_ed_me~i |   1.382614    .050936     8.79   0.000       1.2863    1.486139
dest_ed_me~q |    .982907   .0015212   -11.14   0.000     .9799299    .9858931
 sei_msei_ed |   1.004407   .0009405     4.70   0.000     1.002565    1.006252
sei_msei_e~q |   .9999443   .0000374    -1.49   0.137      .999871    1.000018
sei1_cat2_~d |   1.417164   .0745875     6.62   0.000     1.278262    1.571159
sei1_cat2_.. |   .9883773   .0020643    -5.60   0.000     .9843397    .9924315
sei1_cat3_~d |    1.81247   .1794887     6.01   0.000     1.492713    2.200722
sei1_cat3_.. |   .9853109   .0033446    -4.36   0.000     .9787773     .991888
sei_sei1_c.. |   .9990284   .0012175    -0.80   0.425      .996645    1.001418
sei_sei1_c.. |   1.000078   .0000466     1.67   0.094     .9999867    1.000169
sei_sei1_c.. |   .9963477   .0018228    -2.00   0.045     .9927815    .9999267
sei_sei1_c.. |   1.000144   .0000625     2.30   0.021     1.000022    1.000266
        dist |   .9990365    .000024   -40.06   0.000     .9989894    .9990836
     dist_sq |          1   1.14e-09    26.52   0.000            1           1
    sei_dist |   1.000002   5.38e-07     2.92   0.004     1.000001    1.000003
 sei_dist_sq |          1   2.61e-11    -1.53   0.127            1           1
bla1_cat2_~t |          1    .000022     0.00   1.000     .9999569    1.000043
bl~2_dist_sq |          1   1.03e-09    -3.42   0.001            1           1
bla1_cat3_~t |   1.000147   .0000334     4.41   0.000     1.000082    1.000212
bl~3_dist_sq |          1   1.63e-09    -5.66   0.000            1           1
imm1_cat2_~t |   .9999737   .0000211    -1.25   0.213     .9999323    1.000015
im~2_dist_sq |          1   9.70e-10     3.47   0.001            1           1
imm1_cat3_~t |   1.000029   .0000276     1.04   0.300     .9999745    1.000083
im~3_dist_sq |          1   1.30e-09     2.63   0.008            1           1
sei1_cat2_~t |     1.0001   .0000214     4.67   0.000     1.000058    1.000142
sei1_cat2_.. |          1   1.02e-09    -2.06   0.039            1           1
sei1_cat3_~t |    1.00026   .0000356     7.31   0.000      1.00019     1.00033
sei1_cat3_.. |          1   1.67e-09    -3.36   0.001            1           1
sei_b~2_dist |   .9999989   4.49e-07    -2.38   0.017     .9999981    .9999998
sei_bla1_c.. |          1   2.19e-11     4.02   0.000            1           1
sei_b~3_dist |   .9999993   6.97e-07    -0.95   0.345      .999998    1.000001
sei_bla1_c.. |          1   3.52e-11     2.71   0.007            1           1
sei_i~2_dist |   1.000001   4.44e-07     3.33   0.001     1.000001    1.000002
sei_imm1_c.. |          1   2.11e-11    -3.30   0.001            1           1
sei_i~3_dist |   1.000001   5.96e-07     2.35   0.019            1    1.000003
sei_imm1_c.. |          1   2.91e-11    -2.47   0.014            1           1
sei_s~2_dist |   .9999998   4.89e-07    -0.33   0.740     .9999989    1.000001
sei_sei1_c.. |          1   2.38e-11     0.45   0.654            1           1
sei_s~3_dist |   .9999991   6.92e-07    -1.31   0.190     .9999977           1
sei_sei1_c.. |          1   3.34e-11     0.61   0.539            1           1
------------------------------------------------------------------------------

. 
. * generate predicted probabilities of household destination choices
. predict phat
(option pc1 assumed; probability of success given one success within group)

. 
. * save data with predictions
. export delim using "/home/bbellman/census-linking/data/for_models/dc_example_
> preds/obsv-wnb-30-preds-cats.csv", replace
file /home/bbellman/census-linking/data/for_models/dc_example_preds/obsv-wnb-30
> -preds-cats.csv saved

. 
. 
. 
. 
. 
. *** White native-born sample, 1930-1940 movers
. 
. * load observed data
. import delim using "/home/bbellman/census-linking/data/for_models/phl_discret
> e_choice_wnb_40-cats.csv", clear
(80 vars, 8,660,180 obs)

. duplicates drop

Duplicates in terms of all variables

(14,698 observations deleted)

. 
. * run conditional logit model
. clogit choice dest_ed_pct_black dest_ed_pct_black_sq sei_pblack_ed sei_pblack
> _ed_sq bla1_cat2_pblack_ed bla1_cat2_pblack_ed_sq bla1_cat3_pblack_ed bla1_ca
> t3_pblack_ed_sq sei_bla1_cat2_pblack_ed sei_bla1_cat2_pblack_ed_sq sei_bla1_c
> at3_pblack_ed sei_bla1_cat3_pblack_ed_sq dest_ed_pct_frnbrn dest_ed_pct_frnbr
> n_sq sei_pfrnbrn_ed sei_pfrnbrn_ed_sq imm1_cat2_pfrnbrn_ed imm1_cat2_pfrnbrn_
> ed_sq imm1_cat3_pfrnbrn_ed imm1_cat3_pfrnbrn_ed_sq sei_imm1_cat2_pfrnbrn_ed s
> ei_imm1_cat2_pfrnbrn_ed_sq sei_imm1_cat3_pfrnbrn_ed sei_imm1_cat3_pfrnbrn_ed_
> sq dest_ed_mean_sei dest_ed_mean_sei_sq sei_msei_ed sei_msei_ed_sq sei1_cat2_
> msei_ed sei1_cat2_msei_ed_sq sei1_cat3_msei_ed sei1_cat3_msei_ed_sq sei_sei1_
> cat2_msei_ed sei_sei1_cat2_msei_ed_sq sei_sei1_cat3_msei_ed sei_sei1_cat3_mse
> i_ed_sq dist dist_sq sei_dist sei_dist_sq bla1_cat2_dist bla1_cat2_dist_sq bl
> a1_cat3_dist bla1_cat3_dist_sq imm1_cat2_dist imm1_cat2_dist_sq imm1_cat3_dis
> t imm1_cat3_dist_sq sei1_cat2_dist sei1_cat2_dist_sq sei1_cat3_dist sei1_cat3
> _dist_sq sei_bla1_cat2_dist sei_bla1_cat2_dist_sq sei_bla1_cat3_dist sei_bla1
> _cat3_dist_sq sei_imm1_cat2_dist sei_imm1_cat2_dist_sq sei_imm1_cat3_dist sei
> _imm1_cat3_dist_sq sei_sei1_cat2_dist sei_sei1_cat2_dist_sq sei_sei1_cat3_dis
> t sei_sei1_cat3_dist_sq, group(serial1)

Iteration 0:   log likelihood = -129944.29  
Iteration 1:   log likelihood = -128946.83  
Iteration 2:   log likelihood = -128808.94  
Iteration 3:   log likelihood = -128787.39  
Iteration 4:   log likelihood = -128786.78  
Iteration 5:   log likelihood = -128786.78  

Conditional (fixed-effects) logistic regression

                                                Number of obs     =  8,645,482
                                                LR chi2(56)       =  187618.23
                                                Prob > chi2       =     0.0000
Log likelihood = -128786.78                     Pseudo R2         =     0.4214

------------------------------------------------------------------------------
      choice |      Coef.   Std. Err.      z    P>|z|     [95% Conf. Interval]
-------------+----------------------------------------------------------------
dest_ed_pc~k |  -.0462035   .0050418    -9.16   0.000    -.0560854   -.0363217
dest_ed~k_sq |   .0001542   .0000735     2.10   0.036     .0000102    .0002983
sei_pblack~d |  -.0003059   .0001147    -2.67   0.008    -.0005306   -.0000811
sei_pblack~q |   6.20e-06   1.64e-06     3.79   0.000     2.99e-06    9.40e-06
bla1_cat2_~d |   .0250137   .0071396     3.50   0.000     .0110203    .0390071
bla1_cat2_.. |  -.0002077   .0001157    -1.80   0.073    -.0004343     .000019
bla1_cat3_~d |   .0545829   .0068955     7.92   0.000      .041068    .0680977
bla1_cat3_.. |   -.000498   .0000956    -5.21   0.000    -.0006853   -.0003107
sei_bla1_c.. |   .0009033   .0001597     5.66   0.000     .0005903    .0012163
sei_bla1_c.. |  -.0000168   2.80e-06    -6.00   0.000    -.0000223   -.0000113
sei_bla1_c.. |   .0006913   .0001525     4.53   0.000     .0003924    .0009901
sei_bla1_c.. |  -6.90e-06   2.09e-06    -3.31   0.001     -.000011   -2.81e-06
dest_ed_pc~n |   .0503011   .0157478     3.19   0.001      .019436    .0811663
dest_ed~n_sq |  -.0045455   .0005306    -8.57   0.000    -.0055854   -.0035056
sei_pfrnbr~d |  -.0010772   .0003073    -3.51   0.000    -.0016796   -.0004749
sei_pfrnbr~q |   .0000335   .0000104     3.23   0.001     .0000132    .0000538
imm1_cat2_~d |    .131819   .0220369     5.98   0.000     .0886274    .1750106
imm1_cat2_.. |  -.0025982   .0007001    -3.71   0.000    -.0039704    -.001226
imm1_cat3_~d |   .0236374   .0225192     1.05   0.294    -.0204993    .0677741
imm1_cat3_.. |   .0027984   .0006336     4.42   0.000     .0015566    .0040402
sei_imm1_c.. |   .0011417   .0004462     2.56   0.011     .0002672    .0020163
sei_imm1_c.. |  -.0000208    .000014    -1.48   0.139    -.0000483    6.75e-06
sei_imm1_c.. |   .0027141   .0004624     5.87   0.000     .0018077    .0036204
sei_imm1_c.. |  -.0000551   .0000127    -4.35   0.000    -.0000799   -.0000303
dest_ed_me~i |  -.0101133   .0326454    -0.31   0.757    -.0740971    .0538706
dest_ed_me~q |    -.00411   .0011169    -3.68   0.000    -.0062991    -.001921
 sei_msei_ed |   .0034661   .0007556     4.59   0.000     .0019851    .0049471
sei_msei_e~q |  -.0000324   .0000244    -1.33   0.185    -.0000803    .0000155
sei1_cat2_~d |   .4665726   .0442711    10.54   0.000     .3798028    .5533423
sei1_cat2_.. |  -.0131353   .0014552    -9.03   0.000    -.0159875   -.0102831
sei1_cat3_~d |   .2414829   .0522102     4.63   0.000     .1391528     .343813
sei1_cat3_.. |  -.0033487   .0015247    -2.20   0.028    -.0063371   -.0003603
sei_sei1_c.. |  -.0017722   .0009569    -1.85   0.064    -.0036478    .0001033
sei_sei1_c.. |   .0000789   .0000301     2.62   0.009     .0000199    .0001379
sei_sei1_c.. |   .0023173   .0010409     2.23   0.026     .0002771    .0043574
sei_sei1_c.. |  -.0000366   .0000301    -1.22   0.224    -.0000956    .0000224
        dist |  -.0010813   .0000274   -39.43   0.000    -.0011351   -.0010276
     dist_sq |   3.33e-08   1.13e-09    29.55   0.000     3.11e-08    3.56e-08
    sei_dist |  -1.59e-07   6.18e-07    -0.26   0.798    -1.37e-06    1.05e-06
 sei_dist_sq |  -5.97e-12   2.54e-11    -0.23   0.815    -5.58e-11    4.39e-11
bla1_cat2_~t |   .0000346   .0000233     1.49   0.137    -.0000111    .0000803
bl~2_dist_sq |  -1.62e-09   1.00e-09    -1.61   0.107    -3.58e-09    3.51e-10
bla1_cat3_~t |   .0000667   .0000324     2.06   0.039     3.28e-06    .0001302
bl~3_dist_sq |  -6.06e-09   1.38e-09    -4.39   0.000    -8.77e-09   -3.35e-09
imm1_cat2_~t |  -.0002202    .000022   -10.01   0.000    -.0002633   -.0001771
im~2_dist_sq |   1.06e-08   9.10e-10    11.70   0.000     8.86e-09    1.24e-08
imm1_cat3_~t |  -.0001989   .0000299    -6.65   0.000    -.0002575   -.0001403
im~3_dist_sq |   1.21e-08   1.25e-09     9.66   0.000     9.61e-09    1.45e-08
sei1_cat2_~t |   .0001098   .0000245     4.48   0.000     .0000617    .0001579
sei1_cat2_.. |  -2.22e-09   1.04e-09    -2.12   0.034    -4.26e-09   -1.69e-10
sei1_cat3_~t |   .0001124   .0000326     3.45   0.001     .0000485    .0001763
sei1_cat3_.. |  -2.23e-09   1.36e-09    -1.64   0.100    -4.89e-09    4.29e-10
sei_b~2_dist |  -1.19e-06   4.65e-07    -2.57   0.010    -2.11e-06   -2.82e-07
sei_bla1_c.. |   5.90e-11   2.02e-11     2.92   0.003     1.94e-11    9.85e-11
sei_b~3_dist |   2.50e-06   6.65e-07     3.76   0.000     1.19e-06    3.80e-06
sei_bla1_c.. |  -1.62e-11   2.92e-11    -0.56   0.578    -7.34e-11    4.09e-11
sei_i~2_dist |   2.03e-06   4.57e-07     4.43   0.000     1.13e-06    2.92e-06
sei_imm1_c.. |  -7.30e-11   1.89e-11    -3.87   0.000    -1.10e-10   -3.60e-11
sei_i~3_dist |   4.90e-06   5.99e-07     8.18   0.000     3.72e-06    6.07e-06
sei_imm1_c.. |  -1.73e-10   2.54e-11    -6.81   0.000    -2.23e-10   -1.23e-10
sei_s~2_dist |  -1.80e-06   5.63e-07    -3.20   0.001    -2.91e-06   -7.00e-07
sei_sei1_c.. |   8.09e-11   2.40e-11     3.37   0.001     3.39e-11    1.28e-10
sei_s~3_dist |  -1.08e-06   6.68e-07    -1.61   0.107    -2.39e-06    2.32e-07
sei_sei1_c.. |   8.17e-11   2.78e-11     2.94   0.003     2.73e-11    1.36e-10
------------------------------------------------------------------------------

. clogit, or

Conditional (fixed-effects) logistic regression

                                                Number of obs     =  8,645,482
                                                LR chi2(56)       =  187618.23
                                                Prob > chi2       =     0.0000
Log likelihood = -128786.78                     Pseudo R2         =     0.4214

------------------------------------------------------------------------------
      choice | Odds Ratio   Std. Err.      z    P>|z|     [95% Conf. Interval]
-------------+----------------------------------------------------------------
dest_ed_pc~k |   .9548476   .0048142    -9.16   0.000     .9454584      .96433
dest_ed~k_sq |   1.000154   .0000735     2.10   0.036      1.00001    1.000298
sei_pblack~d |   .9996942   .0001146    -2.67   0.008     .9994695    .9999189
sei_pblack~q |   1.000006   1.64e-06     3.79   0.000     1.000003    1.000009
bla1_cat2_~d |   1.025329   .0073205     3.50   0.000     1.011081    1.039778
bla1_cat2_.. |   .9997923   .0001156    -1.80   0.073     .9995658    1.000019
bla1_cat3_~d |     1.0561   .0072823     7.92   0.000     1.041923     1.07047
bla1_cat3_.. |   .9995021   .0000955    -5.21   0.000     .9993149    .9996894
sei_bla1_c.. |   1.000904   .0001598     5.66   0.000     1.000591    1.001217
sei_bla1_c.. |   .9999832   2.80e-06    -6.00   0.000     .9999777    .9999887
sei_bla1_c.. |   1.000692   .0001526     4.53   0.000     1.000392    1.000991
sei_bla1_c.. |   .9999931   2.09e-06    -3.31   0.001      .999989    .9999972
dest_ed_pc~n |   1.051588   .0165602     3.19   0.001     1.019626    1.084551
dest_ed~n_sq |   .9954648   .0005282    -8.57   0.000     .9944302    .9965005
sei_pfrnbr~d |   .9989233    .000307    -3.51   0.000     .9983218    .9995252
sei_pfrnbr~q |   1.000034   .0000104     3.23   0.001     1.000013    1.000054
imm1_cat2_~d |   1.140902    .025142     5.98   0.000     1.092673    1.191259
imm1_cat2_.. |   .9974052   .0006983    -3.71   0.000     .9960375    .9987747
imm1_cat3_~d |   1.023919   .0230578     1.05   0.294     .9797093    1.070124
imm1_cat3_.. |   1.002802   .0006354     4.42   0.000     1.001558    1.004048
sei_imm1_c.. |   1.001142   .0004467     2.56   0.011     1.000267    1.002018
sei_imm1_c.. |   .9999792    .000014    -1.48   0.139     .9999517    1.000007
sei_imm1_c.. |   1.002718   .0004637     5.87   0.000     1.001809    1.003627
sei_imm1_c.. |   .9999449   .0000127    -4.35   0.000     .9999201    .9999697
dest_ed_me~i |   .9899377   .0323169    -0.31   0.757     .9285815    1.055348
dest_ed_me~q |   .9958984   .0011123    -3.68   0.000     .9937207    .9980809
 sei_msei_ed |   1.003472   .0007583     4.59   0.000     1.001987    1.004959
sei_msei_e~q |   .9999676   .0000244    -1.33   0.185     .9999197    1.000016
sei1_cat2_~d |    1.59452   .0705911    10.54   0.000     1.461996    1.739056
sei1_cat2_.. |   .9869506   .0014362    -9.03   0.000     .9841396    .9897696
sei1_cat3_~d |   1.273136   .0664707     4.63   0.000       1.1493    1.410315
sei1_cat3_.. |   .9966569   .0015196    -2.20   0.028      .993683    .9996398
sei_sei1_c.. |   .9982293   .0009552    -1.85   0.064     .9963588    1.000103
sei_sei1_c.. |   1.000079   .0000301     2.62   0.009      1.00002    1.000138
sei_sei1_c.. |    1.00232   .0010433     2.23   0.026     1.000277    1.004367
sei_sei1_c.. |   .9999634   .0000301    -1.22   0.224     .9999044    1.000022
        dist |   .9989193   .0000274   -39.43   0.000     .9988656     .998973
     dist_sq |          1   1.13e-09    29.55   0.000            1           1
    sei_dist |   .9999998   6.18e-07    -0.26   0.798     .9999986    1.000001
 sei_dist_sq |          1   2.54e-11    -0.23   0.815            1           1
bla1_cat2_~t |   1.000035   .0000233     1.49   0.137     .9999889     1.00008
bl~2_dist_sq |          1   1.00e-09    -1.61   0.107            1           1
bla1_cat3_~t |   1.000067   .0000324     2.06   0.039     1.000003     1.00013
bl~3_dist_sq |          1   1.38e-09    -4.39   0.000            1           1
imm1_cat2_~t |   .9997798    .000022   -10.01   0.000     .9997367    .9998229
im~2_dist_sq |          1   9.10e-10    11.70   0.000            1           1
imm1_cat3_~t |   .9998011   .0000299    -6.65   0.000     .9997425    .9998597
im~3_dist_sq |          1   1.25e-09     9.66   0.000            1           1
sei1_cat2_~t |    1.00011   .0000245     4.48   0.000     1.000062    1.000158
sei1_cat2_.. |          1   1.04e-09    -2.12   0.034            1           1
sei1_cat3_~t |   1.000112   .0000326     3.45   0.001     1.000049    1.000176
sei1_cat3_.. |          1   1.36e-09    -1.64   0.100            1           1
sei_b~2_dist |   .9999988   4.65e-07    -2.57   0.010     .9999979    .9999997
sei_bla1_c.. |          1   2.02e-11     2.92   0.003            1           1
sei_b~3_dist |   1.000002   6.65e-07     3.76   0.000     1.000001    1.000004
sei_bla1_c.. |          1   2.92e-11    -0.56   0.578            1           1
sei_i~2_dist |   1.000002   4.57e-07     4.43   0.000     1.000001    1.000003
sei_imm1_c.. |          1   1.89e-11    -3.87   0.000            1           1
sei_i~3_dist |   1.000005   5.99e-07     8.18   0.000     1.000004    1.000006
sei_imm1_c.. |          1   2.54e-11    -6.81   0.000            1           1
sei_s~2_dist |   .9999982   5.63e-07    -3.20   0.001     .9999971    .9999993
sei_sei1_c.. |          1   2.40e-11     3.37   0.001            1           1
sei_s~3_dist |   .9999989   6.68e-07    -1.61   0.107     .9999976           1
sei_sei1_c.. |          1   2.78e-11     2.94   0.003            1           1
------------------------------------------------------------------------------

. 
. * generate predicted probabilities of household destination choices
. predict phat
(option pc1 assumed; probability of success given one success within group)

. 
. * save data with predictions
. export delim using "/home/bbellman/census-linking/data/for_models/dc_example_
> preds/obsv-wnb-40-preds-cats.csv", replace
(note: file /home/bbellman/census-linking/data/for_models/dc_example_preds/obsv
> -wnb-40-preds-cats.csv not found)
file /home/bbellman/census-linking/data/for_models/dc_example_preds/obsv-wnb-40
> -preds-cats.csv saved

. 
. 
. 
. 
. 
. 
. log close
      name:  <unnamed>
       log:  /home/bbellman/census-linking/Stata/cats-discrete-choice-models.lo
> g
  log type:  text
 closed on:   1 Aug 2019, 16:41:24
-------------------------------------------------------------------------------

. 
end of do-file


. [?1l>[?1h=
  ___  ____  ____  ____  ____ (R)
 /__    /   ____/   /   ____/
___/   /   /___/   /   /___/   15.0   Copyright 1985-2017 StataCorp LLC
  Statistics/Data Analysis            StataCorp
                                      4905 Lakeway Drive
     MP - Parallel Edition            College Station, Texas 77845 USA
                                      800-STATA-PC        http://www.stata.com
                                      979-696-4600        stata@stata.com
                                      979-696-4601 (fax)

5-user 12-core Stata network perpetual license:
       Serial number:  501506228592
         Licensed to:  Population Studies & Training Center
                       Brown University

Notes:
      1.  Unicode is supported; see help unicode_advice.
      2.  More than 2 billion observations are allowed; see help obs_advice.
      3.  Maximum number of variables is set to 5000; see help set_maxvar.

. do "final-discrete-choice-models.do" 

. * Code for running all discrete choice models
. 
. 
. log using "final-discrete-choice-models.log", replace
(note: file /home/bbellman/census-linking/Stata/final-discrete-choice-models.lo
> g not found)
-------------------------------------------------------------------------------
      name:  <unnamed>
       log:  /home/bbellman/census-linking/Stata/final-discrete-choice-models.l
> og
  log type:  text
 opened on:   5 Aug 2019, 12:34:22

. 
. **********
. 
. 
. *** Black sample, 1910-1920 movers
. 
. * load observed data
. import delim using "/home/bbellman/census-linking/data/for_models/final-phl_d
> iscrete_choice_black_20.csv", clear
(74 vars, 453,198 obs)

. duplicates drop

Duplicates in terms of all variables

(4,168 observations deleted)

. 
. * run conditional logit model
. clogit choice dest_ed_pct_black dest_ed_pct_black_sq s_pblack_ed s_pblack_ed_
> sq bla1_pblack_ed bla1_pblack_ed_sq imm1_pblack_ed imm1_pblack_ed_sq sei1_pbl
> ack_ed sei1_pblack_ed_sq s_bla1_pblack_ed s_bla1_pblack_ed_sq s_imm1_pblack_e
> d s_imm1_pblack_ed_sq s_sei1_pblack_ed s_sei1_pblack_ed_sq dest_ed_pct_frnbrn
>  dest_ed_pct_frnbrn_sq s_pfrnbrn_ed s_pfrnbrn_ed_sq bla1_pfrnbrn_ed bla1_pfrn
> brn_ed_sq imm1_pfrnbrn_ed imm1_pfrnbrn_ed_sq sei1_pfrnbrn_ed sei1_pfrnbrn_ed_
> sq s_bla1_pfrnbrn_ed s_bla1_pfrnbrn_ed_sq s_imm1_pfrnbrn_ed s_imm1_pfrnbrn_ed
> _sq s_sei1_pfrnbrn_ed s_sei1_pfrnbrn_ed_sq dest_ed_mean_sei dest_ed_mean_sei_
> sq s_msei_ed s_msei_ed_sq bla1_msei_ed bla1_msei_ed_sq imm1_msei_ed imm1_msei
> _ed_sq sei1_msei_ed sei1_msei_ed_sq s_bla1_msei_ed s_bla1_msei_ed_sq s_imm1_m
> sei_ed s_imm1_msei_ed_sq s_sei1_msei_ed s_sei1_msei_ed_sq dist dist_sq s_dist
>  s_dist_sq bla1_dist bla1_dist_sq imm1_dist imm1_dist_sq sei1_dist sei1_dist_
> sq s_bla1_dist s_bla1_dist_sq s_imm1_dist s_imm1_dist_sq s_sei1_dist s_sei1_d
> ist_sq, group(serial1)

Iteration 0:   log likelihood = -7993.5125  
Iteration 1:   log likelihood = -7941.9467  
Iteration 2:   log likelihood = -7939.7698  
Iteration 3:   log likelihood = -7938.8087  
Iteration 4:   log likelihood = -7938.7668  
Iteration 5:   log likelihood = -7938.7657  
Iteration 6:   log likelihood = -7938.7657  

Conditional (fixed-effects) logistic regression

                                                Number of obs     =    449,030
                                                LR chi2(57)       =    9622.65
                                                Prob > chi2       =     0.0000
Log likelihood = -7938.7657                     Pseudo R2         =     0.3774

------------------------------------------------------------------------------
      choice |      Coef.   Std. Err.      z    P>|z|     [95% Conf. Interval]
-------------+----------------------------------------------------------------
dest_ed_pc~k |   .1945315   .0320153     6.08   0.000     .1317828    .2572803
dest_ed~k_sq |  -.0021204   .0004162    -5.09   0.000    -.0029362   -.0013047
 s_pblack_ed |  -.0011925   .0010528    -1.13   0.257     -.003256     .000871
s_pblack_e~q |   6.23e-06   .0000142     0.44   0.661    -.0000217    .0000341
bla1_pblac~d |  -.0010593   .0002491    -4.25   0.000    -.0015476    -.000571
bla1_pblac~q |    .000015   3.11e-06     4.81   0.000     8.86e-06     .000021
imm1_pblac~d |  -.0018455   .0005922    -3.12   0.002    -.0030061   -.0006848
imm1_pblac~q |   .0000225   7.82e-06     2.87   0.004     7.14e-06    .0000378
sei1_pblac~d |  -.0019364   .0015964    -1.21   0.225    -.0050652    .0011924
sei1_pblac~q |   .0000251   .0000203     1.24   0.215    -.0000146    .0000649
s_bla1_pbl~d |   .0000128   8.04e-06     1.59   0.112    -2.99e-06    .0000285
s_bla1_pbl~q |  -9.64e-08   1.03e-07    -0.94   0.347    -2.97e-07    1.05e-07
s_imm1_pbl~d |   .0000355   .0000196     1.82   0.069    -2.80e-06    .0000739
s_imm1_pbl~q |  -2.23e-07   2.64e-07    -0.84   0.399    -7.42e-07    2.95e-07
s_sei1_pbl~d |   3.51e-06   .0000515     0.07   0.946    -.0000974    .0001044
s_sei1_pbl~q |   2.09e-08   6.87e-07     0.03   0.976    -1.33e-06    1.37e-06
dest_ed_pc~n |   .1346282    .115584     1.16   0.244    -.0919121    .3611686
dest_ed~n_sq |  -.0039151   .0024477    -1.60   0.110    -.0087124    .0008822
s_pfrnbrn_ed |  -.0056062   .0037911    -1.48   0.139    -.0130367    .0018243
s_pfrnbrn_~q |   .0001123   .0000779     1.44   0.150    -.0000404     .000265
bla1_pfrnb~d |  -.0010838   .0009285    -1.17   0.243    -.0029036    .0007361
bla1_pfrnb~q |   .0000288   .0000197     1.47   0.143    -9.71e-06    .0000673
imm1_pfrnb~d |  -.0015865   .0019441    -0.82   0.414    -.0053969    .0022238
imm1_pfrnb~q |   .0000587    .000036     1.63   0.102    -.0000117    .0001292
sei1_pfrnb~d |  -.0049014   .0060417    -0.81   0.417     -.016743    .0069402
sei1_pfrnb~q |   .0000641   .0001293     0.50   0.620    -.0001892    .0003175
s_bla1_pfr~d |   .0000104   .0000301     0.34   0.731    -.0000487    .0000694
s_bla1_pfr~q |  -3.50e-07   6.26e-07    -0.56   0.576    -1.58e-06    8.78e-07
s_imm1_pfr~d |   .0001157   .0000638     1.81   0.070    -9.34e-06    .0002407
s_imm1_pfr~q |  -1.79e-06   1.15e-06    -1.56   0.119    -4.04e-06    4.62e-07
s_sei1_pfr~d |   .0001649   .0001937     0.85   0.395    -.0002148    .0005446
s_sei1_pfr~q |  -3.71e-06   4.05e-06    -0.91   0.360    -.0000116    4.23e-06
dest_ed_me~i |   .0070702   .3111769     0.02   0.982    -.6028253    .6169658
dest_ed_me~q |   -.008629   .0134999    -0.64   0.523    -.0350883    .0178303
   s_msei_ed |  -.0177915   .0120332    -1.48   0.139    -.0413761    .0057931
s_msei_ed_sq |   .0005966   .0005094     1.17   0.241    -.0004017     .001595
bla1_msei_ed |  -.0024947   .0022759    -1.10   0.273    -.0069554    .0019661
bla1_msei_~q |   .0001206   .0000996     1.21   0.226    -.0000746    .0003158
imm1_msei_ed |   .0072871     .00792     0.92   0.358    -.0082359    .0228101
imm1_msei_~q |  -.0004695   .0003711    -1.27   0.206    -.0011969    .0002579
sei1_msei_ed |   .0082966   .0143032     0.58   0.562    -.0197371    .0363304
sei1_msei_~q |   .0002606   .0005578     0.47   0.640    -.0008327    .0013538
s_bla1_mse~d |   .0001053   .0000845     1.25   0.213    -.0000604    .0002709
s_bla1_mse~q |  -3.46e-06   3.58e-06    -0.97   0.334    -.0000105    3.55e-06
s_imm1_mse~d |   .0001714   .0002632     0.65   0.515    -.0003444    .0006873
s_imm1_mse~q |  -3.81e-06   .0000118    -0.32   0.746    -.0000269    .0000193
s_sei1_mse~d |   .0010098   .0006077     1.66   0.097    -.0001812    .0022009
s_sei1_mse~q |  -.0000343   .0000246    -1.40   0.162    -.0000825    .0000138
        dist |  -.0012051   .0001726    -6.98   0.000    -.0015433   -.0008668
     dist_sq |   2.13e-08   8.25e-09     2.58   0.010     5.08e-09    3.74e-08
      s_dist |   5.78e-06   5.73e-06     1.01   0.313    -5.45e-06     .000017
   s_dist_sq |  -2.63e-10   3.05e-10    -0.86   0.388    -8.60e-10    3.34e-10
   bla1_dist |   7.64e-06   1.49e-06     5.13   0.000     4.72e-06    .0000106
bla1_dist_sq |  -1.58e-10   7.28e-11    -2.16   0.030    -3.00e-10   -1.49e-11
   imm1_dist |   .0000106   3.44e-06     3.09   0.002     3.88e-06    .0000174
imm1_dist_sq |  -2.44e-10   1.80e-10    -1.35   0.176    -5.98e-10    1.09e-10
   sei1_dist |  -9.86e-06   9.03e-06    -1.09   0.274    -.0000276    7.83e-06
sei1_dist_sq |   1.69e-09   4.44e-10     3.80   0.000     8.18e-10    2.56e-09
 s_bla1_dist |  -1.39e-07   4.90e-08    -2.84   0.005    -2.35e-07   -4.30e-08
s_bla1_dis~q |   4.94e-12   2.59e-12     1.90   0.057    -1.43e-13    1.00e-11
 s_imm1_dist |  -1.82e-07   1.14e-07    -1.59   0.111    -4.07e-07    4.22e-08
s_imm1_dis~q |   9.95e-12   6.37e-12     1.56   0.118    -2.54e-12    2.24e-11
 s_sei1_dist |   3.10e-07   2.90e-07     1.07   0.285    -2.58e-07    8.78e-07
s_sei1_dis~q |  -1.13e-11   1.60e-11    -0.70   0.481    -4.28e-11    2.02e-11
------------------------------------------------------------------------------

. clogit, or

Conditional (fixed-effects) logistic regression

                                                Number of obs     =    449,030
                                                LR chi2(57)       =    9622.65
                                                Prob > chi2       =     0.0000
Log likelihood = -7938.7657                     Pseudo R2         =     0.3774

------------------------------------------------------------------------------
      choice | Odds Ratio   Std. Err.      z    P>|z|     [95% Conf. Interval]
-------------+----------------------------------------------------------------
dest_ed_pc~k |   1.214742   .0388903     6.08   0.000      1.14086    1.293408
dest_ed~k_sq |   .9978818   .0004153    -5.09   0.000     .9970681    .9986962
 s_pblack_ed |   .9988082   .0010516    -1.13   0.257     .9967493    1.000871
s_pblack_e~q |   1.000006   .0000142     0.44   0.661     .9999783    1.000034
bla1_pblac~d |   .9989413   .0002489    -4.25   0.000     .9984536    .9994291
bla1_pblac~q |   1.000015   3.11e-06     4.81   0.000     1.000009    1.000021
imm1_pblac~d |   .9981562   .0005911    -3.12   0.002     .9969984    .9993154
imm1_pblac~q |   1.000022   7.82e-06     2.87   0.004     1.000007    1.000038
sei1_pblac~d |   .9980655   .0015933    -1.21   0.225     .9949476    1.001193
sei1_pblac~q |   1.000025   .0000203     1.24   0.215     .9999854    1.000065
s_bla1_pbl~d |   1.000013   8.04e-06     1.59   0.112      .999997    1.000029
s_bla1_pbl~q |   .9999999   1.03e-07    -0.94   0.347     .9999997           1
s_imm1_pbl~d |   1.000036   .0000196     1.82   0.069     .9999972    1.000074
s_imm1_pbl~q |   .9999998   2.64e-07    -0.84   0.399     .9999993           1
s_sei1_pbl~d |   1.000004   .0000515     0.07   0.946     .9999026    1.000104
s_sei1_pbl~q |          1   6.87e-07     0.03   0.976     .9999987    1.000001
dest_ed_pc~n |   1.144111   .1322409     1.16   0.244     .9121853    1.435005
dest_ed~n_sq |   .9960926   .0024381    -1.60   0.110     .9913254    1.000883
s_pfrnbrn_ed |   .9944095   .0037699    -1.48   0.139     .9870479    1.001826
s_pfrnbrn_~q |   1.000112   .0000779     1.44   0.150     .9999596    1.000265
bla1_pfrnb~d |   .9989168   .0009275    -1.17   0.243     .9971006    1.000736
bla1_pfrnb~q |   1.000029   .0000197     1.47   0.143     .9999903    1.000067
imm1_pfrnb~d |   .9984147    .001941    -0.82   0.414     .9946177    1.002226
imm1_pfrnb~q |   1.000059    .000036     1.63   0.102     .9999883    1.000129
sei1_pfrnb~d |   .9951106   .0060122    -0.81   0.417     .9833964    1.006964
sei1_pfrnb~q |   1.000064   .0001293     0.50   0.620     .9998108    1.000318
s_bla1_pfr~d |    1.00001   .0000301     0.34   0.731     .9999513    1.000069
s_bla1_pfr~q |   .9999997   6.26e-07    -0.56   0.576     .9999984    1.000001
s_imm1_pfr~d |   1.000116   .0000638     1.81   0.070     .9999907    1.000241
s_imm1_pfr~q |   .9999982   1.15e-06    -1.56   0.119      .999996           1
s_sei1_pfr~d |   1.000165   .0001937     0.85   0.395     .9997852    1.000545
s_sei1_pfr~q |   .9999963   4.05e-06    -0.91   0.360     .9999884    1.000004
dest_ed_me~i |   1.007095   .3133848     0.02   0.982     .5472633    1.853296
dest_ed_me~q |   .9914081   .0133839    -0.64   0.523     .9655201     1.01799
   s_msei_ed |   .9823658    .011821    -1.48   0.139     .9594682     1.00581
s_msei_ed_sq |   1.000597   .0005097     1.17   0.241     .9995983    1.001596
bla1_msei_ed |   .9975084   .0022703    -1.10   0.273     .9930687    1.001968
bla1_msei_~q |   1.000121   .0000996     1.21   0.226     .9999254    1.000316
imm1_msei_ed |   1.007314    .007978     0.92   0.358     .9917979    1.023072
imm1_msei_~q |   .9995306    .000371    -1.27   0.206     .9988038    1.000258
sei1_msei_ed |   1.008331   .0144224     0.58   0.562     .9804564    1.036998
sei1_msei_~q |   1.000261   .0005579     0.47   0.640     .9991677    1.001355
s_bla1_mse~d |   1.000105   .0000845     1.25   0.213     .9999396    1.000271
s_bla1_mse~q |   .9999965   3.58e-06    -0.97   0.334     .9999895    1.000004
s_imm1_mse~d |   1.000171   .0002632     0.65   0.515     .9996556    1.000688
s_imm1_mse~q |   .9999962   .0000118    -0.32   0.746     .9999731    1.000019
s_sei1_mse~d |    1.00101   .0006083     1.66   0.097     .9998188    1.002203
s_sei1_mse~q |   .9999657   .0000246    -1.40   0.162     .9999175    1.000014
        dist |   .9987956   .0001724    -6.98   0.000     .9984579    .9991335
     dist_sq |          1   8.25e-09     2.58   0.010            1           1
      s_dist |   1.000006   5.73e-06     1.01   0.313     .9999945    1.000017
   s_dist_sq |          1   3.05e-10    -0.86   0.388            1           1
   bla1_dist |   1.000008   1.49e-06     5.13   0.000     1.000005    1.000011
bla1_dist_sq |          1   7.28e-11    -2.16   0.030            1           1
   imm1_dist |   1.000011   3.44e-06     3.09   0.002     1.000004    1.000017
imm1_dist_sq |          1   1.80e-10    -1.35   0.176            1           1
   sei1_dist |   .9999901   9.03e-06    -1.09   0.274     .9999724    1.000008
sei1_dist_sq |          1   4.44e-10     3.80   0.000            1           1
 s_bla1_dist |   .9999999   4.90e-08    -2.84   0.005     .9999998           1
s_bla1_dis~q |          1   2.59e-12     1.90   0.057            1           1
 s_imm1_dist |   .9999998   1.14e-07    -1.59   0.111     .9999996           1
s_imm1_dis~q |          1   6.37e-12     1.56   0.118            1           1
 s_sei1_dist |          1   2.90e-07     1.07   0.285     .9999997    1.000001
s_sei1_dis~q |          1   1.60e-11    -0.70   0.481            1           1
------------------------------------------------------------------------------

. 
. * generate predicted probabilities of household destination choices
. predict phat
(option pc1 assumed; probability of success given one success within group)

. 
. * save data with predictions
. export delim using "/home/bbellman/census-linking/data/for_models/dc_example_
> preds/final-obsv-black-20-preds.csv", replace
(note: file /home/bbellman/census-linking/data/for_models/dc_example_preds/fina
> l-obsv-black-20-preds.csv not found)
file /home/bbellman/census-linking/data/for_models/dc_example_preds/final-obsv-
> black-20-preds.csv saved

. 
. * load example data
. *import delim using "/home/bbellman/census-linking/data/for_models/dc-pred-ex
> amples.csv", clear
. *destring dist, replace
. 
. * predictions for hypothetical households in real EDs
. *predict phat
. 
. * over-write model data with predictions attached
. *export delim using "/home/bbellman/census-linking/data/for_models/dc_example
> _preds/ex-black-20-preds-cats.csv", replace
. 
. 
. 
. 
. 
. 
. 
. 
. 
. *** Black sample, 1920-1930 movers
. 
. * load observed data
. import delim using "/home/bbellman/census-linking/data/for_models/final-phl_d
> iscrete_choice_black_30.csv", clear
(74 vars, 367,166 obs)

. duplicates drop

Duplicates in terms of all variables

(5,413 observations deleted)

. 
. * run conditional logit model
. clogit choice dest_ed_pct_black dest_ed_pct_black_sq s_pblack_ed s_pblack_ed_
> sq bla1_pblack_ed bla1_pblack_ed_sq imm1_pblack_ed imm1_pblack_ed_sq sei1_pbl
> ack_ed sei1_pblack_ed_sq s_bla1_pblack_ed s_bla1_pblack_ed_sq s_imm1_pblack_e
> d s_imm1_pblack_ed_sq s_sei1_pblack_ed s_sei1_pblack_ed_sq dest_ed_pct_frnbrn
>  dest_ed_pct_frnbrn_sq s_pfrnbrn_ed s_pfrnbrn_ed_sq bla1_pfrnbrn_ed bla1_pfrn
> brn_ed_sq imm1_pfrnbrn_ed imm1_pfrnbrn_ed_sq sei1_pfrnbrn_ed sei1_pfrnbrn_ed_
> sq s_bla1_pfrnbrn_ed s_bla1_pfrnbrn_ed_sq s_imm1_pfrnbrn_ed s_imm1_pfrnbrn_ed
> _sq s_sei1_pfrnbrn_ed s_sei1_pfrnbrn_ed_sq dest_ed_mean_sei dest_ed_mean_sei_
> sq s_msei_ed s_msei_ed_sq bla1_msei_ed bla1_msei_ed_sq imm1_msei_ed imm1_msei
> _ed_sq sei1_msei_ed sei1_msei_ed_sq s_bla1_msei_ed s_bla1_msei_ed_sq s_imm1_m
> sei_ed s_imm1_msei_ed_sq s_sei1_msei_ed s_sei1_msei_ed_sq dist dist_sq s_dist
>  s_dist_sq bla1_dist bla1_dist_sq imm1_dist imm1_dist_sq sei1_dist sei1_dist_
> sq s_bla1_dist s_bla1_dist_sq s_imm1_dist s_imm1_dist_sq s_sei1_dist s_sei1_d
> ist_sq, group(serial1)

Iteration 0:   log likelihood = -9126.5628  
Iteration 1:   log likelihood =  -9091.994  
Iteration 2:   log likelihood = -9091.1978  
Iteration 3:   log likelihood =  -9091.151  
Iteration 4:   log likelihood = -9091.1455  
Iteration 5:   log likelihood = -9091.1455  

Conditional (fixed-effects) logistic regression

                                                Number of obs     =    361,753
                                                LR chi2(57)       =   10161.22
                                                Prob > chi2       =     0.0000
Log likelihood = -9091.1455                     Pseudo R2         =     0.3585

------------------------------------------------------------------------------
      choice |      Coef.   Std. Err.      z    P>|z|     [95% Conf. Interval]
-------------+----------------------------------------------------------------
dest_ed_pc~k |   .0929069   .0288542     3.22   0.001     .0363537    .1494601
dest_ed~k_sq |  -.0011086    .000312    -3.55   0.000    -.0017201   -.0004971
 s_pblack_ed |     .00131   .0009929     1.32   0.187    -.0006361    .0032561
s_pblack_e~q |  -9.17e-07   .0000107    -0.09   0.932    -.0000219    .0000201
bla1_pblac~d |  -.0000379    .000225    -0.17   0.866    -.0004789    .0004031
bla1_pblac~q |   4.42e-06   2.43e-06     1.82   0.069    -3.43e-07    9.17e-06
imm1_pblac~d |   .0009381   .0006135     1.53   0.126    -.0002644    .0021405
imm1_pblac~q |  -1.45e-06   6.65e-06    -0.22   0.827    -.0000145    .0000116
sei1_pblac~d |  -.0008241    .001664    -0.50   0.620    -.0040856    .0024373
sei1_pblac~q |   .0000213   .0000175     1.22   0.222    -.0000129    .0000556
s_bla1_pbl~d |  -.0000111   7.69e-06    -1.45   0.148    -.0000262    3.95e-06
s_bla1_pbl~q |   4.73e-08   8.23e-08     0.57   0.566    -1.14e-07    2.08e-07
s_imm1_pbl~d |    -.00006   .0000233    -2.58   0.010    -.0001057   -.0000144
s_imm1_pbl~q |   3.33e-07   2.58e-07     1.29   0.197    -1.72e-07    8.39e-07
s_sei1_pbl~d |  -.0000304   .0000535    -0.57   0.570    -.0001353    .0000745
s_sei1_pbl~q |  -1.04e-07   5.67e-07    -0.18   0.854    -1.22e-06    1.01e-06
dest_ed_pc~n |  -.0195006   .0982301    -0.20   0.843     -.212028    .1730268
dest_ed~n_sq |  -.0013771   .0020922    -0.66   0.510    -.0054777    .0027236
s_pfrnbrn_ed |   .0051404   .0038357     1.34   0.180    -.0023774    .0126581
s_pfrnbrn_~q |  -.0000853   .0000811    -1.05   0.293    -.0002443    .0000738
bla1_pfrnb~d |   .0006387   .0008932     0.72   0.475    -.0011119    .0023893
bla1_pfrnb~q |  -7.61e-07   .0000205    -0.04   0.970     -.000041    .0000395
imm1_pfrnb~d |   .0029157   .0018399     1.58   0.113    -.0006904    .0065218
imm1_pfrnb~q |  -8.59e-06   .0000359    -0.24   0.811    -.0000789    .0000617
sei1_pfrnb~d |    -.00526   .0051657    -1.02   0.309    -.0153846    .0048645
sei1_pfrnb~q |   .0001082   .0001004     1.08   0.282    -.0000887     .000305
s_bla1_pfr~d |  -.0000253   .0000324    -0.78   0.435    -.0000889    .0000382
s_bla1_pfr~q |   1.71e-07   7.44e-07     0.23   0.818    -1.29e-06    1.63e-06
s_imm1_pfr~d |  -.0001064   .0000819    -1.30   0.194     -.000267    .0000542
s_imm1_pfr~q |   1.78e-06   1.61e-06     1.10   0.270    -1.38e-06    4.94e-06
s_sei1_pfr~d |   -.000216   .0001941    -1.11   0.266    -.0005964    .0001643
s_sei1_pfr~q |   3.99e-06   3.81e-06     1.05   0.295    -3.48e-06    .0000115
dest_ed_me~i |   .1289257   .2679544     0.48   0.630    -.3962553    .6541068
dest_ed_me~q |  -.0172341   .0106242    -1.62   0.105    -.0380571    .0035889
   s_msei_ed |  -.0061953   .0088698    -0.70   0.485    -.0235797    .0111892
s_msei_ed_sq |    .000535   .0003326     1.61   0.108    -.0001169    .0011869
bla1_msei_ed |  -.0016778   .0022017    -0.76   0.446    -.0059931    .0026375
bla1_msei_~q |    .000106   .0000883     1.20   0.230    -.0000671    .0002792
imm1_msei_ed |   -.004108   .0058501    -0.70   0.483     -.015574     .007358
imm1_msei_~q |   .0002752    .000236     1.17   0.244    -.0001873    .0007376
sei1_msei_ed |   .0143005   .0155635     0.92   0.358    -.0162034    .0448044
sei1_msei_~q |   .0002606   .0006014     0.43   0.665    -.0009182    .0014394
s_bla1_mse~d |   .0000839   .0000675     1.24   0.214    -.0000483    .0002162
s_bla1_mse~q |  -4.43e-06   2.54e-06    -1.74   0.081    -9.41e-06    5.47e-07
s_imm1_mse~d |   .0002789   .0002409     1.16   0.247    -.0001933     .000751
s_imm1_mse~q |   -.000018   9.97e-06    -1.81   0.071    -.0000376    1.53e-06
s_sei1_mse~d |   .0002693    .000582     0.46   0.644    -.0008714      .00141
s_sei1_mse~q |   -.000021   .0000226    -0.93   0.353    -.0000652    .0000233
        dist |  -.0013331    .000139    -9.59   0.000    -.0016055   -.0010608
     dist_sq |   3.14e-08   6.35e-09     4.95   0.000     1.89e-08    4.38e-08
      s_dist |   5.85e-06   4.71e-06     1.24   0.214    -3.38e-06    .0000151
   s_dist_sq |  -5.65e-11   2.11e-10    -0.27   0.789    -4.70e-10    3.57e-10
   bla1_dist |   7.05e-06   1.08e-06     6.51   0.000     4.93e-06    9.17e-06
bla1_dist_sq |  -1.54e-10   5.34e-11    -2.88   0.004    -2.58e-10   -4.91e-11
   imm1_dist |   .0000162   3.07e-06     5.27   0.000     .0000101    .0000222
imm1_dist_sq |  -4.19e-10   1.61e-10    -2.60   0.009    -7.35e-10   -1.03e-10
   sei1_dist |   .0000127   8.42e-06     1.51   0.132    -3.83e-06    .0000292
sei1_dist_sq |   4.37e-10   4.00e-10     1.09   0.275    -3.48e-10    1.22e-09
 s_bla1_dist |  -3.79e-08   3.60e-08    -1.05   0.292    -1.08e-07    3.27e-08
s_bla1_dis~q |   6.46e-13   1.69e-12     0.38   0.703    -2.67e-12    3.97e-12
 s_imm1_dist |  -1.23e-07   1.25e-07    -0.99   0.323    -3.69e-07    1.22e-07
s_imm1_dis~q |   6.47e-13   7.10e-12     0.09   0.927    -1.33e-11    1.46e-11
 s_sei1_dist |  -5.88e-08   2.64e-07    -0.22   0.824    -5.77e-07    4.59e-07
s_sei1_dis~q |  -2.65e-12   1.22e-11    -0.22   0.828    -2.66e-11    2.13e-11
------------------------------------------------------------------------------

. clogit, or

Conditional (fixed-effects) logistic regression

                                                Number of obs     =    361,753
                                                LR chi2(57)       =   10161.22
                                                Prob > chi2       =     0.0000
Log likelihood = -9091.1455                     Pseudo R2         =     0.3585

------------------------------------------------------------------------------
      choice | Odds Ratio   Std. Err.      z    P>|z|     [95% Conf. Interval]
-------------+----------------------------------------------------------------
dest_ed_pc~k |    1.09736   .0316634     3.22   0.001     1.037023    1.161207
dest_ed~k_sq |    .998892   .0003116    -3.55   0.000     .9982814     .999503
 s_pblack_ed |   1.001311   .0009942     1.32   0.187     .9993641    1.003261
s_pblack_e~q |   .9999991   .0000107    -0.09   0.932     .9999781     1.00002
bla1_pblac~d |   .9999621    .000225    -0.17   0.866     .9995212    1.000403
bla1_pblac~q |   1.000004   2.43e-06     1.82   0.069     .9999997    1.000009
imm1_pblac~d |   1.000939   .0006141     1.53   0.126     .9997357    1.002143
imm1_pblac~q |   .9999986   6.65e-06    -0.22   0.827     .9999855    1.000012
sei1_pblac~d |   .9991762   .0016627    -0.50   0.620     .9959228     1.00244
sei1_pblac~q |   1.000021   .0000175     1.22   0.222     .9999871    1.000056
s_bla1_pbl~d |   .9999889   7.69e-06    -1.45   0.148     .9999738    1.000004
s_bla1_pbl~q |          1   8.23e-08     0.57   0.566     .9999999           1
s_imm1_pbl~d |     .99994   .0000233    -2.58   0.010     .9998943    .9999856
s_imm1_pbl~q |          1   2.58e-07     1.29   0.197     .9999998    1.000001
s_sei1_pbl~d |   .9999696   .0000535    -0.57   0.570     .9998647    1.000074
s_sei1_pbl~q |   .9999999   5.67e-07    -0.18   0.854     .9999988    1.000001
dest_ed_pc~n |   .9806883   .0963331    -0.20   0.843     .8089421    1.188898
dest_ed~n_sq |   .9986239   .0020893    -0.66   0.510     .9945372    1.002727
s_pfrnbrn_ed |   1.005154   .0038554     1.34   0.180     .9976254    1.012739
s_pfrnbrn_~q |   .9999147   .0000811    -1.05   0.293     .9997557    1.000074
bla1_pfrnb~d |   1.000639   .0008937     0.72   0.475     .9988888    1.002392
bla1_pfrnb~q |   .9999992   .0000205    -0.04   0.970      .999959    1.000039
imm1_pfrnb~d |    1.00292   .0018452     1.58   0.113     .9993099    1.006543
imm1_pfrnb~q |   .9999914   .0000359    -0.24   0.811     .9999211    1.000062
sei1_pfrnb~d |   .9947538   .0051386    -1.02   0.309     .9847332    1.004876
sei1_pfrnb~q |   1.000108   .0001005     1.08   0.282     .9999113    1.000305
s_bla1_pfr~d |   .9999747   .0000324    -0.78   0.435     .9999111    1.000038
s_bla1_pfr~q |          1   7.44e-07     0.23   0.818     .9999987    1.000002
s_imm1_pfr~d |   .9998936   .0000819    -1.30   0.194     .9997331    1.000054
s_imm1_pfr~q |   1.000002   1.61e-06     1.10   0.270     .9999986    1.000005
s_sei1_pfr~d |    .999784    .000194    -1.11   0.266     .9994037    1.000164
s_sei1_pfr~q |   1.000004   3.81e-06     1.05   0.295     .9999965    1.000011
dest_ed_me~i |   1.137606   .3048265     0.48   0.630     .6728349    1.923424
dest_ed_me~q |   .9829136   .0104426    -1.62   0.105      .962658    1.003595
   s_msei_ed |   .9938239    .008815    -0.70   0.485     .9766961    1.011252
s_msei_ed_sq |   1.000535   .0003328     1.61   0.108     .9998831    1.001188
bla1_msei_ed |   .9983236   .0021981    -0.76   0.446     .9940248    1.002641
bla1_msei_~q |   1.000106   .0000883     1.20   0.230     .9999329    1.000279
imm1_msei_ed |   .9959004   .0058261    -0.70   0.483     .9845466    1.007385
imm1_msei_~q |   1.000275    .000236     1.17   0.244     .9998127    1.000738
sei1_msei_ed |   1.014403   .0157877     0.92   0.358     .9839272    1.045823
sei1_msei_~q |   1.000261   .0006016     0.43   0.665     .9990822     1.00144
s_bla1_mse~d |   1.000084   .0000675     1.24   0.214     .9999517    1.000216
s_bla1_mse~q |   .9999956   2.54e-06    -1.74   0.081     .9999906    1.000001
s_imm1_mse~d |   1.000279   .0002409     1.16   0.247     .9998068    1.000751
s_imm1_mse~q |    .999982   9.97e-06    -1.81   0.071     .9999624    1.000002
s_sei1_mse~d |   1.000269   .0005822     0.46   0.644     .9991289    1.001411
s_sei1_mse~q |    .999979   .0000226    -0.93   0.353     .9999348    1.000023
        dist |   .9986678   .0001388    -9.59   0.000     .9983958    .9989398
     dist_sq |          1   6.35e-09     4.95   0.000            1           1
      s_dist |   1.000006   4.71e-06     1.24   0.214     .9999966    1.000015
   s_dist_sq |          1   2.11e-10    -0.27   0.789            1           1
   bla1_dist |   1.000007   1.08e-06     6.51   0.000     1.000005    1.000009
bla1_dist_sq |          1   5.34e-11    -2.88   0.004            1           1
   imm1_dist |   1.000016   3.07e-06     5.27   0.000      1.00001    1.000022
imm1_dist_sq |          1   1.61e-10    -2.60   0.009            1           1
   sei1_dist |   1.000013   8.42e-06     1.51   0.132     .9999962    1.000029
sei1_dist_sq |          1   4.00e-10     1.09   0.275            1           1
 s_bla1_dist |          1   3.60e-08    -1.05   0.292     .9999999           1
s_bla1_dis~q |          1   1.69e-12     0.38   0.703            1           1
 s_imm1_dist |   .9999999   1.25e-07    -0.99   0.323     .9999996           1
s_imm1_dis~q |          1   7.10e-12     0.09   0.927            1           1
 s_sei1_dist |   .9999999   2.64e-07    -0.22   0.824     .9999994           1
s_sei1_dis~q |          1   1.22e-11    -0.22   0.828            1           1
------------------------------------------------------------------------------

. 
. * generate predicted probabilities of household destination choices
. predict phat
(option pc1 assumed; probability of success given one success within group)

. 
. * save data with predictions
. export delim using "/home/bbellman/census-linking/data/for_models/dc_example_
> preds/final-obsv-black-30-preds.csv", replace
(note: file /home/bbellman/census-linking/data/for_models/dc_example_preds/fina
> l-obsv-black-30-preds.csv not found)
file /home/bbellman/census-linking/data/for_models/dc_example_preds/final-obsv-
> black-30-preds.csv saved

. 
. 
. 
. 
. 
. 
. 
. *** Black sample, 1930-1940 movers
. 
. * load observed data
. import delim using "/home/bbellman/census-linking/data/for_models/final-phl_d
> iscrete_choice_black_40.csv", clear
(74 vars, 1,165,923 obs)

. duplicates drop

Duplicates in terms of all variables

(2,275 observations deleted)

. 
. * run conditional logit model
. clogit choice dest_ed_pct_black dest_ed_pct_black_sq s_pblack_ed s_pblack_ed_
> sq bla1_pblack_ed bla1_pblack_ed_sq imm1_pblack_ed imm1_pblack_ed_sq sei1_pbl
> ack_ed sei1_pblack_ed_sq s_bla1_pblack_ed s_bla1_pblack_ed_sq s_imm1_pblack_e
> d s_imm1_pblack_ed_sq s_sei1_pblack_ed s_sei1_pblack_ed_sq dest_ed_pct_frnbrn
>  dest_ed_pct_frnbrn_sq s_pfrnbrn_ed s_pfrnbrn_ed_sq bla1_pfrnbrn_ed bla1_pfrn
> brn_ed_sq imm1_pfrnbrn_ed imm1_pfrnbrn_ed_sq sei1_pfrnbrn_ed sei1_pfrnbrn_ed_
> sq s_bla1_pfrnbrn_ed s_bla1_pfrnbrn_ed_sq s_imm1_pfrnbrn_ed s_imm1_pfrnbrn_ed
> _sq s_sei1_pfrnbrn_ed s_sei1_pfrnbrn_ed_sq dest_ed_mean_sei dest_ed_mean_sei_
> sq s_msei_ed s_msei_ed_sq bla1_msei_ed bla1_msei_ed_sq imm1_msei_ed imm1_msei
> _ed_sq sei1_msei_ed sei1_msei_ed_sq s_bla1_msei_ed s_bla1_msei_ed_sq s_imm1_m
> sei_ed s_imm1_msei_ed_sq s_sei1_msei_ed s_sei1_msei_ed_sq dist dist_sq s_dist
>  s_dist_sq bla1_dist bla1_dist_sq imm1_dist imm1_dist_sq sei1_dist sei1_dist_
> sq s_bla1_dist s_bla1_dist_sq s_imm1_dist s_imm1_dist_sq s_sei1_dist s_sei1_d
> ist_sq, group(serial1)

Iteration 0:   log likelihood = -16137.699  
Iteration 1:   log likelihood =     -16059  
Iteration 2:   log likelihood = -16057.896  
Iteration 3:   log likelihood = -16057.893  
Iteration 4:   log likelihood = -16057.893  

Conditional (fixed-effects) logistic regression

                                                Number of obs     =  1,163,648
                                                LR chi2(57)       =   27807.28
                                                Prob > chi2       =     0.0000
Log likelihood = -16057.893                     Pseudo R2         =     0.4640

------------------------------------------------------------------------------
      choice |      Coef.   Std. Err.      z    P>|z|     [95% Conf. Interval]
-------------+----------------------------------------------------------------
dest_ed_pc~k |   .1214631   .0241902     5.02   0.000     .0740513     .168875
dest_ed~k_sq |  -.0013538   .0002463    -5.50   0.000    -.0018366    -.000871
 s_pblack_ed |   .0016912   .0009711     1.74   0.082    -.0002121    .0035946
s_pblack_e~q |  -.0000107   9.66e-06    -1.11   0.266    -.0000297    8.19e-06
bla1_pblac~d |  -.0004672   .0001934    -2.42   0.016    -.0008462   -.0000882
bla1_pblac~q |   8.45e-06   1.96e-06     4.32   0.000     4.61e-06    .0000123
imm1_pblac~d |  -.0000807    .000555    -0.15   0.884    -.0011684     .001007
imm1_pblac~q |   8.81e-06   5.90e-06     1.49   0.135    -2.75e-06    .0000204
sei1_pblac~d |  -.0008565   .0012134    -0.71   0.480    -.0032347    .0015216
sei1_pblac~q |   .0000192   .0000121     1.59   0.112    -4.46e-06    .0000429
s_bla1_pbl~d |  -.0000171   7.50e-06    -2.28   0.023    -.0000318   -2.41e-06
s_bla1_pbl~q |   1.29e-07   7.49e-08     1.72   0.086    -1.81e-08    2.75e-07
s_imm1_pbl~d |  -.0000235   .0000238    -0.99   0.324    -.0000702    .0000232
s_imm1_pbl~q |   1.53e-07   2.49e-07     0.61   0.539    -3.35e-07    6.42e-07
s_sei1_pbl~d |  -.0000586   .0000452    -1.30   0.195    -.0001471    .0000299
s_sei1_pbl~q |   4.68e-07   4.41e-07     1.06   0.289    -3.96e-07    1.33e-06
dest_ed_pc~n |  -.1010697   .1110697    -0.91   0.363    -.3187622    .1166228
dest_ed~n_sq |   .0004742   .0029819     0.16   0.874    -.0053703    .0063187
s_pfrnbrn_ed |  -.0022468   .0043954    -0.51   0.609    -.0108616     .006368
s_pfrnbrn_~q |   .0000596   .0001172     0.51   0.611    -.0001701    .0002893
bla1_pfrnb~d |   .0011804   .0009168     1.29   0.198    -.0006164    .0029773
bla1_pfrnb~q |  -.0000223   .0000256    -0.87   0.385    -.0000724    .0000279
imm1_pfrnb~d |   .0069096   .0025287     2.73   0.006     .0019535    .0118658
imm1_pfrnb~q |  -.0000977   .0000628    -1.56   0.120    -.0002207    .0000253
sei1_pfrnb~d |  -.0041273   .0055786    -0.74   0.459    -.0150611    .0068066
sei1_pfrnb~q |   .0001064   .0001537     0.69   0.489    -.0001949    .0004077
s_bla1_pfr~d |   .0000104    .000035     0.30   0.766    -.0000582    .0000791
s_bla1_pfr~q |  -2.94e-07   9.80e-07    -0.30   0.764    -2.22e-06    1.63e-06
s_imm1_pfr~d |   .0000352   .0001066     0.33   0.741    -.0001737    .0002441
s_imm1_pfr~q |   1.88e-08   2.58e-06     0.01   0.994    -5.04e-06    5.08e-06
s_sei1_pfr~d |   .0001333   .0002087     0.64   0.523    -.0002757    .0005423
s_sei1_pfr~q |  -4.94e-06   5.92e-06    -0.83   0.404    -.0000165    6.66e-06
dest_ed_me~i |   -.336253   .1582891    -2.12   0.034     -.646494   -.0260121
dest_ed_me~q |   .0019505   .0051088     0.38   0.703    -.0080625    .0119635
   s_msei_ed |   .0009203   .0062138     0.15   0.882    -.0112586    .0130992
s_msei_ed_sq |    .000127   .0001957     0.65   0.516    -.0002565    .0005105
bla1_msei_ed |   .0011917    .001336     0.89   0.372    -.0014268    .0038103
bla1_msei_~q |   2.48e-06   .0000444     0.06   0.955    -.0000845    .0000894
imm1_msei_ed |   .0061446   .0046177     1.33   0.183     -.002906    .0151952
imm1_msei_~q |  -.0001313   .0001631    -0.81   0.421     -.000451    .0001884
sei1_msei_ed |   .0202674   .0065052     3.12   0.002     .0075175    .0330173
sei1_msei_~q |   -.000169   .0001783    -0.95   0.343    -.0005185    .0001804
s_bla1_mse~d |   .0000264   .0000472     0.56   0.576    -.0000661    .0001189
s_bla1_mse~q |  -1.62e-06   1.48e-06    -1.09   0.274    -4.52e-06    1.28e-06
s_imm1_mse~d |   .0000292   .0001856     0.16   0.875    -.0003345    .0003929
s_imm1_mse~q |  -4.79e-06   6.41e-06    -0.75   0.455    -.0000173    7.77e-06
s_sei1_mse~d |   .0000115   .0002767     0.04   0.967    -.0005308    .0005537
s_sei1_mse~q |  -3.85e-06   8.36e-06    -0.46   0.645    -.0000202    .0000125
        dist |   -.001091    .000137    -7.96   0.000    -.0013596   -.0008225
     dist_sq |   1.14e-08   6.19e-09     1.85   0.065    -6.96e-10    2.36e-08
      s_dist |   4.97e-06   5.00e-06     0.99   0.320    -4.83e-06    .0000148
   s_dist_sq |   9.83e-12   2.35e-10     0.04   0.967    -4.51e-10    4.71e-10
   bla1_dist |   2.93e-06   1.11e-06     2.63   0.008     7.47e-07    5.11e-06
bla1_dist_sq |   9.54e-11   5.81e-11     1.64   0.101    -1.86e-11    2.09e-10
   imm1_dist |   3.99e-06   3.32e-06     1.20   0.229    -2.51e-06    .0000105
imm1_dist_sq |   2.70e-10   1.61e-10     1.67   0.094    -4.59e-11    5.85e-10
   sei1_dist |  -9.57e-06   7.09e-06    -1.35   0.177    -.0000235    4.32e-06
sei1_dist_sq |   1.49e-09   3.07e-10     4.84   0.000     8.85e-10    2.09e-09
 s_bla1_dist |  -9.64e-08   4.07e-08    -2.37   0.018    -1.76e-07   -1.66e-08
s_bla1_dis~q |   1.64e-12   2.20e-12     0.75   0.456    -2.68e-12    5.96e-12
 s_imm1_dist |   6.75e-08   1.29e-07     0.52   0.600    -1.85e-07    3.20e-07
s_imm1_dis~q |  -5.56e-12   6.12e-12    -0.91   0.364    -1.76e-11    6.44e-12
 s_sei1_dist |  -1.33e-08   2.34e-07    -0.06   0.955    -4.71e-07    4.45e-07
s_sei1_dis~q |  -4.85e-12   1.04e-11    -0.47   0.640    -2.52e-11    1.55e-11
------------------------------------------------------------------------------

. clogit, or

Conditional (fixed-effects) logistic regression

                                                Number of obs     =  1,163,648
                                                LR chi2(57)       =   27807.28
                                                Prob > chi2       =     0.0000
Log likelihood = -16057.893                     Pseudo R2         =     0.4640

------------------------------------------------------------------------------
      choice | Odds Ratio   Std. Err.      z    P>|z|     [95% Conf. Interval]
-------------+----------------------------------------------------------------
dest_ed_pc~k |   1.129148   .0273143     5.02   0.000     1.076862    1.183972
dest_ed~k_sq |   .9986471    .000246    -5.50   0.000     .9981651    .9991294
 s_pblack_ed |   1.001693   .0009727     1.74   0.082     .9997879    1.003601
s_pblack_e~q |   .9999893   9.66e-06    -1.11   0.266     .9999703    1.000008
bla1_pblac~d |   .9995329   .0001933    -2.42   0.016     .9991542    .9999118
bla1_pblac~q |   1.000008   1.96e-06     4.32   0.000     1.000005    1.000012
imm1_pblac~d |   .9999193   .0005549    -0.15   0.884     .9988323    1.001008
imm1_pblac~q |   1.000009   5.90e-06     1.49   0.135     .9999972     1.00002
sei1_pblac~d |   .9991438   .0012123    -0.71   0.480     .9967705    1.001523
sei1_pblac~q |   1.000019   .0000121     1.59   0.112     .9999955    1.000043
s_bla1_pbl~d |   .9999829   7.50e-06    -2.28   0.023     .9999682    .9999976
s_bla1_pbl~q |          1   7.49e-08     1.72   0.086            1           1
s_imm1_pbl~d |   .9999765   .0000238    -0.99   0.324     .9999298    1.000023
s_imm1_pbl~q |          1   2.49e-07     0.61   0.539     .9999997    1.000001
s_sei1_pbl~d |   .9999414   .0000452    -1.30   0.195     .9998529     1.00003
s_sei1_pbl~q |          1   4.41e-07     1.06   0.289     .9999996    1.000001
dest_ed_pc~n |     .90387   .1003925    -0.91   0.363     .7270484    1.123696
dest_ed~n_sq |   1.000474   .0029834     0.16   0.874     .9946441    1.006339
s_pfrnbrn_ed |   .9977557   .0043855    -0.51   0.609     .9891972    1.006388
s_pfrnbrn_~q |    1.00006   .0001172     0.51   0.611       .99983    1.000289
bla1_pfrnb~d |   1.001181   .0009179     1.29   0.198     .9993838    1.002982
bla1_pfrnb~q |   .9999777   .0000256    -0.87   0.385     .9999276    1.000028
imm1_pfrnb~d |   1.006934   .0025462     2.73   0.006     1.001955    1.011936
imm1_pfrnb~q |   .9999024   .0000628    -1.56   0.120     .9997794    1.000025
sei1_pfrnb~d |   .9958812   .0055556    -0.74   0.459     .9850517     1.00683
sei1_pfrnb~q |   1.000106   .0001537     0.69   0.489     .9998051    1.000408
s_bla1_pfr~d |    1.00001    .000035     0.30   0.766     .9999418    1.000079
s_bla1_pfr~q |   .9999997   9.80e-07    -0.30   0.764     .9999978    1.000002
s_imm1_pfr~d |   1.000035   .0001066     0.33   0.741     .9998264    1.000244
s_imm1_pfr~q |          1   2.58e-06     0.01   0.994      .999995    1.000005
s_sei1_pfr~d |   1.000133   .0002087     0.64   0.523     .9997243    1.000542
s_sei1_pfr~q |   .9999951   5.92e-06    -0.83   0.404     .9999835    1.000007
dest_ed_me~i |   .7144423   .1130884    -2.12   0.034     .5238793    .9743233
dest_ed_me~q |   1.001952   .0051187     0.38   0.703     .9919699    1.012035
   s_msei_ed |   1.000921   .0062196     0.15   0.882     .9888045    1.013185
s_msei_ed_sq |   1.000127   .0001957     0.65   0.516     .9997435    1.000511
bla1_msei_ed |   1.001192   .0013376     0.89   0.372     .9985742    1.003818
bla1_msei_~q |   1.000002   .0000444     0.06   0.955     .9999155    1.000089
imm1_msei_ed |   1.006164   .0046462     1.33   0.183     .9970982    1.015311
imm1_msei_~q |   .9998687   .0001631    -0.81   0.421     .9995491    1.000188
sei1_msei_ed |   1.020474   .0066383     3.12   0.002     1.007546    1.033568
sei1_msei_~q |    .999831   .0001783    -0.95   0.343     .9994817     1.00018
s_bla1_mse~d |   1.000026   .0000472     0.56   0.576     .9999339    1.000119
s_bla1_mse~q |   .9999984   1.48e-06    -1.09   0.274     .9999955    1.000001
s_imm1_mse~d |   1.000029   .0001856     0.16   0.875     .9996656    1.000393
s_imm1_mse~q |   .9999952   6.41e-06    -0.75   0.455     .9999827    1.000008
s_sei1_mse~d |   1.000011   .0002767     0.04   0.967     .9994694    1.000554
s_sei1_mse~q |   .9999962   8.36e-06    -0.46   0.645     .9999798    1.000013
        dist |   .9989095   .0001369    -7.96   0.000     .9986413    .9991778
     dist_sq |          1   6.19e-09     1.85   0.065            1           1
      s_dist |   1.000005   5.00e-06     0.99   0.320     .9999952    1.000015
   s_dist_sq |          1   2.35e-10     0.04   0.967            1           1
   bla1_dist |   1.000003   1.11e-06     2.63   0.008     1.000001    1.000005
bla1_dist_sq |          1   5.81e-11     1.64   0.101            1           1
   imm1_dist |   1.000004   3.32e-06     1.20   0.229     .9999975     1.00001
imm1_dist_sq |          1   1.61e-10     1.67   0.094            1           1
   sei1_dist |   .9999904   7.09e-06    -1.35   0.177     .9999765    1.000004
sei1_dist_sq |          1   3.07e-10     4.84   0.000            1           1
 s_bla1_dist |   .9999999   4.07e-08    -2.37   0.018     .9999998           1
s_bla1_dis~q |          1   2.20e-12     0.75   0.456            1           1
 s_imm1_dist |          1   1.29e-07     0.52   0.600     .9999998           1
s_imm1_dis~q |          1   6.12e-12    -0.91   0.364            1           1
 s_sei1_dist |          1   2.34e-07    -0.06   0.955     .9999995           1
s_sei1_dis~q |          1   1.04e-11    -0.47   0.640            1           1
------------------------------------------------------------------------------

. 
. * generate predicted probabilities of household destination choices
. predict phat
(option pc1 assumed; probability of success given one success within group)

. 
. * save data with predictions
. export delim using "/home/bbellman/census-linking/data/for_models/dc_example_
> preds/final-obsv-black-40-preds.csv", replace
(note: file /home/bbellman/census-linking/data/for_models/dc_example_preds/fina
> l-obsv-black-40-preds.csv not found)
file /home/bbellman/census-linking/data/for_models/dc_example_preds/final-obsv-
> black-40-preds.csv saved

. 
. 
. 
. 
. *************
. 
. 
. *** White immigrant sample, 1910-1920 movers
. 
. * load observed data
. import delim using "/home/bbellman/census-linking/data/for_models/final-phl_d
> iscrete_choice_wimm_20.csv", clear
(74 vars, 4,022,841 obs)

. duplicates drop

Duplicates in terms of all variables

(43,935 observations deleted)

. 
. * run conditional logit model
. clogit choice dest_ed_pct_black dest_ed_pct_black_sq s_pblack_ed s_pblack_ed_
> sq bla1_pblack_ed bla1_pblack_ed_sq imm1_pblack_ed imm1_pblack_ed_sq sei1_pbl
> ack_ed sei1_pblack_ed_sq s_bla1_pblack_ed s_bla1_pblack_ed_sq s_imm1_pblack_e
> d s_imm1_pblack_ed_sq s_sei1_pblack_ed s_sei1_pblack_ed_sq dest_ed_pct_frnbrn
>  dest_ed_pct_frnbrn_sq s_pfrnbrn_ed s_pfrnbrn_ed_sq bla1_pfrnbrn_ed bla1_pfrn
> brn_ed_sq imm1_pfrnbrn_ed imm1_pfrnbrn_ed_sq sei1_pfrnbrn_ed sei1_pfrnbrn_ed_
> sq s_bla1_pfrnbrn_ed s_bla1_pfrnbrn_ed_sq s_imm1_pfrnbrn_ed s_imm1_pfrnbrn_ed
> _sq s_sei1_pfrnbrn_ed s_sei1_pfrnbrn_ed_sq dest_ed_mean_sei dest_ed_mean_sei_
> sq s_msei_ed s_msei_ed_sq bla1_msei_ed bla1_msei_ed_sq imm1_msei_ed imm1_msei
> _ed_sq sei1_msei_ed sei1_msei_ed_sq s_bla1_msei_ed s_bla1_msei_ed_sq s_imm1_m
> sei_ed s_imm1_msei_ed_sq s_sei1_msei_ed s_sei1_msei_ed_sq dist dist_sq s_dist
>  s_dist_sq bla1_dist bla1_dist_sq imm1_dist imm1_dist_sq sei1_dist sei1_dist_
> sq s_bla1_dist s_bla1_dist_sq s_imm1_dist s_imm1_dist_sq s_sei1_dist s_sei1_d
> ist_sq, group(serial1)
#
# A fatal error has been detected by the Java Runtime Environment:
#
#  SIGSEGV (0xb) at pc=0x0000000001db7728, pid=41614, tid=0x00007fabc5135740
#
# JRE version: Java(TM) SE Runtime Environment (8.0_121-b13) (build 1.8.0_121-b13)
# Java VM: Java HotSpot(TM) 64-Bit Server VM (25.121-b13 mixed mode linux-amd64 compressed oops)
# Problematic frame:
# C  [stata-mp+0x19b7728]
#
# Failed to write core dump. Core dumps have been disabled. To enable core dumping, try "ulimit -c unlimited" before starting Java again
#
# An error report file with more information is saved as:
# /home/bbellman/census-linking/Stata/hs_err_pid41614.log
#
# If you would like to submit a bug report, please visit:
#   http://bugreport.java.com/bugreport/crash.jsp
# The crash happened outside the Java Virtual Machine in native code.
# See problematic frame for where to report the bug.
#
