-------------------------------------------------------------------------------
      name:  <unnamed>
       log:  /home/bbellman/census-linking/Stata/final/deadline-models2.log
  log type:  text
 opened on:  15 Aug 2019, 09:24:33

. 
. **********
. 
. 
. *** Black sample, 1910-1920 movers
. 
. * load observed data
. import delim using "/home/bbellman/census-linking/data/for_models/final-phl_d
> iscrete_choice_black_20.csv", clear
(74 vars, 453,198 obs)

. duplicates drop

Duplicates in terms of all variables

(4,168 observations deleted)

. 
. * run conditional logit model
. clogit choice dest_ed_pct_black dest_ed_pct_black_sq bla1_pblack_ed bla1_pbla
> ck_ed_sq sei1_pblack_ed sei1_pblack_ed_sq dest_ed_mean_sei dest_ed_mean_sei_s
> q bla1_msei_ed bla1_msei_ed_sq sei1_msei_ed sei1_msei_ed_sq dist dist_sq bla1
> _dist bla1_dist_sq sei1_dist sei1_dist_sq, group(serial1)

Iteration 0:   log likelihood =  -8173.738  
Iteration 1:   log likelihood = -8098.2813  
Iteration 2:   log likelihood = -8096.2228  
Iteration 3:   log likelihood = -8094.6557  
Iteration 4:   log likelihood = -8094.5769  
Iteration 5:   log likelihood = -8094.5768  

Conditional (fixed-effects) logistic regression

                                                Number of obs     =    449,030
                                                LR chi2(16)       =    9311.03
                                                Prob > chi2       =     0.0000
Log likelihood = -8094.5768                     Pseudo R2         =     0.3651

------------------------------------------------------------------------------
      choice |      Coef.   Std. Err.      z    P>|z|     [95% Conf. Interval]
-------------+----------------------------------------------------------------
dest_ed_pc~k |   .1344086   .0149244     9.01   0.000     .1051574    .1636598
dest_ed~k_sq |  -.0014424   .0001867    -7.73   0.000    -.0018084   -.0010765
bla1_pblac~d |  -.0004278   .0001264    -3.39   0.001    -.0006755   -.0001801
bla1_pblac~q |   9.33e-06   1.46e-06     6.38   0.000     6.47e-06    .0000122
sei1_pblac~d |  -.0009513   .0009697    -0.98   0.327    -.0028518    .0009492
sei1_pblac~q |   .0000178   .0000121     1.48   0.140    -5.85e-06    .0000415
dest_ed_me~i |  -.1498405   .1449961    -1.03   0.301    -.4340277    .1343466
dest_ed_me~q |   -.008114   .0062067    -1.31   0.191     -.020279     .004051
bla1_msei_ed |   -.002286   .0011419    -2.00   0.045    -.0045241    -.000048
bla1_msei_~q |   .0001522   .0000489     3.11   0.002     .0000564    .0002479
sei1_msei_ed |   .0347003   .0096467     3.60   0.000     .0157931    .0536076
sei1_msei_~q |  -.0004988   .0003842    -1.30   0.194    -.0012519    .0002543
        dist |  -.0009972   .0000855   -11.66   0.000    -.0011647   -.0008296
     dist_sq |   1.73e-08   3.90e-09     4.43   0.000     9.63e-09    2.49e-08
   bla1_dist |   4.84e-06   8.28e-07     5.85   0.000     3.22e-06    6.46e-06
bla1_dist_sq |  -5.65e-11   4.12e-11    -1.37   0.171    -1.37e-10    2.43e-11
   sei1_dist |   2.41e-07   5.72e-06     0.04   0.966     -.000011    .0000114
sei1_dist_sq |   1.26e-09   2.68e-10     4.70   0.000     7.34e-10    1.78e-09
------------------------------------------------------------------------------

. *clogit, or
. 
. * generate predicted probabilities of household destination choices
. predict phat
(option pc1 assumed; probability of success given one success within group)

. 
. * save data with predictions
. export delim using "/home/bbellman/census-linking/data/for_models/dc-final-pr
> eds/obsv2-black-20-preds.csv", replace
(note: file /home/bbellman/census-linking/data/for_models/dc-final-preds/obsv2-
> black-20-preds.csv not found)
file /home/bbellman/census-linking/data/for_models/dc-final-preds/obsv2-black-2
> 0-preds.csv saved

. 
. * load example data
. import delim using "/home/bbellman/census-linking/data/for_models/dc-pred-exa
> mples-final.csv", clear
(37 vars, 2,640 obs)

. 
. * predictions for hypothetical ED choice sets
. predict phat
(option pc1 assumed; probability of success given one success within group)

. predict phat2, pu0

. 
. * over-write model data with predictions attached
. export delim using "/home/bbellman/census-linking/data/for_models/dc-final-pr
> eds/ex2-black-20-preds.csv", replace
(note: file /home/bbellman/census-linking/data/for_models/dc-final-preds/ex2-bl
> ack-20-preds.csv not found)
file /home/bbellman/census-linking/data/for_models/dc-final-preds/ex2-black-20-
> preds.csv saved

. 
. 
. 
. 
. 
. 
. 
. 
. 
. *** Black sample, 1920-1930 movers
. 
. * load observed data
. import delim using "/home/bbellman/census-linking/data/for_models/final-phl_d
> iscrete_choice_black_30.csv", clear
(74 vars, 367,166 obs)

. duplicates drop

Duplicates in terms of all variables

(5,413 observations deleted)

. 
. * run conditional logit model
. clogit choice dest_ed_pct_black dest_ed_pct_black_sq bla1_pblack_ed bla1_pbla
> ck_ed_sq sei1_pblack_ed sei1_pblack_ed_sq dest_ed_mean_sei dest_ed_mean_sei_s
> q bla1_msei_ed bla1_msei_ed_sq sei1_msei_ed sei1_msei_ed_sq dist dist_sq bla1
> _dist bla1_dist_sq sei1_dist sei1_dist_sq, group(serial1)

Iteration 0:   log likelihood = -9223.4805  
Iteration 1:   log likelihood = -9182.9567  
Iteration 2:   log likelihood = -9181.3379  
Iteration 3:   log likelihood = -9181.0496  
Iteration 4:   log likelihood = -9181.0361  
Iteration 5:   log likelihood = -9181.0361  

Conditional (fixed-effects) logistic regression

                                                Number of obs     =    361,753
                                                LR chi2(16)       =    9981.44
                                                Prob > chi2       =     0.0000
Log likelihood = -9181.0361                     Pseudo R2         =     0.3522

------------------------------------------------------------------------------
      choice |      Coef.   Std. Err.      z    P>|z|     [95% Conf. Interval]
-------------+----------------------------------------------------------------
dest_ed_pc~k |   .1099137   .0117297     9.37   0.000      .086924    .1329035
dest_ed~k_sq |  -.0010532   .0001242    -8.48   0.000    -.0012965   -.0008098
bla1_pblac~d |  -.0001262   .0001045    -1.21   0.227     -.000331    .0000787
bla1_pblac~q |   3.90e-06   1.06e-06     3.67   0.000     1.82e-06    5.98e-06
sei1_pblac~d |  -.0008345   .0009546    -0.87   0.382    -.0027055    .0010365
sei1_pblac~q |   .0000227   9.98e-06     2.28   0.023     3.15e-06    .0000423
dest_ed_me~i |  -.0216817   .1227107    -0.18   0.860    -.2621903    .2188268
dest_ed_me~q |  -.0066196   .0050014    -1.32   0.186    -.0164221    .0031829
bla1_msei_ed |  -.0000367   .0011914    -0.03   0.975    -.0023718    .0022984
bla1_msei_~q |   .0000271   .0000492     0.55   0.582    -.0000694    .0001235
sei1_msei_ed |   .0250745   .0093945     2.67   0.008     .0066617    .0434873
sei1_msei_~q |  -.0002692     .00036    -0.75   0.455    -.0009747    .0004364
        dist |  -.0007755   .0000606   -12.79   0.000    -.0008943   -.0006567
     dist_sq |   1.56e-08   2.87e-09     5.43   0.000     9.96e-09    2.12e-08
   bla1_dist |   3.60e-06   5.42e-07     6.65   0.000     2.54e-06    4.66e-06
bla1_dist_sq |  -4.92e-11   2.85e-11    -1.73   0.084    -1.05e-10    6.66e-12
   sei1_dist |  -1.93e-06   5.14e-06    -0.38   0.707     -.000012    8.14e-06
sei1_dist_sq |   9.49e-10   2.50e-10     3.80   0.000     4.60e-10    1.44e-09
------------------------------------------------------------------------------

. *clogit, or
. 
. * generate predicted probabilities of household destination choices
. predict phat
(option pc1 assumed; probability of success given one success within group)

. 
. * save data with predictions
. export delim using "/home/bbellman/census-linking/data/for_models/dc-final-pr
> eds/obsv2-black-30-preds.csv", replace
(note: file /home/bbellman/census-linking/data/for_models/dc-final-preds/obsv2-
> black-30-preds.csv not found)
file /home/bbellman/census-linking/data/for_models/dc-final-preds/obsv2-black-3
> 0-preds.csv saved

. 
. * load example data
. import delim using "/home/bbellman/census-linking/data/for_models/dc-pred-exa
> mples-final.csv", clear
(37 vars, 2,640 obs)

. 
. * predictions for hypothetical ED choice sets
. predict phat
(option pc1 assumed; probability of success given one success within group)

. predict phat2, pu0

. 
. * over-write model data with predictions attached
. export delim using "/home/bbellman/census-linking/data/for_models/dc-final-pr
> eds/ex2-black-30-preds.csv", replace
(note: file /home/bbellman/census-linking/data/for_models/dc-final-preds/ex2-bl
> ack-30-preds.csv not found)
file /home/bbellman/census-linking/data/for_models/dc-final-preds/ex2-black-30-
> preds.csv saved

. 
. 
. 
. 
. 
. 
. 
. 
. 
. 
. 
. *** Black sample, 1930-1940 movers
. 
. * load observed data
. import delim using "/home/bbellman/census-linking/data/for_models/final-phl_d
> iscrete_choice_black_40.csv", clear
(74 vars, 1,165,923 obs)

. duplicates drop

Duplicates in terms of all variables

(2,275 observations deleted)

. 
. * run conditional logit model
. clogit choice dest_ed_pct_black dest_ed_pct_black_sq bla1_pblack_ed bla1_pbla
> ck_ed_sq sei1_pblack_ed sei1_pblack_ed_sq dest_ed_mean_sei dest_ed_mean_sei_s
> q bla1_msei_ed bla1_msei_ed_sq sei1_msei_ed sei1_msei_ed_sq dist dist_sq bla1
> _dist bla1_dist_sq sei1_dist sei1_dist_sq, group(serial1)

Iteration 0:   log likelihood = -16258.364  
Iteration 1:   log likelihood = -16186.311  
Iteration 2:   log likelihood = -16185.517  
Iteration 3:   log likelihood = -16185.514  
Iteration 4:   log likelihood = -16185.514  

Conditional (fixed-effects) logistic regression

                                                Number of obs     =  1,163,648
                                                LR chi2(16)       =   27552.04
                                                Prob > chi2       =     0.0000
Log likelihood = -16185.514                     Pseudo R2         =     0.4598

------------------------------------------------------------------------------
      choice |      Coef.   Std. Err.      z    P>|z|     [95% Conf. Interval]
-------------+----------------------------------------------------------------
dest_ed_pc~k |   .1270968   .0091262    13.93   0.000     .1092098    .1449839
dest_ed~k_sq |  -.0012456   .0000869   -14.34   0.000    -.0014159   -.0010753
bla1_pblac~d |  -.0005439   .0000795    -6.84   0.000    -.0006997   -.0003881
bla1_pblac~q |   8.12e-06   7.36e-07    11.04   0.000     6.68e-06    9.57e-06
sei1_pblac~d |  -.0005739   .0006877    -0.83   0.404    -.0019218     .000774
sei1_pblac~q |   .0000217   6.46e-06     3.36   0.001     9.07e-06    .0000344
dest_ed_me~i |  -.1769079   .0622351    -2.84   0.004    -.2988865   -.0549294
dest_ed_me~q |  -.0009763   .0020119    -0.49   0.627    -.0049195    .0029669
bla1_msei_ed |   .0005061   .0006199     0.82   0.414    -.0007088     .001721
bla1_msei_~q |   .0000152   .0000212     0.72   0.471    -.0000262    .0000567
sei1_msei_ed |    .019835   .0038676     5.13   0.000     .0122546    .0274154
sei1_msei_~q |  -.0001519   .0001036    -1.47   0.143    -.0003549    .0000512
        dist |  -.0008612   .0000575   -14.98   0.000    -.0009739   -.0007486
     dist_sq |   1.40e-08   2.73e-09     5.12   0.000     8.64e-09    1.93e-08
   bla1_dist |  -1.40e-07   5.03e-07    -0.28   0.781    -1.13e-06    8.46e-07
bla1_dist_sq |   1.06e-10   3.01e-11     3.53   0.000     4.73e-11    1.65e-10
   sei1_dist |  -.0000113   4.31e-06    -2.62   0.009    -.0000197   -2.84e-06
sei1_dist_sq |   1.43e-09   1.86e-10     7.68   0.000     1.06e-09    1.79e-09
------------------------------------------------------------------------------

. *clogit, or
. 
. * generate predicted probabilities of household destination choices
. predict phat
(option pc1 assumed; probability of success given one success within group)

. 
. * save data with predictions
. export delim using "/home/bbellman/census-linking/data/for_models/dc-final-pr
> eds/obsv2-black-40-preds.csv", replace
(note: file /home/bbellman/census-linking/data/for_models/dc-final-preds/obsv2-
> black-40-preds.csv not found)
file /home/bbellman/census-linking/data/for_models/dc-final-preds/obsv2-black-4
> 0-preds.csv saved

. 
. * load example data
. import delim using "/home/bbellman/census-linking/data/for_models/dc-pred-exa
> mples-final.csv", clear
(37 vars, 2,640 obs)

. 
. * predictions for hypothetical ED choice sets
. predict phat
(option pc1 assumed; probability of success given one success within group)

. predict phat2, pu0

. 
. * over-write model data with predictions attached
. export delim using "/home/bbellman/census-linking/data/for_models/dc-final-pr
> eds/ex2-black-40-preds.csv", replace
(note: file /home/bbellman/census-linking/data/for_models/dc-final-preds/ex2-bl
> ack-40-preds.csv not found)
file /home/bbellman/census-linking/data/for_models/dc-final-preds/ex2-black-40-
> preds.csv saved

. 
. 
. 
. 
. 
. 
. 
. 
. 
. *************
. 
. 
. *** White immigrant sample, 1910-1920 movers
. 
. * load observed data
. import delim using "/home/bbellman/census-linking/data/for_models/final-phl_d
> iscrete_choice_wimm_20.csv", clear
(74 vars, 4,022,841 obs)

. duplicates drop

Duplicates in terms of all variables

(43,935 observations deleted)

. 
. * run conditional logit model
. clogit choice dest_ed_pct_black dest_ed_pct_black_sq bla1_pblack_ed bla1_pbla
> ck_ed_sq sei1_pblack_ed sei1_pblack_ed_sq dest_ed_mean_sei dest_ed_mean_sei_s
> q bla1_msei_ed bla1_msei_ed_sq sei1_msei_ed sei1_msei_ed_sq dist dist_sq bla1
> _dist bla1_dist_sq sei1_dist sei1_dist_sq, group(serial1)

Iteration 0:   log likelihood = -86976.587  
Iteration 1:   log likelihood = -86517.015  
Iteration 2:   log likelihood =  -86497.84  
Iteration 3:   log likelihood = -86456.297  
Iteration 4:   log likelihood = -86454.899  
Iteration 5:   log likelihood = -86454.618  
Iteration 6:   log likelihood = -86454.492  
Iteration 7:   log likelihood = -86454.479  
Iteration 8:   log likelihood = -86454.479  

Conditional (fixed-effects) logistic regression

                                                Number of obs     =  3,978,906
                                                LR chi2(16)       =   53023.44
                                                Prob > chi2       =     0.0000
Log likelihood = -86454.479                     Pseudo R2         =     0.2347

------------------------------------------------------------------------------
      choice |      Coef.   Std. Err.      z    P>|z|     [95% Conf. Interval]
-------------+----------------------------------------------------------------
dest_ed_pc~k |  -.0485832   .0074216    -6.55   0.000    -.0631293   -.0340371
dest_ed~k_sq |   .0001296   .0001207     1.07   0.283    -.0001069    .0003662
bla1_pblac~d |   .0018894   .0001172    16.12   0.000     .0016597    .0021191
bla1_pblac~q |  -.0000161   1.64e-06    -9.77   0.000    -.0000193   -.0000128
sei1_pblac~d |   .0003583   .0005392     0.66   0.506    -.0006985    .0014152
sei1_pblac~q |   .0000104   8.90e-06     1.16   0.245    -7.10e-06    .0000278
dest_ed_me~i |  -.3269864   .0552445    -5.92   0.000    -.4352637   -.2187091
dest_ed_me~q |  -.0061185   .0022998    -2.66   0.008     -.010626   -.0016111
bla1_msei_ed |  -.0043303   .0011474    -3.77   0.000    -.0065791   -.0020815
bla1_msei_~q |   .0002207   .0000472     4.68   0.000     .0001282    .0003133
sei1_msei_ed |   .0670787   .0042735    15.70   0.000     .0587028    .0754546
sei1_msei_~q |  -.0012648   .0001679    -7.53   0.000    -.0015939   -.0009357
        dist |  -.0008461   .0000251   -33.74   0.000    -.0008953    -.000797
     dist_sq |   2.25e-08   1.33e-09    16.90   0.000     1.98e-08    2.51e-08
   bla1_dist |   6.22e-06   6.68e-07     9.31   0.000     4.91e-06    7.53e-06
bla1_dist_sq |  -3.59e-10   4.65e-11    -7.73   0.000    -4.50e-10   -2.68e-10
   sei1_dist |  -5.74e-06   1.85e-06    -3.10   0.002    -9.36e-06   -2.11e-06
sei1_dist_sq |   9.23e-10   9.38e-11     9.84   0.000     7.40e-10    1.11e-09
------------------------------------------------------------------------------

. *clogit, or
. 
. * generate predicted probabilities of household destination choices
. predict phat
(option pc1 assumed; probability of success given one success within group)

. 
. * save data with predictions
. export delim using "/home/bbellman/census-linking/data/for_models/dc-final-pr
> eds/obsv2-wimm-20-preds.csv", replace
(note: file /home/bbellman/census-linking/data/for_models/dc-final-preds/obsv2-
> wimm-20-preds.csv not found)
file /home/bbellman/census-linking/data/for_models/dc-final-preds/obsv2-wimm-20
> -preds.csv saved

. 
. * load example data
. import delim using "/home/bbellman/census-linking/data/for_models/dc-pred-exa
> mples-final.csv", clear
(37 vars, 2,640 obs)

. 
. * predictions for hypothetical ED choice sets
. predict phat
(option pc1 assumed; probability of success given one success within group)

. predict phat2, pu0

. 
. * over-write model data with predictions attached
. export delim using "/home/bbellman/census-linking/data/for_models/dc-final-pr
> eds/ex2-wimm-20-preds.csv", replace
(note: file /home/bbellman/census-linking/data/for_models/dc-final-preds/ex2-wi
> mm-20-preds.csv not found)
file /home/bbellman/census-linking/data/for_models/dc-final-preds/ex2-wimm-20-p
> reds.csv saved

. 
. 
. 
. 
. 
. 
. 
. 
. 
. 
. *** White immigrant sample, 1920-1930 movers
. 
. * load observed data
. import delim using "/home/bbellman/census-linking/data/for_models/final-phl_d
> iscrete_choice_wimm_30.csv", clear
(74 vars, 2,271,714 obs)

. duplicates drop

Duplicates in terms of all variables

(16,567 observations deleted)

. 
. * run conditional logit model
. clogit choice dest_ed_pct_black dest_ed_pct_black_sq bla1_pblack_ed bla1_pbla
> ck_ed_sq sei1_pblack_ed sei1_pblack_ed_sq dest_ed_mean_sei dest_ed_mean_sei_s
> q bla1_msei_ed bla1_msei_ed_sq sei1_msei_ed sei1_msei_ed_sq dist dist_sq bla1
> _dist bla1_dist_sq sei1_dist sei1_dist_sq, group(serial1)

Iteration 0:   log likelihood = -67809.884  
Iteration 1:   log likelihood = -67084.151  
Iteration 2:   log likelihood = -66840.999  
Iteration 3:   log likelihood = -66762.323  
Iteration 4:   log likelihood = -66761.127  
Iteration 5:   log likelihood = -66761.127  

Conditional (fixed-effects) logistic regression

                                                Number of obs     =  2,255,147
                                                LR chi2(16)       =   43160.45
                                                Prob > chi2       =     0.0000
Log likelihood = -66761.127                     Pseudo R2         =     0.2443

------------------------------------------------------------------------------
      choice |      Coef.   Std. Err.      z    P>|z|     [95% Conf. Interval]
-------------+----------------------------------------------------------------
dest_ed_pc~k |  -.0196421   .0055137    -3.56   0.000    -.0304488   -.0088355
dest_ed~k_sq |   -.000396   .0000845    -4.69   0.000    -.0005615   -.0002304
bla1_pblac~d |   .0011391   .0000874    13.04   0.000     .0009679    .0013103
bla1_pblac~q |  -6.86e-06   1.11e-06    -6.20   0.000    -9.03e-06   -4.69e-06
sei1_pblac~d |  -.0016238   .0005077    -3.20   0.001    -.0026188   -.0006288
sei1_pblac~q |   .0000542   7.64e-06     7.10   0.000     .0000393    .0000692
dest_ed_me~i |  -.6472653   .0403317   -16.05   0.000     -.726314   -.5682166
dest_ed_me~q |   .0090408   .0016181     5.59   0.000     .0058693    .0122123
bla1_msei_ed |   .0007392   .0009755     0.76   0.449    -.0011728    .0026512
bla1_msei_~q |   .0000115   .0000378     0.30   0.762    -.0000627    .0000856
sei1_msei_ed |   .1251758   .0041756    29.98   0.000     .1169918    .1333598
sei1_msei_~q |  -.0031345   .0001555   -20.15   0.000    -.0034393   -.0028297
        dist |  -.0010538   .0000197   -53.53   0.000    -.0010924   -.0010153
     dist_sq |   3.36e-08   1.02e-09    32.94   0.000     3.16e-08    3.56e-08
   bla1_dist |   3.63e-06   4.81e-07     7.54   0.000     2.68e-06    4.57e-06
bla1_dist_sq |  -2.15e-10   2.87e-11    -7.49   0.000    -2.71e-10   -1.59e-10
   sei1_dist |   .0000291   1.75e-06    16.58   0.000     .0000256    .0000325
sei1_dist_sq |  -7.04e-10   9.07e-11    -7.77   0.000    -8.82e-10   -5.26e-10
------------------------------------------------------------------------------

. *clogit, or
. 
. * generate predicted probabilities of household destination choices
. predict phat
(option pc1 assumed; probability of success given one success within group)

. 
. * save data with predictions
. export delim using "/home/bbellman/census-linking/data/for_models/dc-final-pr
> eds/obsv2-wimm-30-preds.csv", replace
(note: file /home/bbellman/census-linking/data/for_models/dc-final-preds/obsv2-
> wimm-30-preds.csv not found)
file /home/bbellman/census-linking/data/for_models/dc-final-preds/obsv2-wimm-30
> -preds.csv saved

. 
. * load example data
. import delim using "/home/bbellman/census-linking/data/for_models/dc-pred-exa
> mples-final.csv", clear
(37 vars, 2,640 obs)

. 
. * predictions for hypothetical ED choice sets
. predict phat
(option pc1 assumed; probability of success given one success within group)

. predict phat2, pu0

. 
. * over-write model data with predictions attached
. export delim using "/home/bbellman/census-linking/data/for_models/dc-final-pr
> eds/ex2-wimm-30-preds.csv", replace
(note: file /home/bbellman/census-linking/data/for_models/dc-final-preds/ex2-wi
> mm-30-preds.csv not found)
file /home/bbellman/census-linking/data/for_models/dc-final-preds/ex2-wimm-30-p
> reds.csv saved

. 
. 
. 
. 
. 
. 
. 
. 
. 
. 
. 
. *** White immigrant sample, 1930-1940 movers
. 
. * load observed data
. import delim using "/home/bbellman/census-linking/data/for_models/final-phl_d
> iscrete_choice_wimm_40.csv", clear
(74 vars, 4,498,143 obs)

. duplicates drop

Duplicates in terms of all variables

(4,563 observations deleted)

. 
. * run conditional logit model
. clogit choice dest_ed_pct_black dest_ed_pct_black_sq bla1_pblack_ed bla1_pbla
> ck_ed_sq sei1_pblack_ed sei1_pblack_ed_sq dest_ed_mean_sei dest_ed_mean_sei_s
> q bla1_msei_ed bla1_msei_ed_sq sei1_msei_ed sei1_msei_ed_sq dist dist_sq bla1
> _dist bla1_dist_sq sei1_dist sei1_dist_sq, group(serial1)

Iteration 0:   log likelihood = -73548.424  
Iteration 1:   log likelihood = -72500.145  
Iteration 2:   log likelihood = -72467.717  
Iteration 3:   log likelihood = -72467.644  
Iteration 4:   log likelihood = -72467.644  

Conditional (fixed-effects) logistic regression

                                                Number of obs     =  4,493,580
                                                LR chi2(16)       =   86407.98
                                                Prob > chi2       =     0.0000
Log likelihood = -72467.644                     Pseudo R2         =     0.3735

------------------------------------------------------------------------------
      choice |      Coef.   Std. Err.      z    P>|z|     [95% Conf. Interval]
-------------+----------------------------------------------------------------
dest_ed_pc~k |  -.0528792   .0059651    -8.86   0.000    -.0645706   -.0411879
dest_ed~k_sq |  -.0002971   .0000863    -3.44   0.001    -.0004662    -.000128
bla1_pblac~d |   .0016118   .0000741    21.75   0.000     .0014666    .0017571
bla1_pblac~q |  -8.64e-06   8.82e-07    -9.79   0.000    -.0000104   -6.91e-06
sei1_pblac~d |   .0023626   .0004912     4.81   0.000     .0013998    .0033254
sei1_pblac~q |   .0000238   6.94e-06     3.42   0.001     .0000102    .0000374
dest_ed_me~i |  -.4987463   .0342308   -14.57   0.000    -.5658374   -.4316551
dest_ed_me~q |   .0011541   .0010433     1.11   0.269    -.0008908     .003199
bla1_msei_ed |  -.0007346   .0005342    -1.38   0.169    -.0017817    .0003125
bla1_msei_~q |   .0000845   .0000151     5.58   0.000     .0000549    .0001142
sei1_msei_ed |     .08102   .0028316    28.61   0.000     .0754702    .0865698
sei1_msei_~q |  -.0012102   .0000771   -15.69   0.000    -.0013614   -.0010591
        dist |  -.0016869    .000024   -70.23   0.000     -.001734   -.0016399
     dist_sq |   5.52e-08   1.04e-09    53.27   0.000     5.32e-08    5.72e-08
   bla1_dist |   8.47e-06   4.12e-07    20.53   0.000     7.66e-06    9.27e-06
bla1_dist_sq |  -3.80e-10   1.96e-11   -19.43   0.000    -4.19e-10   -3.42e-10
   sei1_dist |   .0000447   1.82e-06    24.55   0.000     .0000411    .0000482
sei1_dist_sq |  -1.26e-09   7.88e-11   -15.96   0.000    -1.41e-09   -1.10e-09
------------------------------------------------------------------------------

. *clogit, or
. 
. * generate predicted probabilities of household destination choices
. predict phat
(option pc1 assumed; probability of success given one success within group)

. 
. * save data with predictions
. export delim using "/home/bbellman/census-linking/data/for_models/dc-final-pr
> eds/obsv2-wimm-40-preds.csv", replace
(note: file /home/bbellman/census-linking/data/for_models/dc-final-preds/obsv2-
> wimm-40-preds.csv not found)
file /home/bbellman/census-linking/data/for_models/dc-final-preds/obsv2-wimm-40
> -preds.csv saved

. 
. * load example data
. import delim using "/home/bbellman/census-linking/data/for_models/dc-pred-exa
> mples-final.csv", clear
(37 vars, 2,640 obs)

. 
. * predictions for hypothetical ED choice sets
. predict phat
(option pc1 assumed; probability of success given one success within group)

. predict phat2, pu0

. 
. * over-write model data with predictions attached
. export delim using "/home/bbellman/census-linking/data/for_models/dc-final-pr
> eds/ex2-wimm-40-preds.csv", replace
(note: file /home/bbellman/census-linking/data/for_models/dc-final-preds/ex2-wi
> mm-40-preds.csv not found)
file /home/bbellman/census-linking/data/for_models/dc-final-preds/ex2-wimm-40-p
> reds.csv saved

. 
. 
. 
. 
. 
. 
. 
. 
. 
. ************
. 
. *** White native-born sample, 1910-1920 movers
. 
. * load observed data
. import delim using "/home/bbellman/census-linking/data/for_models/final-phl_d
> iscrete_choice_wnb_20.csv", clear
(74 vars, 7,456,583 obs)

. duplicates drop

Duplicates in terms of all variables

(95,340 observations deleted)

. 
. * run conditional logit model
. clogit choice dest_ed_pct_black dest_ed_pct_black_sq bla1_pblack_ed bla1_pbla
> ck_ed_sq sei1_pblack_ed sei1_pblack_ed_sq dest_ed_mean_sei dest_ed_mean_sei_s
> q bla1_msei_ed bla1_msei_ed_sq sei1_msei_ed sei1_msei_ed_sq dist dist_sq bla1
> _dist bla1_dist_sq sei1_dist sei1_dist_sq, group(serial1)

Iteration 0:   log likelihood = -143269.62  
Iteration 1:   log likelihood = -141928.67  
Iteration 2:   log likelihood = -141849.52  
Iteration 3:   log likelihood = -141848.51  
Iteration 4:   log likelihood = -141848.51  

Conditional (fixed-effects) logistic regression

                                                Number of obs     =  7,361,243
                                                LR chi2(16)       =  134303.14
                                                Prob > chi2       =     0.0000
Log likelihood = -141848.51                     Pseudo R2         =     0.3213

------------------------------------------------------------------------------
      choice |      Coef.   Std. Err.      z    P>|z|     [95% Conf. Interval]
-------------+----------------------------------------------------------------
dest_ed_pc~k |  -.0745195   .0071021   -10.49   0.000    -.0884393   -.0605997
dest_ed~k_sq |   .0001782   .0001379     1.29   0.196    -.0000921    .0004485
bla1_pblac~d |   .0026823   .0001161    23.11   0.000     .0024548    .0029099
bla1_pblac~q |  -.0000233   1.80e-06   -12.93   0.000    -.0000268   -.0000197
sei1_pblac~d |   .0022705   .0004523     5.02   0.000      .001384    .0031571
sei1_pblac~q |  -3.24e-06   8.83e-06    -0.37   0.714    -.0000205    .0000141
dest_ed_me~i |  -.1338981   .0396673    -3.38   0.001    -.2116447   -.0561515
dest_ed_me~q |  -.0146819   .0015837    -9.27   0.000     -.017786   -.0115778
bla1_msei_ed |  -.0026486   .0011298    -2.34   0.019     -.004863   -.0004341
bla1_msei_~q |   .0001795   .0000438     4.10   0.000     .0000937    .0002653
sei1_msei_ed |    .053994   .0027185    19.86   0.000     .0486657    .0593223
sei1_msei_~q |  -.0005955   .0001007    -5.91   0.000    -.0007928   -.0003982
        dist |  -.0012603   .0000208   -60.73   0.000     -.001301   -.0012196
     dist_sq |   3.20e-08   9.88e-10    32.39   0.000     3.01e-08    3.39e-08
   bla1_dist |   4.62e-06   6.30e-07     7.34   0.000     3.39e-06    5.86e-06
bla1_dist_sq |  -2.20e-10   3.98e-11    -5.52   0.000    -2.98e-10   -1.42e-10
   sei1_dist |   .0000124   1.37e-06     9.06   0.000     9.75e-06    .0000151
sei1_dist_sq |   5.15e-10   6.30e-11     8.18   0.000     3.92e-10    6.39e-10
------------------------------------------------------------------------------

. *clogit, or
. 
. * generate predicted probabilities of household destination choices
. predict phat
(option pc1 assumed; probability of success given one success within group)

. 
. * save data with predictions
. export delim using "/home/bbellman/census-linking/data/for_models/dc-final-pr
> eds/obsv2-wnb-20-preds.csv", replace
(note: file /home/bbellman/census-linking/data/for_models/dc-final-preds/obsv2-
> wnb-20-preds.csv not found)
file /home/bbellman/census-linking/data/for_models/dc-final-preds/obsv2-wnb-20-
> preds.csv saved

. 
. * load example data
. import delim using "/home/bbellman/census-linking/data/for_models/dc-pred-exa
> mples-final.csv", clear
(37 vars, 2,640 obs)

. 
. * predictions for hypothetical ED choice sets
. predict phat
(option pc1 assumed; probability of success given one success within group)

. predict phat2, pu0

. 
. * over-write model data with predictions attached
. export delim using "/home/bbellman/census-linking/data/for_models/dc-final-pr
> eds/ex2-wnb-20-preds.csv", replace
(note: file /home/bbellman/census-linking/data/for_models/dc-final-preds/ex2-wn
> b-20-preds.csv not found)
file /home/bbellman/census-linking/data/for_models/dc-final-preds/ex2-wnb-20-pr
> eds.csv saved

. 
. 
. 
. 
. 
. 
. 
. 
. *** White native-born sample, 1920-1930 movers
. 
. * load observed data
. import delim using "/home/bbellman/census-linking/data/for_models/final-phl_d
> iscrete_choice_wnb_30.csv", clear
(74 vars, 3,787,268 obs)

. duplicates drop

Duplicates in terms of all variables

(48,846 observations deleted)

. 
. * run conditional logit model
. clogit choice dest_ed_pct_black dest_ed_pct_black_sq bla1_pblack_ed bla1_pbla
> ck_ed_sq sei1_pblack_ed sei1_pblack_ed_sq dest_ed_mean_sei dest_ed_mean_sei_s
> q bla1_msei_ed bla1_msei_ed_sq sei1_msei_ed sei1_msei_ed_sq dist dist_sq bla1
> _dist bla1_dist_sq sei1_dist sei1_dist_sq, group(serial1)

Iteration 0:   log likelihood = -104305.09  
Iteration 1:   log likelihood = -103596.73  
Iteration 2:   log likelihood = -103556.27  
Iteration 3:   log likelihood = -103555.29  
Iteration 4:   log likelihood = -103555.29  

Conditional (fixed-effects) logistic regression

                                                Number of obs     =  3,738,422
                                                LR chi2(16)       =   85792.60
                                                Prob > chi2       =     0.0000
Log likelihood = -103555.29                     Pseudo R2         =     0.2929

------------------------------------------------------------------------------
      choice |      Coef.   Std. Err.      z    P>|z|     [95% Conf. Interval]
-------------+----------------------------------------------------------------
dest_ed_pc~k |  -.0681908   .0054601   -12.49   0.000    -.0788925   -.0574892
dest_ed~k_sq |   .0002012   .0000893     2.25   0.024     .0000262    .0003763
bla1_pblac~d |   .0014143   .0000933    15.17   0.000     .0012315    .0015971
bla1_pblac~q |  -1.00e-05   1.28e-06    -7.80   0.000    -.0000125   -7.49e-06
sei1_pblac~d |    .002162   .0004359     4.96   0.000     .0013077    .0030163
sei1_pblac~q |   2.82e-06   7.10e-06     0.40   0.691    -.0000111    .0000167
dest_ed_me~i |   .1128001   .0372516     3.03   0.002     .0397883     .185812
dest_ed_me~q |  -.0167342   .0013775   -12.15   0.000     -.019434   -.0140344
bla1_msei_ed |  -.0038301    .000831    -4.61   0.000    -.0054588   -.0022015
bla1_msei_~q |   .0001916   .0000294     6.52   0.000      .000134    .0002492
sei1_msei_ed |   .0535402   .0031482    17.01   0.000     .0473697    .0597106
sei1_msei_~q |  -.0006595   .0001092    -6.04   0.000    -.0008734   -.0004455
        dist |  -.0011256   .0000166   -67.85   0.000    -.0011581   -.0010931
     dist_sq |   3.32e-08   7.89e-10    42.04   0.000     3.16e-08    3.47e-08
   bla1_dist |   4.92e-06   4.42e-07    11.15   0.000     4.06e-06    5.79e-06
bla1_dist_sq |  -2.06e-10   2.30e-11    -8.95   0.000    -2.51e-10   -1.61e-10
   sei1_dist |   .0000254   1.33e-06    19.06   0.000     .0000228    .0000281
sei1_dist_sq |  -3.87e-10   6.29e-11    -6.16   0.000    -5.10e-10   -2.64e-10
------------------------------------------------------------------------------

. *clogit, or
. 
. * generate predicted probabilities of household destination choices
. predict phat
(option pc1 assumed; probability of success given one success within group)

. 
. * save data with predictions
. export delim using "/home/bbellman/census-linking/data/for_models/dc-final-pr
> eds/obsv2-wnb-30-preds.csv", replace
(note: file /home/bbellman/census-linking/data/for_models/dc-final-preds/obsv2-
> wnb-30-preds.csv not found)
file /home/bbellman/census-linking/data/for_models/dc-final-preds/obsv2-wnb-30-
> preds.csv saved

. 
. * load example data
. import delim using "/home/bbellman/census-linking/data/for_models/dc-pred-exa
> mples-final.csv", clear
(37 vars, 2,640 obs)

. 
. * predictions for hypothetical ED choice sets
. predict phat
(option pc1 assumed; probability of success given one success within group)

. predict phat2, pu0

. 
. * over-write model data with predictions attached
. export delim using "/home/bbellman/census-linking/data/for_models/dc-final-pr
> eds/ex2-wnb-30-preds.csv", replace
(note: file /home/bbellman/census-linking/data/for_models/dc-final-preds/ex2-wn
> b-30-preds.csv not found)
file /home/bbellman/census-linking/data/for_models/dc-final-preds/ex2-wnb-30-pr
> eds.csv saved

. 
. 
. 
. 
. 
. 
. 
. 
. 
. 
. *** White native-born sample, 1930-1940 movers
. 
. * load observed data
. import delim using "/home/bbellman/census-linking/data/for_models/final-phl_d
> iscrete_choice_wnb_40.csv", clear
(74 vars, 8,661,000 obs)

. duplicates drop

Duplicates in terms of all variables

(14,706 observations deleted)

. 
. * run conditional logit model
. clogit choice dest_ed_pct_black dest_ed_pct_black_sq bla1_pblack_ed bla1_pbla
> ck_ed_sq sei1_pblack_ed sei1_pblack_ed_sq dest_ed_mean_sei dest_ed_mean_sei_s
> q bla1_msei_ed bla1_msei_ed_sq sei1_msei_ed sei1_msei_ed_sq dist dist_sq bla1
> _dist bla1_dist_sq sei1_dist sei1_dist_sq, group(serial1)

Iteration 0:   log likelihood = -134355.26  
Iteration 1:   log likelihood = -133309.65  
Iteration 2:   log likelihood =  -133288.6  
Iteration 3:   log likelihood = -133288.55  
Iteration 4:   log likelihood = -133288.55  

Conditional (fixed-effects) logistic regression

                                                Number of obs     =  8,646,294
                                                LR chi2(15)       =  178622.68
                                                Prob > chi2       =     0.0000
Log likelihood = -133288.55                     Pseudo R2         =     0.4012

------------------------------------------------------------------------------
      choice |      Coef.   Std. Err.      z    P>|z|     [95% Conf. Interval]
-------------+----------------------------------------------------------------
dest_ed_pc~k |  -.0528063   .0051889   -10.18   0.000    -.0629764   -.0426362
dest_ed~k_sq |  -.0001364   .0000786    -1.74   0.083    -.0002905    .0000176
bla1_pblac~d |   .0015625   .0000705    22.16   0.000     .0014244    .0017007
bla1_pblac~q |  -8.68e-06   8.63e-07   -10.06   0.000    -.0000104   -6.99e-06
sei1_pblac~d |   .0024003   .0003849     6.24   0.000     .0016459    .0031548
sei1_pblac~q |   6.87e-06   5.81e-06     1.18   0.237    -4.51e-06    .0000183
dest_ed_me~i |  -.1368916   .0252879    -5.41   0.000    -.1864548   -.0873283
dest_ed_me~q |  -.0073023   .0007269   -10.05   0.000    -.0087271   -.0058775
bla1_msei_ed |  -.0023337    .000517    -4.51   0.000     -.003347   -.0013203
bla1_msei_~q |   .0001123   .0000148     7.61   0.000     .0000834    .0001412
sei1_msei_ed |   .0462085   .0018363    25.16   0.000     .0426093    .0498076
sei1_msei_~q |  -.0004061   .0000472    -8.60   0.000    -.0004986   -.0003136
        dist |   -.001316   .0000181   -72.55   0.000    -.0013516   -.0012805
     dist_sq |   3.77e-08   7.16e-10    52.59   0.000     3.63e-08    3.91e-08
   bla1_dist |   6.95e-06   3.61e-07    19.27   0.000     6.24e-06    7.65e-06
bla1_dist_sq |  -2.46e-10   1.45e-11   -17.00   0.000    -2.74e-10   -2.17e-10
   sei1_dist |   .0000106   1.33e-06     7.99   0.000     8.02e-06    .0000132
sei1_dist_sq |   1.91e-10   5.26e-11     3.63   0.000     8.80e-11    2.94e-10
------------------------------------------------------------------------------

. *clogit, or
. 
. * generate predicted probabilities of household destination choices
. predict phat
(option pc1 assumed; probability of success given one success within group)

. 
. * save data with predictions
. export delim using "/home/bbellman/census-linking/data/for_models/dc-final-pr
> eds/obsv2-wnb-40-preds.csv", replace
(note: file /home/bbellman/census-linking/data/for_models/dc-final-preds/obsv2-
> wnb-40-preds.csv not found)
file /home/bbellman/census-linking/data/for_models/dc-final-preds/obsv2-wnb-40-
> preds.csv saved

. 
. * load example data
. import delim using "/home/bbellman/census-linking/data/for_models/dc-pred-exa
> mples-final.csv", clear
(37 vars, 2,640 obs)

. 
. * predictions for hypothetical ED choice sets
. predict phat
(option pc1 assumed; probability of success given one success within group)

. predict phat2, pu0

. 
. * over-write model data with predictions attached
. export delim using "/home/bbellman/census-linking/data/for_models/dc-final-pr
> eds/ex2-wnb-40-preds.csv", replace
(note: file /home/bbellman/census-linking/data/for_models/dc-final-preds/ex2-wn
> b-40-preds.csv not found)
file /home/bbellman/census-linking/data/for_models/dc-final-preds/ex2-wnb-40-pr
> eds.csv saved

. 
. 
. 
. 
. 
. 
. log close
      name:  <unnamed>
       log:  /home/bbellman/census-linking/Stata/final/deadline-models2.log
  log type:  text
 closed on:  15 Aug 2019, 11:30:13
-------------------------------------------------------------------------------
